******************************************************************************
               TMS320C6x Linker PC v8.3.12                     
******************************************************************************
>> Linked Sat Apr 25 16:21:56 2026

OUTPUT FILE NAME:   <long_range_people_det_6843_dss.xe674>
ENTRY POINT SYMBOL: "_c_int00"  address: 007fabe0


MEMORY CONFIGURATION

         name            origin    length      used     unused   attr    fill
----------------------  --------  ---------  --------  --------  ----  --------
PAGE 0:
  L2SRAM_UMAP1          007e0000   00020000  0001f9c0  00000640  RWIX
  L2SRAM_UMAP0          00800000   00020000  0001c744  000038bc  RWIX
  L1PSRAM               00e00000   00004000  00000000  00004000  RWIX
  L1DSRAM               00f00000   00004000  00004000  00000000  RWIX
  L3SRAM                20000000   000bff00  000bff00  00000000  RWIX
  L3SRAM_CODE           200bff00   00000100  00000000  00000100  RWIX
  HWA_RAM               21030000   00010000  00000000  00010000  RWIX
  HSRAM                 21080000   00008000  00008000  00000000  RWIX

PAGE 1:
  L3SRAM                20000000   000bff00  00000000  000bff00  RWIX


SEGMENT ALLOCATION MAP

run origin  load origin   length   init length attrs members
----------  ----------- ---------- ----------- ----- -------
007e0000    007e0000    0001f9c0   0001f9c0    r-x
  007e0000    007e0000    00000200   00000200    r-x .vecs
  007e0200    007e0200    0001f7c0   0001f7c0    r-x .text
00800000    00800000    000181a8   00000000    rw-
  00800000    00800000    0000c400   00000000    rw- .dpc_l2Heap
  0080c400    0080c400    00008000   00000000    rw- systemHeap
  00814400    00814400    000035a4   00000000    rw- .far
  008179a4    008179a4    00000004   00000000    rw- .bss
  008179a8    008179a8    00000800   00000000    rw- .stack
008181a8    008181a8    00003468   00003468    r--
  008181a8    008181a8    00003468   00003468    r-- .const
0081b610    0081b610    00001068   00000f44    rw-
  0081b610    0081b610    00000f44   00000f44    rw- .fardata
  0081c558    0081c558    00000120   00000000    rw- .cio
0081c678    0081c678    000000c4   000000c4    r--
  0081c678    0081c678    000000c4   000000c4    r-- .switch
0081c73c    0081c73c    0000000c   0000000c    rw-
  0081c73c    0081c73c    0000000c   0000000c    rw- .neardata
00f00000    00f00000    00004000   00000000    rw-
  00f00000    00f00000    00004000   00000000    rw- .dpc_l1Heap
20000000    20000000    000bff00   00000000    rw-
  20000000    20000000    000bff00   00000000    rw- .l3ram
21080000    21080000    00008000   00000000    rw-
  21080000    21080000    00008000   00000000    rw- .demoSharedMem


SECTION ALLOCATION MAP

 output                                  attributes/
section   page    origin      length       input sections
--------  ----  ----------  ----------   ----------------
.vecs      0    007e0000    00000200     
                  007e0000    00000200     mmw_dss_pe674.oe674 (.vecs)

.text      0    007e0200    0001f7c0     
                  007e0200    00000ba0     sysbios.ae674 : BIOS.obj (.text:xdc_runtime_System_doPrint__I)
                  007e0da0    00000960     libaoaproc_dsp_xwr68xx.ae674 : aoaprocdsp.oe674 (.text:AoAProcDSP_processMultipleVirtualAntennas)
                  007e1700    00000800     objectdetection.oe674 (.text:DPC_ObjectDetection_ioctl)
                  007e1f00    00000780     sysbios.ae674 : BIOS.obj (.text:ti_sysbios_family_c64p_Exception_handler__I)
                  007e2680    000006a0     libmmwavealg_xwr68xx.ae674 : mmwavelib_cfarca_sogo.oe674 (.text:mmwavelib_cfarCadB_SOGO_wNoise)
                  007e2d20    000006a0     sysbios.ae674 : BIOS.obj (.text:ti_sysbios_knl_Semaphore_pend__E)
                  007e33c0    00000680                   : BIOS.obj (.text:ti_sysbios_heaps_HeapMem_allocUnprotected__E)
                  007e3a40    00000660                   : BIOS.obj (.text:ti_sysbios_heaps_HeapMem_freeUnprotected__E)
                  007e40a0    00000600     rts6740_elf.lib : divd.c.obj (.text:__c6xabi_divd)
                  007e46a0    000005c0     libdopplerproc_dsp_xwr68xx.ae674 : dopplerprocdsp.oe674 (.text:DPU_DopplerProcDSP_process)
                  007e4c60    00000580     libmmwavealg_xwr68xx.ae674 : mmwavelib_peakpruning.oe674 (.text:mmwavelib_cfarPeakQualifiedInOrderPruning)
                  007e51e0    00000580     sysbios.ae674 : BIOS.obj (.text:ti_sysbios_knl_Task_Instance_finalize__E)
                  007e5760    00000560     libaoaproc_dsp_xwr68xx.ae674 : aoaprocdsp.oe674 (.text:DPU_AoAProcDSP_config)
                  007e5cc0    00000500     objectdetection.oe674 (.text:DPC_ObjDetDSP_preStartConfig)
                  007e61c0    00000500     dss_main.oe674 (.text:MmwDemo_DPC_ObjectDetection_dpmTask)
                  007e66c0    000004e0     libmmwavealg_xwr68xx.ae674 : mmwavelib_windowcoef_gen.oe674 (.text:mmwavelib_windowCoef_gen)
                  007e6ba0    000004a0     objectdetection.oe674 (.text:DPC_ObjDetDSP_AoAconfig)
                  007e7040    000004a0     libdopplerproc_dsp_xwr68xx.ae674 : dopplerprocdsp.oe674 (.text:DPU_DopplerProcDSP_config)
                  007e74e0    00000460     libmmwavealg_xwr68xx.ae674 : mmwavelib_cfarca.oe674 (.text:mmwavelib_cfarCadBwrap_wNoise)
                  007e7940    00000440     libcfarcaproc_dsp_xwr68xx.ae674 : cfarcaprocdsp.oe674 (.text:CFARCADSP_processRangeDomain)
                  007e7d80    00000440     sysbios.ae674 : BIOS.obj (.text:ti_sysbios_knl_Task_Instance_init__E)
                  007e81c0    00000420     libmailbox_xwr68xx.ae674 : mailbox.oe674 (.text:Mailbox_open)
                  007e85e0    00000400     libaoaproc_dsp_xwr68xx.ae674 : aoaprocdsp.oe674 (.text:AoAProcDSP_RangeAzimuthHeatmap)
                  007e89e0    000003e0     libmmwavealg_xwr68xx.ae674 : mmwavelib_peakpruning.oe674 (.text:mmwavelib_cfarPeakPruning)
                  007e8dc0    000003e0     sysbios.ae674 : BIOS.obj (.text:ti_sysbios_knl_Task_sleep__E)
                  007e91a0    000003c0                   : BIOS.obj (.text:ti_sysbios_utils_Load_updateThreadContexts__E)
                  007e9560    000003a0     libcfarcaproc_dsp_xwr68xx.ae674 : cfarcaprocdsp.oe674 (.text:DPU_CFARCAProcDSP_process)
                  007e9900    000003a0     libedma_xwr68xx.ae674 : edma.oe674 (.text:EDMA_paramConfig_assist)
                  007e9ca0    00000380     dsplib.ae64P : DSP_fft32x32_sa.oe64P (.text:psa)
                  007ea020    00000360     libdpm_xwr68xx.ae674 : dpm_core.oe674 (.text:DPM_init)
                  007ea380    00000360                          : dpm_msg.oe674 (.text:DPM_msgRecv)
                  007ea6e0    00000340     libcfarcaproc_dsp_xwr68xx.ae674 : cfarcaprocdsp.oe674 (.text:CFARCADSP_processDopplerDomain)
                  007eaa20    00000320     libaoaproc_dsp_xwr68xx.ae674 : aoaprocdsp.oe674 (.text:AoAProcDSP_XYZestimation)
                  007ead40    00000320     libedma_xwr68xx.ae674 : edma.oe674 (.text:EDMA_configChannel)
                  007eb060    00000300     rts6740_elf.lib : cos.c.obj (.text:cos)
                  007eb360    00000300     sysbios.ae674 : BIOS.obj (.text:xdc_runtime_LoggerBuf_write8__E)
                  007eb660    000002e0     rts6740_elf.lib : sin.c.obj (.text:sin)
                  007eb940    000002e0     sysbios.ae674 : BIOS.obj (.text:ti_sysbios_heaps_HeapMem_Instance_init__E)
                  007ebc20    000002e0                   : BIOS.obj (.text:xdc_runtime_Core_createObject__I)
                  007ebf00    000002c0     libaoaproc_dsp_xwr68xx.ae674 : aoaprocdsp.oe674 (.text:AoAProcDSP_dopplerCompensation)
                  007ec1c0    000002c0     objectdetection.oe674 (.text:DPC_ObjectDetection_execute)
                  007ec480    000002c0     libedma_xwr68xx.ae674 : edma.oe674 (.text:EDMA_configErrorMonitoring)
                  007ec740    000002c0                           : edma.oe674 (.text:EDMA_open)
                  007eca00    000002c0     sysbios.ae674 : BIOS.obj (.text:ti_sysbios_knl_Task_postInit__I)
                  007eccc0    000002c0                   : BIOS.obj (.text:ti_sysbios_timers_rti_Timer_Module_startup__E)
                  007ecf80    000002a0     objectdetection.oe674 (.text:DPC_ObjDetDSP_dopplerConfig)
                  007ed220    000002a0     libaoaproc_dsp_xwr68xx.ae674 : aoaprocdsp.oe674 (.text:DPU_AoAProcDSP_control)
                  007ed4c0    000002a0     rts6740_elf.lib : divf.c.obj (.text:__c6xabi_divf)
                  007ed760    000002a0     sysbios.ae674 : BIOS.obj (.text:ti_sysbios_family_c64p_EventCombiner_dispatch__E)
                  007eda00    000002a0                   : BIOS.obj (.text:ti_sysbios_timers_rti_Timer_getFreq__E)
                  007edca0    00000280     libcfarcaproc_dsp_xwr68xx.ae674 : cfarcaprocdsp.oe674 (.text:DPU_CFARCAProcDSP_config)
                  007edf20    00000280     sysbios.ae674 : BIOS.obj (.text:ti_sysbios_family_c64p_Cache_Module_startup__E)
                  007ee1a0    00000280                   : BIOS.obj (.text:xdc_runtime_Startup_startMods__I)
                  007ee420    00000260     dss_main.oe674 (.text:MmwDemo_dssInitTask)
                  007ee680    00000260     rts6740_elf.lib : imath64.c.obj (.text:__c6xabi_divull)
                  007ee8e0    00000260     sysbios.ae674 : BIOS.obj (.text:ti_sysbios_gates_GateMutex_enter__E)
                  007eeb40    00000260                   : BIOS.obj (.text:xdc_runtime_Error_policyDefault__E)
                  007eeda0    00000240     libcfarcaproc_dsp_xwr68xx.ae674 : cfarcaprocdsp.oe674 (.text:DPU_CFARCAProcDSP_control)
                  007eefe0    00000240     libedma_xwr68xx.ae674 : edma.oe674 (.text:EDMA_transferComplete_isr)
                  007ef220    00000240     sysbios.ae674 : BIOS.obj (.text:ti_sysbios_family_c64p_Exception_internalHandler__I)
                  007ef460    00000240     mmw_dss_pe674.oe674 (.text:xdc_runtime_System_printfExtend__I)
                  007ef6a0    00000220     libmailbox_xwr68xx.ae674 : mailbox.oe674 (.text:Mailbox_write)
                  007ef8c0    00000220     sysbios.ae674 : BIOS.obj (.text:ti_sysbios_family_c64p_EventCombiner_dispatchPlug__E)
                  007efae0    00000220                   : BIOS.obj (.text:ti_sysbios_family_c64p_EventCombiner_enableEvent__E)
                  007efd00    00000220                   : BIOS.obj (.text:xdc_runtime_LoggerBuf_write4__E)
                  007eff20    00000200     objectdetection.oe674 (.text:DPC_ObjDetDSP_CFARCAconfig)
                  007f0120    00000200     libdpm_xwr68xx.ae674 : dpm_msg.oe674 (.text:DPM_msgResultHandler)
                  007f0320    00000200     libaoaproc_dsp_xwr68xx.ae674 : aoaprocdsp.oe674 (.text:DPU_AoAProcDSP_process)
                  007f0520    00000200     sysbios.ae674 : c64p_Hwi_disp_always.obj (.text:_ti_sysbios_family_c64p_Hwi_dispatchAlways)
                  007f0720    00000200     rts6740_elf.lib : atan.c.obj (.text:atan)
                  007f0920    00000200     libmmwavealg_xwr68xx.ae674 : mmwavelib_log2abs.oe674 (.text:mmwavelib_log2Abs32)
                  007f0b20    00000200     sysbios.ae674 : BIOS.obj (.text:ti_sysbios_family_c64p_EventCombiner_disableEvent__E)
                  007f0d20    00000200                   : BIOS.obj (.text:ti_sysbios_utils_Load_idleFxn__E)
                  007f0f20    00000200                   : BIOS.obj (.text:xdc_runtime_Core_constructObject__I)
                  007f1120    000001e0     objectdetection.oe674 (.text:DPC_ObjectDetection_init)
                  007f1300    000001e0     libedma_xwr68xx.ae674 : edma.oe674 (.text:EDMA_init)
                  007f14e0    000001e0     libmmwavealg_xwr68xx.ae674 : mmwavelib_ffttwiddle_gen.oe674 (.text:mmwavelib_gen_twiddle_smallfft_32x32)
                  007f16c0    000001e0     sysbios.ae674 : BIOS.obj (.text:ti_sysbios_knl_Semaphore_post__E)
                  007f18a0    000001c0     libdpedma_hwa_xwr68xx.ae674 : dpedma.oe674 (.text:DPEDMA_configSyncAB)
                  007f1a60    000001c0                                 : dpedma.oe674 (.text:DPEDMA_configSyncA_singleFrame)
                  007f1c20    000001c0     libmailbox_xwr68xx.ae674 : mailbox.oe674 (.text:Mailbox_read)
                  007f1de0    000001c0     libsoc_xwr68xx.ae674 : soc.oe674 (.text:SOC_deregisterSysIntListener)
                  007f1fa0    000001c0     rts6740_elf.lib : atan2.c.obj (.text:atan2)
                  007f2160    000001c0                     : fputc.c.obj (.text:fputc)
                  007f2320    000001c0                     : frexp.c.obj (.text:frexp)
                  007f24e0    000001c0     libmmwavealg_xwr68xx.ae674 : mmwavelib_secondpeak.oe674 (.text:mmwavelib_secondPeakSearch)
                  007f26a0    000001c0     rts6740_elf.lib : setvbuf.c.obj (.text:setvbuf)
                  007f2860    000001c0     sysbios.ae674 : BIOS.obj (.text:ti_sysbios_knl_Swi_restoreHwi__E)
                  007f2a20    000001c0                   : BIOS.obj (.text:ti_sysbios_knl_Task_checkStacks__E)
                  007f2be0    000001c0                   : BIOS.obj (.text:xdc_runtime_Text_putSite__E)
                  007f2da0    000001a0     rts6740_elf.lib : hostrename.c.obj (.text:HOSTrename)
                  007f2f40    000001a0                     : asin.c.obj (.text:asin)
                  007f30e0    000001a0     sysbios.ae674 : BIOS.obj (.text:ti_sysbios_family_c64p_Cache_getL2InitSize__I)
                  007f3280    000001a0                   : BIOS.obj (.text:ti_sysbios_heaps_HeapBuf_Module_startup__E)
                  007f3420    000001a0                   : BIOS.obj (.text:ti_sysbios_knl_Swi_runLoop__I)
                  007f35c0    000001a0                   : BIOS.obj (.text:ti_sysbios_knl_Task_exit__E)
                  007f3760    000001a0                   : BIOS.obj (.text:ti_sysbios_timers_rti_Timer_startup__E)
                  007f3900    00000180     libdpm_xwr68xx.ae674 : dpm_core.oe674 (.text:DPM_deinit)
                  007f3a80    00000180                          : dpm_core.oe674 (.text:DPM_ioctl)
                  007f3c00    00000180     dss_main.oe674 (.text:MmwDemo_sensorStopEpilog)
                  007f3d80    00000180     sysbios.ae674 : c64p_Exception_asm.obj (.text)
                  007f3f00    00000180                   : BIOS.obj (.text:ti_sysbios_knl_Task_schedule__I)
                  007f4080    00000180                   : BIOS.obj (.text:ti_sysbios_utils_Load_startup__E)
                  007f4200    00000160     libdpm_xwr68xx.ae674 : dpm_msg.oe674 (.text:DPM_msgResponseHandler)
                  007f4360    00000160     libedma_xwr68xx.ae674 : edma.oe674 (.text:EDMA_getErrorStatusInfo)
                  007f44c0    00000160     libmailbox_xwr68xx.ae674 : mailbox.oe674 (.text:Mailbox_close)
                  007f4620    00000160     libsoc_xwr68xx.ae674 : soc.oe674 (.text:SOC_registerSysIntListener)
                  007f4780    00000160                          : soc_xwr68xx.oe674 (.text:SOC_ungateClock)
                  007f48e0    00000160     rts6740_elf.lib : sqrt.c.obj (.text:sqrt)
                  007f4a40    00000160     sysbios.ae674 : BIOS.obj (.text:ti_sysbios_family_c64p_Cache_getL1DInitSize__I)
                  007f4ba0    00000160                   : BIOS.obj (.text:ti_sysbios_family_c64p_Cache_getL1PInitSize__I)
                  007f4d00    00000160                   : BIOS.obj (.text:xdc_runtime_Core_deleteObject__I)
                  007f4e60    00000160                   : BIOS.obj (.text:xdc_runtime_LoggerBuf_getFilterLevel__E)
                  007f4fc0    00000160                   : BIOS.obj (.text:xdc_runtime_LoggerBuf_setFilterLevel__E)
                  007f5120    00000140     libaoaproc_dsp_xwr68xx.ae674 : aoaprocdsp.oe674 (.text:AoAProcDSP_ConvertFov)
                  007f5260    00000140     libedma_xwr68xx.ae674 : edma_low_level.oe674 (.text:EDMA3Init)
                  007f53a0    00000140                           : edma.oe674 (.text:EDMA_clearErrors)
                  007f54e0    00000140     libsoc_xwr68xx.ae674 : soc.oe674 (.text:SOC_init)
                  007f5620    00000140     sysbios.ae674 : BIOS.obj (.text:ti_sysbios_family_c64p_Hwi_Module_startup__E)
                  007f5760    00000140                   : BIOS.obj (.text:ti_sysbios_knl_Semaphore_Instance_init__E)
                  007f58a0    00000140                   : BIOS.obj (.text:ti_sysbios_knl_Task_Module_startup__E)
                  007f59e0    00000140                   : BIOS.obj (.text:ti_sysbios_knl_Task_startCore__E)
                  007f5b20    00000140                   : BIOS.obj (.text:ti_sysbios_timers_rti_Timer_initDevice__I)
                  007f5c60    00000140                   : BIOS.obj (.text:ti_sysbios_utils_Load_updateLoads__E)
                  007f5da0    00000140                   : BIOS.obj (.text:xdc_runtime_Memory_alloc__E)
                  007f5ee0    00000140                   : BIOS.obj (.text:xdc_runtime_Text_putLab__E)
                  007f6020    00000140                   : BIOS.obj (.text:xdc_runtime_Text_putMod__E)
                  007f6160    00000140                   : BIOS.obj (.text:xdc_runtime_Text_visitRope2__I)
                  007f62a0    00000120     objectdetection.oe674 (.text:DPC_ObjDetDSP_GetRxChPhaseComp)
                  007f63c0    00000120     libdpm_xwr68xx.ae674 : dpm_msg.oe674 (.text:DPM_msgDPCCfgHandler)
                  007f64e0    00000120     libedma_xwr68xx.ae674 : edma.oe674 (.text:EDMA_configParamSet)
                  007f6600    00000120     dss_main.oe674 (.text:MmwDemo_DPC_ObjectDetection_reportFxn)
                  007f6720    00000120     boot.ae674 : autoinit.oe674 (.text:_auto_init_elf)
                  007f6840    00000120     rts6740_elf.lib : getdevice.c.obj (.text:getdevice)
                  007f6960    00000120     mathlib.ae674 : cossp.oe674 (.text:optasm)
                  007f6a80    00000120                   : sinsp.oe674 (.text:optasm)
                  007f6ba0    00000120     sysbios.ae674 : BIOS.obj (.text:ti_sysbios_knl_Clock_workFunc__E)
                  007f6cc0    00000120                   : BIOS.obj (.text:ti_sysbios_timers_rti_Timer_setPeriodMicroSecs__E)
                  007f6de0    00000120                   : BIOS.obj (.text:ti_sysbios_utils_Load_addTask__E)
                  007f6f00    00000120                   : BIOS.obj (.text:ti_sysbios_utils_Load_taskCreateHook__E)
                  007f7020    00000120                   : BIOS.obj (.text:ti_sysbios_utils_Load_taskDeleteHook__E)
                  007f7140    00000100     libmailbox_xwr68xx.ae674 : mailbox.oe674 (.text:Mailbox_readFlush)
                  007f7240    00000100     libsoc_xwr68xx.ae674 : soc_xwr68xx_dss.oe674 (.text:SOC_deviceInit)
                  007f7340    00000100                          : soc_xwr68xx.oe674 (.text:SOC_translateAddress)
                  007f7440    00000100     rts6740_elf.lib : fclose.c.obj (.text:__TI_closefile)
                  007f7540    00000100                     : fflush.c.obj (.text:fflush)
                  007f7640    00000100                     : fseek.c.obj (.text:fseek)
                  007f7740    00000100     dss_main.oe674 (.text:main)
                  007f7840    00000100     libmmwavealg_xwr68xx.ae674 : mmwavelib_dftsinglebin.oe674 (.text:mmwavelib_dftSinCosTabelGen)
                  007f7940    00000100     sysbios.ae674 : BIOS.obj (.text:xdc_runtime_Error_print__E)
                  007f7a40    00000100                   : BIOS.obj (.text:xdc_runtime_Startup_exec__E)
                  007f7b40    000000e0     objectdetection.oe674 (.text:DPC_ObjDetDSP_reconfigSubFrame)
                  007f7c20    000000e0     libdpm_xwr68xx.ae674 : dpm_core.oe674 (.text:DPM_execute)
                  007f7d00    000000e0                          : dpm_pipe.oe674 (.text:DPM_pipeSend)
                  007f7de0    000000e0     libedma_xwr68xx.ae674 : edma.oe674 (.text:EDMA_error_isr)
                  007f7ec0    000000e0                           : edma.oe674 (.text:EDMA_isTransferComplete)
                  007f7fa0    000000e0     rts6740_elf.lib : hostlseek.c.obj (.text:HOSTlseek)
                  007f8080    000000e0                     : hostopen.c.obj (.text:HOSTopen)
                  007f8160    000000e0                     : hostwrite.c.obj (.text:HOSTwrite)
                  007f8240    000000e0     libmailbox_xwr68xx.ae674 : mailbox.oe674 (.text:Mailbox_boxFullISRMssDss)
                  007f8320    000000e0                              : mailbox.oe674 (.text:Mailbox_init)
                  007f8400    000000e0     rts6740_elf.lib : _io_perm.c.obj (.text:__TI_wrt_ok)
                  007f84e0    000000e0                     : divi.asm.obj (.text:__divi)
                  007f85c0    000000e0                     : close.c.obj (.text:close)
                  007f86a0    000000e0                     : exit.c.obj (.text:exit)
                  007f8780    000000e0                     : memset.c.obj (.text:memset)
                  007f8860    000000e0     sysbios.ae674 : BIOS.obj (.text:ti_sysbios_utils_Load_updateCurrentThreadTime__E)
                  007f8940    000000c0     libaoaproc_dsp_xwr68xx.ae674 : aoaprocdsp.oe674 (.text:AoAProcDSP_computeHeatMapVal)
                  007f8a00    000000c0     libcfarcaproc_dsp_xwr68xx.ae674 : cfarcaprocdsp.oe674 (.text:CFARCADSP_saveConfiguration)
                  007f8ac0    000000c0     libdpm_xwr68xx.ae674 : dpm_mailbox.oe674 (.text:DPM_mboxRemoteMailboxCallbackFxn)
                  007f8b80    000000c0                          : dpm_core.oe674 (.text:DPM_sendResult)
                  007f8c40    000000c0     libdopplerproc_dsp_xwr68xx.ae674 : dopplerprocdsp.oe674 (.text:DPU_DopplerProcDSP_log2AbsAccum)
                  007f8d00    000000c0     libedma_xwr68xx.ae674 : edma.oe674 (.text:EDMA_startDmaTransfer)
                  007f8dc0    000000c0     rts6740_elf.lib : hostread.c.obj (.text:HOSTread)
                  007f8e80    000000c0                     : hostunlink.c.obj (.text:HOSTunlink)
                  007f8f40    000000c0     libmailbox_xwr68xx.ae674 : mailbox.oe674 (.text:Mailbox_boxFullISRProcessing)
                  007f9000    000000c0     dss_main.oe674 (.text:MmwDemo_edmaOpen)
                  007f90c0    000000c0     objectdetection.oe674 (.text:_DPC_Objdet_Assert)
                  007f9180    000000c0     rts6740_elf.lib : divu.asm.obj (.text:__divu)
                  007f9240    000000c0     libmmwavealg_xwr68xx.ae674 : mmwavelib_maxpow.oe674 (.text:mmwavelib_maxpow)
                  007f9300    000000c0                                : mmwavelib_maxpow.oe674 (.text:mmwavelib_powerAndMax)
                  007f93c0    000000c0     rts6740_elf.lib : modf.c.obj (.text:modf)
                  007f9480    000000c0     sysbios.ae674 : BIOS.obj (.text:ti_sysbios_family_c64p_Hwi_dispatchCore__I)
                  007f9540    000000c0                   : BIOS.obj (.text:ti_sysbios_heaps_HeapMem_alloc__E)
                  007f9600    000000c0                   : BIOS.obj (.text:ti_sysbios_heaps_HeapMem_getStats__E)
                  007f96c0    000000c0                   : BIOS.obj (.text:ti_sysbios_knl_Swi_schedule__I)
                  007f9780    000000c0                   : BIOS.obj (.text:ti_sysbios_knl_Task_allBlockedFunction__I)
                  007f9840    000000c0     mmw_dss_pe674.oe674 (.text:ti_sysbios_knl_Task_create)
                  007f9900    000000c0     sysbios.ae674 : BIOS.obj (.text:ti_sysbios_knl_Task_stat__E)
                  007f99c0    000000c0                   : BIOS.obj (.text:ti_sysbios_utils_Load_taskSwitchHook__E)
                  007f9a80    000000c0     rts6740_elf.lib : tls.c.obj (.text:tls:init:__TI_tls_init)
                  007f9b40    000000c0     sysbios.ae674 : BIOS.obj (.text:xdc_runtime_Assert_raise__I)
                  007f9c00    000000c0                   : BIOS.obj (.text:xdc_runtime_LoggerBuf_Instance_init__E)
                  007f9cc0    000000c0     mmw_dss_pe674.oe674 (.text:xdc_runtime_LoggerBuf_Object__create__S)
                  007f9d80    000000a0     libcfarcaproc_dsp_xwr68xx.ae674 : cfarcaprocdsp.oe674 (.text:CFARCADSP_configEDMARangeDomain)
                  007f9e20    000000a0                                     : cfarcaprocdsp.oe674 (.text:CFARCADSP_fovConvertDoppler)
                  007f9ec0    000000a0     objectdetection.oe674 (.text:DPC_ObjDetDSP_GenDopplerWindow)
                  007f9f60    000000a0     objectdetection.oe674 (.text:DPC_ObjectDetection_deinit)
                  007fa000    000000a0     objectdetection.oe674 (.text:DPC_ObjectDetection_frameStart)
                  007fa0a0    000000a0     objectdetection.oe674 (.text:DPC_ObjectDetection_start)
                  007fa140    000000a0     libdpedma_hwa_xwr68xx.ae674 : dpedma.oe674 (.text:DPEDMA_setup_shadow_link)
                  007fa1e0    000000a0     libdpm_xwr68xx.ae674 : dpm_mailbox.oe674 (.text:DPM_mboxInit)
                  007fa280    000000a0                          : dpm_msg.oe674 (.text:DPM_msgStartHandler)
                  007fa320    000000a0                          : dpm_msg.oe674 (.text:DPM_msgStopHandler)
                  007fa3c0    000000a0                          : dpm_core.oe674 (.text:DPM_notifyExecute)
                  007fa460    000000a0                          : dpm_pipe.oe674 (.text:DPM_pipeRecv)
                  007fa500    000000a0     libedma_xwr68xx.ae674 : edma_low_level.oe674 (.text:EDMA3EnableChInShadowReg)
                  007fa5a0    000000a0                           : edma.oe674 (.text:EDMA_disableChannel)
                  007fa640    000000a0                           : edma.oe674 (.text:EDMA_enableChannel)
                  007fa6e0    000000a0                           : edma.oe674 (.text:EDMA_transferController_error_isr)
                  007fa780    000000a0     rts6740_elf.lib : hostclose.c.obj (.text:HOSTclose)
                  007fa820    000000a0     libmailbox_xwr68xx.ae674 : mailbox.oe674 (.text:Mailbox_boxEmptyISRProcessing)
                  007fa8c0    000000a0     libsoc_xwr68xx.ae674 : soc.oe674 (.text:SOC_SystemISR)
                  007fa960    000000a0     rts6740_elf.lib : fopen.c.obj (.text:__TI_cleanup)
                  007faa00    000000a0                     : fflush.c.obj (.text:__TI_doflush)
                  007faaa0    000000a0                     : round.c.obj (.text:__c6xabi_nround)
                  007fab40    000000a0                     : remu.asm.obj (.text:__remu)
                  007fabe0    000000a0     boot.ae674 : boot.oe674 (.text:_c_int00)
                  007fac80    000000a0     rts6740_elf.lib : getdevice.c.obj (.text:finddevice)
                  007fad20    000000a0                     : memcpy64.asm.obj (.text:memcpy)
                  007fadc0    000000a0     libmmwavealg_xwr68xx.ae674 : mmwavelib_vecsum.oe674 (.text:mmwavelib_vecsum)
                  007fae60    000000a0                                : mmwavelib_windowing.oe674 (.text:mmwavelib_windowing16x32_IQswap)
                  007faf00    000000a0     sysbios.ae674 : BIOS.obj (.text:ti_sysbios_family_c64p_Exception_Module_startup__E)
                  007fafa0    000000a0                   : BIOS.obj (.text:ti_sysbios_family_c64p_Hwi_dispatchC__I)
                  007fb040    000000a0                   : BIOS.obj (.text:ti_sysbios_family_c64p_Hwi_getStackInfo__E)
                  007fb0e0    000000a0                   : BIOS.obj (.text:ti_sysbios_hal_Hwi_checkStack)
                  007fb180    000000a0                   : BIOS.obj (.text:ti_sysbios_knl_Semaphore_pendTimeout__I)
                  007fb220    000000a0                   : BIOS.obj (.text:xdc_runtime_Core_assignLabel__I)
                  007fb2c0    000000a0                   : BIOS.obj (.text:xdc_runtime_Core_assignParams__I)
                  007fb360    000000a0                   : BIOS.obj (.text:xdc_runtime_LoggerBuf_Module_startup__E)
                  007fb400    000000a0                   : BIOS.obj (.text:xdc_runtime_System_atexit__E)
                  007fb4a0    000000a0                   : BIOS.obj (.text:xdc_runtime_System_exit__E)
                  007fb540    000000a0                   : BIOS.obj (.text:xdc_runtime_Text_printVisFxn__I)
                  007fb5e0    000000a0                   : BIOS.obj (.text:xdc_runtime_Text_xprintf__I)
                  007fb680    00000080     libaoaproc_dsp_xwr68xx.ae674 : aoaprocdsp.oe674 (.text:AoAProcDSP_waitInData)
                  007fb700    00000080     libcfarcaproc_dsp_xwr68xx.ae674 : cfarcaprocdsp.oe674 (.text:CFARCADSP_fovConvertRange)
                  007fb780    00000080     objectdetection.oe674 (.text:DPC_ObjectDetection_stop)
                  007fb800    00000080     libdpm_xwr68xx.ae674 : dpm_mailbox.oe674 (.text:DPM_mboxSendResult)
                  007fb880    00000080                          : dpm_pipe.oe674 (.text:DPM_pipeDeinit)
                  007fb900    00000080                          : dpm_pipe.oe674 (.text:DPM_pipeInit)
                  007fb980    00000080                          : dpm_core.oe674 (.text:DPM_synch)
                  007fba00    00000080     libcfarcaproc_dsp_xwr68xx.ae674 : cfarcaprocdsp.oe674 (.text:DPU_CFARCAProcDSP_init)
                  007fba80    00000080     libdopplerproc_dsp_xwr68xx.ae674 : dopplerprocdsp.oe674 (.text:DPU_DopplerProcDSP_control)
                  007fbb00    00000080                                      : dopplerprocdsp.oe674 (.text:DPU_DopplerProcDSP_init)
                  007fbb80    00000080     libedma_xwr68xx.ae674 : edma_low_level.oe674 (.text:EDMA3MapChToEvtQ)
                  007fbc00    00000080                           : edma.oe674 (.text:EDMA_getTransferControllerErrorStatusInfo)
                  007fbc80    00000080                           : edma.oe674 (.text:EDMA_linkParamSets)
                  007fbd00    00000080     libosal_xwr68xx.ae674 : SemaphoreP_tirtos.oe674 (.text:SemaphoreP_create)
                  007fbd80    00000080     rts6740_elf.lib : trgmsg.c.obj (.text:__TI_readmsg)
                  007fbe00    00000080                     : llshift.c.obj (.text:__c6xabi_llshl)
                  007fbe80    00000080     sysbios.ae674 : c62_TaskSupport_asm.obj (.text:_ti_sysbios_family_c62_TaskSupport_swap__E)
                  007fbf00    00000080     mmw_dss_pe674.oe674 (.text:ti_sysbios_BIOS_atExitFunc__I)
                  007fbf80    00000080     mmw_dss_pe674.oe674 (.text:ti_sysbios_BIOS_registerRTSLock__I)
                  007fc000    00000080     mmw_dss_pe674.oe674 (.text:ti_sysbios_gates_GateHwi_Object__create__S)
                  007fc080    00000080     mmw_dss_pe674.oe674 (.text:ti_sysbios_gates_GateMutex_Object__create__S)
                  007fc100    00000080     mmw_dss_pe674.oe674 (.text:ti_sysbios_heaps_HeapMem_Object__create__S)
                  007fc180    00000080     sysbios.ae674 : BIOS.obj (.text:ti_sysbios_heaps_HeapMem_init__I)
                  007fc200    00000080     mmw_dss_pe674.oe674 (.text:ti_sysbios_knl_Clock_doTick__I)
                  007fc280    00000080     sysbios.ae674 : BIOS.obj (.text:ti_sysbios_knl_Idle_run__E)
                  007fc300    00000080     mmw_dss_pe674.oe674 (.text:ti_sysbios_knl_Semaphore_create)
                  007fc380    00000080     sysbios.ae674 : BIOS.obj (.text:ti_sysbios_knl_Swi_post__E)
                  007fc400    00000080                   : BIOS.obj (.text:ti_sysbios_knl_Swi_startup__E)
                  007fc480    00000080                   : BIOS.obj (.text:ti_sysbios_knl_Task_processVitalTaskFlag__I)
                  007fc500    00000080                   : BIOS.obj (.text:ti_sysbios_knl_Task_restore__E)
                  007fc580    00000080                   : BIOS.obj (.text:ti_sysbios_knl_Task_sleepTimeout__I)
                  007fc600    00000080     mmw_dss_pe674.oe674 (.text:ti_sysbios_rts_MemAlloc_alloc)
                  007fc680    00000080     sysbios.ae674 : BIOS.obj (.text:ti_sysbios_timers_rti_Timer_setPeriod__E)
                  007fc700    00000080                   : BIOS.obj (.text:ti_sysbios_timers_rti_Timer_stop__E)
                  007fc780    00000080     rts6740_elf.lib : unlink.c.obj (.text:unlink)
                  007fc800    00000080     sysbios.ae674 : BIOS.obj (.text:xdc_runtime_System_avprintf__E)
                  007fc880    00000080                   : BIOS.obj (.text:xdc_runtime_System_vprintf__E)
                  007fc900    00000060     libcfarcaproc_dsp_xwr68xx.ae674 : cfarcaprocdsp.oe674 (.text:CFARCADSP_waitEDMATransComplete)
                  007fc960    00000060     objectdetection.oe674 (.text:DPC_ObjDetDSP_MemPoolAlloc)
                  007fc9c0    00000060     libdpm_xwr68xx.ae674 : dpm_listlib.oe674 (.text:DPM_listCat)
                  007fca20    00000060                          : dpm_mailbox.oe674 (.text:DPM_mboxDeinit)
                  007fca80    00000060                          : dpm_msg.oe674 (.text:DPM_msgInitHeader)
                  007fcae0    00000060     libaoaproc_dsp_xwr68xx.ae674 : aoaprocdsp.oe674 (.text:DPU_AoAProcDSP_deinit)
                  007fcb40    00000060                                  : aoaprocdsp.oe674 (.text:DPU_AoAProcDSP_init)
                  007fcba0    00000060     libcfarcaproc_dsp_xwr68xx.ae674 : cfarcaprocdsp.oe674 (.text:DPU_CFARCAProcDSP_deinit)
                  007fcc00    00000060     libdopplerproc_dsp_xwr68xx.ae674 : dopplerprocdsp.oe674 (.text:DPU_DopplerProcDSP_deinit)
                  007fcc60    00000060                                      : dopplerprocdsp.oe674 (.text:DPU_DopplerProcDSP_waitInData)
                  007fccc0    00000060                                      : dopplerprocdsp.oe674 (.text:DPU_DopplerProcDSP_waitTransDetMatrix)
                  007fcd20    00000060     libedma_xwr68xx.ae674 : edma_low_level.oe674 (.text:EDMA3ClrEvt)
                  007fcd80    00000060                           : edma_low_level.oe674 (.text:EDMA3ClrIntr)
                  007fcde0    00000060                           : edma_low_level.oe674 (.text:EDMA3ClrMissEvt)
                  007fce40    00000060                           : edma_low_level.oe674 (.text:EDMA3DisableDmaEvt)
                  007fcea0    00000060                           : edma_low_level.oe674 (.text:EDMA3DisableEvtIntr)
                  007fcf00    00000060                           : edma_low_level.oe674 (.text:EDMA3EnableDmaEvt)
                  007fcf60    00000060                           : edma_low_level.oe674 (.text:EDMA3EnableEvtIntr)
                  007fcfc0    00000060                           : edma_low_level.oe674 (.text:EDMA3SetEvt)
                  007fd020    00000060                           : edma.oe674 (.text:EDMA_configTransferControllerError)
                  007fd080    00000060                           : edma.oe674 (.text:EDMA_setSourceAddress)
                  007fd0e0    00000060                           : edma.oe674 (.text:EDMA_validate_channelIdchannelType)
                  007fd140    00000060     libmailbox_xwr68xx.ae674 : mailbox.oe674 (.text:Mailbox_Config_init)
                  007fd1a0    00000060     libsoc_xwr68xx.ae674 : soc_xwr68xx.oe674 (.text:SOC_setDSSLinkState)
                  007fd200    00000060                          : soc.oe674 (.text:SOC_unhaltBSS)
                  007fd260    00000060     rts6740_elf.lib : trgmsg.c.obj (.text:__TI_writemsg)
                  007fd2c0    00000060                     : llshift.c.obj (.text:__c6xabi_llshru)
                  007fd320    00000060                     : imath64.c.obj (.text:_subcull)
                  007fd380    00000060     sysbios.ae674 : c64p_Hwi_asm_switch.obj (.text:_ti_sysbios_family_c64p_Hwi_switchAndDispatch__I)
                  007fd3e0    00000060                   : c64p_Hwi_asm_switch.obj (.text:_ti_sysbios_family_xxx_Hwi_switchAndRunFunc)
                  007fd440    00000060     rts6740_elf.lib : lseek.c.obj (.text:lseek)
                  007fd4a0    00000060     libmmwavealg_xwr68xx.ae674 : mmwavelib_accum.oe674 (.text:mmwavelib_accum16shift)
                  007fd500    00000060                                : mmwavelib_vecsubc.oe674 (.text:mmwavelib_vecsubc)
                  007fd560    00000060     mmw_dss_pe674.oe674 (.text:ti_sysbios_BIOS_errorRaiseHook__I)
                  007fd5c0    00000060     mmw_dss_pe674.oe674 (.text:ti_sysbios_BIOS_removeRTSLock__I)
                  007fd620    00000060     mmw_dss_pe674.oe674 (.text:ti_sysbios_BIOS_startFunc__I)
                  007fd680    00000060     sysbios.ae674 : BIOS.obj (.text:ti_sysbios_family_c62_TaskSupport_stackUsed__E)
                  007fd6e0    00000060                   : BIOS.obj (.text:ti_sysbios_family_c62_TaskSupport_start__E)
                  007fd740    00000060                   : BIOS.obj (.text:ti_sysbios_family_c64p_Cache_setMar__E)
                  007fd7a0    00000060                   : BIOS.obj (.text:ti_sysbios_family_c64p_EventCombiner_Module_startup__E)
                  007fd800    00000060                   : BIOS.obj (.text:ti_sysbios_family_c64p_EventCombiner_unused__E)
                  007fd860    00000060     mmw_dss_pe674.oe674 (.text:ti_sysbios_gates_GateMutex_Object__delete__S)
                  007fd8c0    00000060     sysbios.ae674 : BIOS.obj (.text:ti_sysbios_hal_Hwi_initStack)
                  007fd920    00000060                   : BIOS.obj (.text:ti_sysbios_heaps_HeapMem_free__E)
                  007fd980    00000060                   : BIOS.obj (.text:ti_sysbios_knl_Clock_Module_startup__E)
                  007fd9e0    00000060     mmw_dss_pe674.oe674 (.text:ti_sysbios_knl_Queue_construct)
                  007fda40    00000060     mmw_dss_pe674.oe674 (.text:ti_sysbios_knl_Semaphore_Object__delete__S)
                  007fdaa0    00000060     mmw_dss_pe674.oe674 (.text:ti_sysbios_knl_Semaphore_construct)
                  007fdb00    00000060     sysbios.ae674 : BIOS.obj (.text:ti_sysbios_knl_Swi_Module_startup__E)
                  007fdb60    00000060                   : BIOS.obj (.text:ti_sysbios_knl_Task_enter__I)
                  007fdbc0    00000060     rts6740_elf.lib : write.c.obj (.text:write)
                  007fdc20    00000060     mmw_dss_pe674.oe674 (.text:xdc_runtime_LoggerBuf_Object__delete__S)
                  007fdc80    00000060     sysbios.ae674 : BIOS.obj (.text:xdc_runtime_SysStd_abort__E)
                  007fdce0    00000040     libsoc_xwr68xx.ae674 : soc.oe674 (.text:CSL_FEXTR)
                  007fdd20    00000040                          : soc_xwr68xx.oe674 (.text:CSL_FEXTR)
                  007fdd60    00000040     libmailbox_xwr68xx.ae674 : mailbox.oe674 (.text:CSL_FINSR)
                  007fdda0    00000040     libsoc_xwr68xx.ae674 : soc.oe674 (.text:CSL_FINSR)
                  007fdde0    00000040                          : soc_xwr68xx.oe674 (.text:CSL_FINSR)
                  007fde20    00000040                          : soc_xwr68xx_dss.oe674 (.text:CSL_FINSR)
                  007fde60    00000040     objectdetection.oe674 (.text:DPC_ObjectDetection_dataInjection)
                  007fdea0    00000040     libdpm_xwr68xx.ae674 : dpm_listlib.oe674 (.text:DPM_listAdd)
                  007fdee0    00000040                          : dpm_listlib.oe674 (.text:DPM_listRemove)
                  007fdf20    00000040                          : dpm_mailbox.oe674 (.text:DPM_mboxMsgSend)
                  007fdf60    00000040                          : dpm_msg.oe674 (.text:DPM_msgAssertHandler)
                  007fdfa0    00000040                          : dpm_msg.oe674 (.text:DPM_msgBSSFaultHandler)
                  007fdfe0    00000040                          : dpm_msg.oe674 (.text:DPM_msgDPCInfoHandler)
                  007fe020    00000040                          : dpm_pipe.oe674 (.text:DPM_pipeDequeue)
                  007fe060    00000040     libedma_xwr68xx.ae674 : edma_low_level.oe674 (.text:EDMA3MapQdmaChToPaRAM)
                  007fe0a0    00000040                           : edma_low_level.oe674 (.text:EDMA3SetPaRAM)
                  007fe0e0    00000040                           : edma_low_level.oe674 (.text:EDMA3SetQdmaTrigWord)
                  007fe120    00000040                           : edma.oe674 (.text:EDMA_clearTransferControllerErrors)
                  007fe160    00000040     libosal_xwr68xx.ae674 : HwiP_tirtos.oe674 (.text:HwiP_create)
                  007fe1a0    00000040                           : HwiP_tirtos.oe674 (.text:HwiP_delete)
                  007fe1e0    00000040     libmailbox_xwr68xx.ae674 : mailbox.oe674 (.text:Mailbox_boxEmptyISRBss)
                  007fe220    00000040                              : mailbox.oe674 (.text:Mailbox_boxEmptyISRMssDss)
                  007fe260    00000040                              : mailbox.oe674 (.text:Mailbox_boxFullISRBss)
                  007fe2a0    00000040     dss_main.oe674 (.text:MmwDemo_DPC_ObjectDetection_processInterFrameBeginCallBackFxn)
                  007fe2e0    00000040     dss_main.oe674 (.text:MmwDemo_EDMA_errorCallbackFxn)
                  007fe320    00000040     dss_main.oe674 (.text:MmwDemo_EDMA_transferControllerErrorCallbackFxn)
                  007fe360    00000040     libsoc_xwr68xx.ae674 : soc_xwr68xx_dss.oe674 (.text:SOC_getInAddr_LUTType)
                  007fe3a0    00000040                          : soc_xwr68xx_dss.oe674 (.text:SOC_getOutAddr_LUTType)
                  007fe3e0    00000040                          : soc_xwr68xx.oe674 (.text:SOC_isMSSOperational)
                  007fe420    00000040     rts6740_elf.lib : frcmpyd_div.c.obj (.text:__TI_frcmpyd_div)
                  007fe460    00000040                     : strasg.asm.obj (.text:__strasgi_64plus)
                  007fe4a0    00000040                     : args_main.c.obj (.text:_args_main)
                  007fe4e0    00000040     sysbios.ae674 : c62_TaskSupport_asm.obj (.text:_ti_sysbios_family_c62_TaskSupport_buildTaskStack)
                  007fe520    00000040     mmw_dss_pe674.oe674 (.text:free)
                  007fe560    00000040     libmathutils.ae674 : mathutils.oe674 (.text:mathUtils_floorLog2)
                  007fe5a0    00000040     libmmwavealg_xwr68xx.ae674 : mmwavelib_vecmul.oe674 (.text:mmwavelib_vecmul16x32_anylen)
                  007fe5e0    00000040     mmw_dss_pe674.oe674 (.text:ti_sysbios_BIOS_exitFunc__I)
                  007fe620    00000040     mmw_dss_pe674.oe674 (.text:ti_sysbios_BIOS_rtsLock__I)
                  007fe660    00000040     mmw_dss_pe674.oe674 (.text:ti_sysbios_BIOS_rtsUnlock__I)
                  007fe6a0    00000040     sysbios.ae674 : BIOS.obj (.text:ti_sysbios_family_c64p_Hwi_disableInterrupt__E)
                  007fe6e0    00000040                   : BIOS.obj (.text:ti_sysbios_family_c64p_Hwi_enableInterrupt__E)
                  007fe720    00000040     mmw_dss_pe674.oe674 (.text:ti_sysbios_gates_GateHwi_Handle__label__S)
                  007fe760    00000040     mmw_dss_pe674.oe674 (.text:ti_sysbios_gates_GateHwi_Object__delete__S)
                  007fe7a0    00000040     mmw_dss_pe674.oe674 (.text:ti_sysbios_gates_GateMutex_Handle__label__S)
                  007fe7e0    00000040     sysbios.ae674 : BIOS.obj (.text:ti_sysbios_gates_GateMutex_Instance_init__E)
                  007fe820    00000040                   : BIOS.obj (.text:ti_sysbios_gates_GateMutex_leave__E)
                  007fe860    00000040     mmw_dss_pe674.oe674 (.text:ti_sysbios_heaps_HeapMem_Handle__label__S)
                  007fe8a0    00000040     mmw_dss_pe674.oe674 (.text:ti_sysbios_heaps_HeapMem_Object__delete__S)
                  007fe8e0    00000040     mmw_dss_pe674.oe674 (.text:ti_sysbios_heaps_HeapMem_Object__get__S)
                  007fe920    00000040     mmw_dss_pe674.oe674 (.text:ti_sysbios_knl_Semaphore_destruct)
                  007fe960    00000040     mmw_dss_pe674.oe674 (.text:ti_sysbios_knl_Swi_Object__get__S)
                  007fe9a0    00000040     mmw_dss_pe674.oe674 (.text:ti_sysbios_knl_Task_Object__get__S)
                  007fe9e0    00000040     sysbios.ae674 : BIOS.obj (.text:ti_sysbios_timers_rti_Timer_periodicStub__E)
                  007fea20    00000040                   : BIOS.obj (.text:xdc_runtime_Error_init__E)
                  007fea60    00000040     mmw_dss_pe674.oe674 (.text:xdc_runtime_LoggerBuf_Handle__label__S)
                  007feaa0    00000040     sysbios.ae674 : BIOS.obj (.text:xdc_runtime_LoggerBuf_Instance_finalize__E)
                  007feae0    00000040     mmw_dss_pe674.oe674 (.text:xdc_runtime_LoggerBuf_Object__get__S)
                  007feb20    00000040     sysbios.ae674 : BIOS.obj (.text:xdc_runtime_LoggerBuf_write0__E)
                  007feb60    00000040                   : BIOS.obj (.text:xdc_runtime_LoggerBuf_write1__E)
                  007feba0    00000040                   : BIOS.obj (.text:xdc_runtime_LoggerBuf_write2__E)
                  007febe0    00000040     mmw_dss_pe674.oe674 (.text:xdc_runtime_System_aprintf__E)
                  007fec20    00000040     mmw_dss_pe674.oe674 (.text:xdc_runtime_System_printf__E)
                  007fec60    00000020     libcfarcaproc_dsp_xwr68xx.ae674 : cfarcaprocdsp.oe674 (.text:CFARCADSP_adjustCfarCfg)
                  007fec80    00000020     libdpm_xwr68xx.ae674 : dpm_core.oe674 (.text:DPM_chirpISR)
                  007feca0    00000020                          : dpm_core.oe674 (.text:DPM_frameStartISR)
                  007fecc0    00000020                          : dpm_mailbox.oe674 (.text:DPM_mboxSynch)
                  007fece0    00000020     libedma_xwr68xx.ae674 : edma_low_level.oe674 (.text:EDMA3ChannelToParamMap)
                  007fed00    00000020                           : edma_low_level.oe674 (.text:EDMA3ClrCCErr)
                  007fed20    00000020                           : edma_low_level.oe674 (.text:EDMA3DisableQdmaEvt)
                  007fed40    00000020                           : edma_low_level.oe674 (.text:EDMA3EnableQdmaEvt)
                  007fed60    00000020                           : edma_low_level.oe674 (.text:EDMA3ErrIntrHighStatusGet)
                  007fed80    00000020                           : edma_low_level.oe674 (.text:EDMA3GetCCErrStatus)
                  007feda0    00000020                           : edma_low_level.oe674 (.text:EDMA3GetErrIntrStatus)
                  007fedc0    00000020                           : edma_low_level.oe674 (.text:EDMA3GetIntrStatus)
                  007fede0    00000020                           : edma_low_level.oe674 (.text:EDMA3IntrStatusHighGet)
                  007fee00    00000020                           : edma_low_level.oe674 (.text:EDMA3QdmaClrMissEvt)
                  007fee20    00000020                           : edma_low_level.oe674 (.text:EDMA3QdmaGetErrIntrStatus)
                  007fee40    00000020                           : edma_low_level.oe674 (.text:EDMAsetRegion)
                  007fee60    00000020     libosal_xwr68xx.ae674 : HwiP_tirtos.oe674 (.text:HwiP_Params_init)
                  007fee80    00000020                           : HwiP_tirtos.oe674 (.text:HwiP_disable)
                  007feea0    00000020                           : HwiP_tirtos.oe674 (.text:HwiP_disableInterrupt)
                  007feec0    00000020                           : HwiP_tirtos.oe674 (.text:HwiP_enableInterrupt)
                  007feee0    00000020                           : HwiP_tirtos.oe674 (.text:HwiP_restore)
                  007fef00    00000020                           : MemoryP_tirtos.oe674 (.text:MemoryP_ctrlAlloc)
                  007fef20    00000020                           : MemoryP_tirtos.oe674 (.text:MemoryP_ctrlFree)
                  007fef40    00000020                           : MemoryP_tirtos.oe674 (.text:MemoryP_getStats)
                  007fef60    00000020     dss_main.oe674 (.text:MmwDemo_DPC_ObjectDetection_processFrameBeginCallBackFxn)
                  007fef80    00000020     dss_main.oe674 (.text:MmwDemo_sleep)
                  007fefa0    00000020     libosal_xwr68xx.ae674 : SemaphoreP_tirtos.oe674 (.text:SemaphoreP_Params_init)
                  007fefc0    00000020                           : SemaphoreP_tirtos.oe674 (.text:SemaphoreP_delete)
                  007fefe0    00000020                           : SemaphoreP_tirtos.oe674 (.text:SemaphoreP_pend)
                  007ff000    00000020                           : SemaphoreP_tirtos.oe674 (.text:SemaphoreP_post)
                  007ff020    00000020                           : DebugP_tirtos.oe674 (.text:_DebugP_assert)
                  007ff040    00000020     rts6740_elf.lib : errno.c.obj (.text:__c6xabi_errno_addr)
                  007ff060    00000020                     : trunc.c.obj (.text:__c6xabi_trunc)
                  007ff080    00000020                     : push.asm.obj (.text:__pop_rts)
                  007ff0a0    00000020                     : push.asm.obj (.text:__push_rts)
                  007ff0c0    00000020                     : _lock.c.obj (.text:_nop)
                  007ff0e0    00000020                     : _lock.c.obj (.text:_register_lock)
                  007ff100    00000020                     : _lock.c.obj (.text:_register_unlock)
                  007ff120    00000020     sysbios.ae674 : c62_TaskSupport_asm.obj (.text:_ti_sysbios_family_c62_TaskSupport_glue)
                  007ff140    00000020     rts6740_elf.lib : exit.c.obj (.text:abort)
                  007ff160    00000020     libmathutils.ae674 : mathutils.oe674 (.text:mathUtils_ceilLog2)
                  007ff180    00000020     rts6740_elf.lib : fputc.c.obj (.text:putchar)
                  007ff1a0    00000020     mmw_dss_pe674.oe674 (.text:ti_sysbios_BIOS_RtsGateProxy_enter__E)
                  007ff1c0    00000020     mmw_dss_pe674.oe674 (.text:ti_sysbios_BIOS_RtsGateProxy_leave__E)
                  007ff1e0    00000020     sysbios.ae674 : BIOS.obj (.text:ti_sysbios_BIOS_getCpuFreq__E)
                  007ff200    00000020                   : BIOS.obj (.text:ti_sysbios_BIOS_linkedWithIncorrectBootLibrary__E)
                  007ff220    00000020     mmw_dss_pe674.oe674 (.text:ti_sysbios_BIOS_nullFunc__I)
                  007ff240    00000020     sysbios.ae674 : BIOS.obj (.text:ti_sysbios_BIOS_setThreadType__E)
                  007ff260    00000020                   : BIOS.obj (.text:ti_sysbios_BIOS_start__E)
                  007ff280    00000020     mmw_dss_pe674.oe674 (.text:ti_sysbios_family_c62_TaskSupport_Module__startupDone__S)
                  007ff2a0    00000020     sysbios.ae674 : BIOS.obj (.text:ti_sysbios_family_c62_TaskSupport_checkStack__E)
                  007ff2c0    00000020                   : BIOS.obj (.text:ti_sysbios_family_c62_TaskSupport_getStackAlignment__E)
                  007ff2e0    00000020     mmw_dss_pe674.oe674 (.text:ti_sysbios_family_c64p_Hwi_Module__startupDone__F)
                  007ff300    00000020     sysbios.ae674 : BIOS.obj (.text:ti_sysbios_family_c64p_Hwi_clearInterrupt__E)
                  007ff320    00000020                   : BIOS.obj (.text:ti_sysbios_family_c64p_Hwi_startup__E)
                  007ff340    00000020                   : BIOS.obj (.text:ti_sysbios_family_c64p_Hwi_switchFromBootStack__E)
                  007ff360    00000020                   : BIOS.obj (.text:ti_sysbios_family_c64p_TimestampProvider_Module_startup__E)
                  007ff380    00000020                   : BIOS.obj (.text:ti_sysbios_family_c64p_TimestampProvider_get32__E)
                  007ff3a0    00000020                   : BIOS.obj (.text:ti_sysbios_family_c64p_TimestampProvider_get64__E)
                  007ff3c0    00000020                   : BIOS.obj (.text:ti_sysbios_gates_GateHwi_Instance_init__E)
                  007ff3e0    00000020                   : BIOS.obj (.text:ti_sysbios_gates_GateHwi_enter__E)
                  007ff400    00000020                   : BIOS.obj (.text:ti_sysbios_gates_GateHwi_leave__E)
                  007ff420    00000020                   : BIOS.obj (.text:ti_sysbios_gates_GateHwi_query__E)
                  007ff440    00000020                   : BIOS.obj (.text:ti_sysbios_gates_GateMutex_Instance_finalize__E)
                  007ff460    00000020                   : BIOS.obj (.text:ti_sysbios_gates_GateMutex_query__E)
                  007ff480    00000020                   : BIOS.obj (.text:ti_sysbios_hal_Hwi_Module_startup__E)
                  007ff4a0    00000020     mmw_dss_pe674.oe674 (.text:ti_sysbios_heaps_HeapBuf_Object__get__S)
                  007ff4c0    00000020     mmw_dss_pe674.oe674 (.text:ti_sysbios_heaps_HeapMem_Module_GateProxy_enter__E)
                  007ff4e0    00000020     mmw_dss_pe674.oe674 (.text:ti_sysbios_heaps_HeapMem_Module_GateProxy_leave__E)
                  007ff500    00000020     sysbios.ae674 : BIOS.obj (.text:ti_sysbios_heaps_HeapMem_isBlocking__E)
                  007ff520    00000020     mmw_dss_pe674.oe674 (.text:ti_sysbios_knl_Clock_TimerProxy_getMaxTicks__E)
                  007ff540    00000020     sysbios.ae674 : BIOS.obj (.text:ti_sysbios_knl_Clock_logTick__E)
                  007ff560    00000020                   : BIOS.obj (.text:ti_sysbios_knl_Idle_loop__E)
                  007ff580    00000020                   : BIOS.obj (.text:ti_sysbios_knl_Queue_Instance_init__E)
                  007ff5a0    00000020     mmw_dss_pe674.oe674 (.text:ti_sysbios_knl_Queue_Object__get__S)
                  007ff5c0    00000020     mmw_dss_pe674.oe674 (.text:ti_sysbios_knl_Queue_destruct)
                  007ff5e0    00000020     sysbios.ae674 : BIOS.obj (.text:ti_sysbios_knl_Queue_empty__E)
                  007ff600    00000020                   : BIOS.obj (.text:ti_sysbios_knl_Semaphore_Instance_finalize__E)
                  007ff620    00000020     mmw_dss_pe674.oe674 (.text:ti_sysbios_knl_Semaphore_Params__init__S)
                  007ff640    00000020     mmw_dss_pe674.oe674 (.text:ti_sysbios_knl_Semaphore_delete)
                  007ff660    00000020     sysbios.ae674 : BIOS.obj (.text:ti_sysbios_knl_Swi_disable__E)
                  007ff680    00000020     mmw_dss_pe674.oe674 (.text:ti_sysbios_knl_Task_Params__init__S)
                  007ff6a0    00000020     sysbios.ae674 : BIOS.obj (.text:ti_sysbios_knl_Task_disable__E)
                  007ff6c0    00000020                   : BIOS.obj (.text:ti_sysbios_knl_Task_startup__E)
                  007ff6e0    00000020     mmw_dss_pe674.oe674 (.text:ti_sysbios_timers_rti_Timer_Module__startupDone__F)
                  007ff700    00000020     sysbios.ae674 : BIOS.obj (.text:ti_sysbios_timers_rti_Timer_getMaxTicks__E)
                  007ff720    00000020                   : BIOS.obj (.text:ti_sysbios_utils_Load_getCPULoad__E)
                  007ff740    00000020                   : BIOS.obj (.text:ti_sysbios_utils_Load_taskRegHook__E)
                  007ff760    00000020     mmw_dss_pe674.oe674 (.text:xdc_runtime_IHeap_alloc)
                  007ff780    00000020     mmw_dss_pe674.oe674 (.text:xdc_runtime_IHeap_free)
                  007ff7a0    00000020     mmw_dss_pe674.oe674 (.text:xdc_runtime_IHeap_getStats)
                  007ff7c0    00000020     mmw_dss_pe674.oe674 (.text:xdc_runtime_LoggerBuf_Module_GateProxy_enter__E)
                  007ff7e0    00000020     mmw_dss_pe674.oe674 (.text:xdc_runtime_LoggerBuf_Module_GateProxy_leave__E)
                  007ff800    00000020     sysbios.ae674 : BIOS.obj (.text:xdc_runtime_LoggerBuf_disable__E)
                  007ff820    00000020                   : BIOS.obj (.text:xdc_runtime_LoggerBuf_enable__E)
                  007ff840    00000020                   : BIOS.obj (.text:xdc_runtime_Memory_free__E)
                  007ff860    00000020                   : BIOS.obj (.text:xdc_runtime_Memory_getStats__E)
                  007ff880    00000020     mmw_dss_pe674.oe674 (.text:xdc_runtime_Startup_exec__I)
                  007ff8a0    00000020     mmw_dss_pe674.oe674 (.text:xdc_runtime_Startup_reset__I)
                  007ff8c0    00000020     sysbios.ae674 : BIOS.obj (.text:xdc_runtime_Startup_rtsDone__E)
                  007ff8e0    00000020                   : BIOS.obj (.text:xdc_runtime_SysStd_exit__E)
                  007ff900    00000020                   : BIOS.obj (.text:xdc_runtime_SysStd_putch__E)
                  007ff920    00000020                   : BIOS.obj (.text:xdc_runtime_SysStd_ready__E)
                  007ff940    00000020     mmw_dss_pe674.oe674 (.text:xdc_runtime_System_Module_GateProxy_enter__E)
                  007ff960    00000020     mmw_dss_pe674.oe674 (.text:xdc_runtime_System_Module_GateProxy_leave__E)
                  007ff980    00000020     sysbios.ae674 : BIOS.obj (.text:xdc_runtime_System_Module_startup__E)
                  007ff9a0    00000020     mmw_dss_pe674.oe674 (.text:xdc_runtime_Text_visitRope__I)

.dpc_l2Heap 
*          0    00800000    0000c400     UNINITIALIZED
                  00800000    0000c400     dss_main.oe674 (.dpc_l2Heap)

systemHeap 
*          0    0080c400    00008000     UNINITIALIZED
                  0080c400    00008000     mmw_dss_pe674.oe674 (systemHeap)

.bss       0    008179a4    00000004     UNINITIALIZED
                  008179a4    00000004     (.common:gObjDetObj)

.stack     0    008179a8    00000800     UNINITIALIZED
                  008179a8    00000008     boot.ae674 : boot.oe674 (.stack)
                  008179b0    000007f8     --HOLE--

.neardata 
*          0    0081c73c    0000000c     
                  0081c73c    00000004     dss_main.oe674 (.neardata)
                  0081c740    00000004     libdpm_xwr68xx.ae674 : dpm_mailbox.oe674 (.neardata)
                  0081c744    00000004     libedma_xwr68xx.ae674 : edma_low_level.oe674 (.neardata)

.cinit     0    00800000    00000000     UNINITIALIZED

.far       0    00814400    000035a4     UNINITIALIZED
                  00814400    00001900     (.common:xdc_runtime_LoggerBuf_Instance_State_0_entryArr__A)
                  00815d00    00001040     objectdetection.oe674 (.far:gHeartRateDssInfo)
                  00816d40    000006f8     libedma_xwr68xx.ae674 : edma.oe674 (.far:EDMA_object)
                  00817438    00000320     mmw_dss_pe674.oe674 (.far:taskStackSection)
                  00817758    00000140     (.common:__TI_tmpnams)
                  00817898    000000d8     (.common:gMmwDssMCB)
                  00817970    00000018     (.common:resultBuffer)
                  00817988    00000010     (.common:edmaDbg)
                  00817998    00000008     (.common:parmbuf)
                  008179a0    00000004     (.common:ti_sysbios_knl_Task_Instance_State_0_hookEnv__A)

.dpc_l1Heap 
*          0    00f00000    00004000     UNINITIALIZED
                  00f00000    00004000     dss_main.oe674 (.dpc_l1Heap)

xdc.meta   0    00000000    00000100     COPY SECTION
                  00000000    00000100     mmw_dss_pe674.oe674 (xdc.meta)

.const     0    008181a8    00003468     
                  008181a8    00001a59     mmw_dss_pe674.oe674 (.const:xdc_runtime_Text_charTab__A)
                  00819c01    00000001     --HOLE-- [fill = 0]
                  00819c02    00000002     mmw_dss_pe674.oe674 (.const:ti_sysbios_family_c64p_Cache_Module__id__C)
                  00819c04    00000004     mmw_dss_pe674.oe674 (.const:ti_sysbios_family_c62_TaskSupport_stackAlignment__C)
                  00819c08    00000800     libmmwavealg_xwr68xx.ae674 : mmwavelib_ffttwiddle_gen.oe674 (.const:mmwavelib_twiddleTableCommon)
                  0081a408    00000630     sysbios.ae674 : BIOS.obj (.const:.string)
                  0081aa38    000002e4     dss_main.oe674 (.const:.string)
                  0081ad1c    00000004     mmw_dss_pe674.oe674 (.const:ti_sysbios_family_c64p_Cache_E_invalidL1CacheSize__C)
                  0081ad20    000000e0     mmw_dss_pe674.oe674 (.const:xdc_runtime_Text_nodeTab__A)
                  0081ae00    00000074     mmw_dss_pe674.oe674 (.const:.string)
                  0081ae74    00000058     libedma_xwr68xx.ae674 : edma.oe674 (.const:.string)
                  0081aecc    0000004c     libmailbox_xwr68xx.ae674 : mailbox.oe674 (.const:.string)
                  0081af18    00000044     mmw_dss_pe674.oe674 (.const:ti_sysbios_knl_Task_Object__PARAMS__C)
                  0081af5c    00000004     mmw_dss_pe674.oe674 (.const:ti_sysbios_family_c64p_Cache_E_invalidL2CacheSize__C)
                  0081af60    00000040     libmmwavealg_xwr68xx.ae674 : mmwavelib_log2abs.oe674 (.const:.string:c_Log2LookUp)
                  0081afa0    0000003c     libsoc_xwr68xx.ae674 : soc_xwr68xx_dss.oe674 (.const:.string)
                  0081afdc    0000003c     mmw_dss_pe674.oe674 (.const:xdc_runtime_LoggerBuf_Module__FXNS__C)
                  0081b018    00000038     libedma_xwr68xx.ae674 : edma_xwr1xxx.oe674 (.const:gEdmaHwAttrs)
                  0081b050    00000034     mmw_dss_pe674.oe674 (.const:xdc_runtime_Startup_sfxnTab__A)
                  0081b084    00000004     mmw_dss_pe674.oe674 (.const:ti_sysbios_family_c64p_Cache_MAR0_31__C)
                  0081b088    00000028     libdpm_xwr68xx.ae674 : dpm_msg.oe674 (.const:gDPMMessageFxnTable)
                  0081b0b0    00000028     mmw_dss_pe674.oe674 (.const:ti_sysbios_heaps_HeapMem_Module__FXNS__C)
                  0081b0d8    00000028     mmw_dss_pe674.oe674 (.const:xdc_runtime_LoggerBuf_Object__PARAMS__C)
                  0081b100    00000024     libmailbox_xwr68xx.ae674 : mailbox.oe674 (.const:Mailbox_defaultCfg)
                  0081b124    00000004     mmw_dss_pe674.oe674 (.const:ti_sysbios_family_c64p_Cache_MAR128_159__C)
                  0081b128    00000024     libmmwavealg_xwr68xx.ae674 : mmwavelib_dftsinglebin.oe674 (.const:mmwavelib_dftHalfBinExpValue)
                  0081b14c    00000024     mmw_dss_pe674.oe674 (.const:ti_sysbios_gates_GateHwi_Module__FXNS__C)
                  0081b170    00000024     mmw_dss_pe674.oe674 (.const:ti_sysbios_gates_GateMutex_Module__FXNS__C)
                  0081b194    00000024     mmw_dss_pe674.oe674 (.const:ti_sysbios_heaps_HeapMem_Object__PARAMS__C)
                  0081b1b8    00000024     mmw_dss_pe674.oe674 (.const:ti_sysbios_knl_Semaphore_Object__PARAMS__C)
                  0081b1dc    00000020     libosal_xwr68xx.ae674 : SemaphoreP_tirtos.oe674 (.const:.string)
                  0081b1fc    00000020     mmw_dss_pe674.oe674 (.const:ti_sysbios_gates_GateHwi_Object__DESC__C)
                  0081b21c    00000020     mmw_dss_pe674.oe674 (.const:ti_sysbios_gates_GateMutex_Object__DESC__C)
                  0081b23c    00000020     mmw_dss_pe674.oe674 (.const:ti_sysbios_heaps_HeapMem_Object__DESC__C)
                  0081b25c    00000020     mmw_dss_pe674.oe674 (.const:ti_sysbios_knl_Queue_Object__DESC__C)
                  0081b27c    00000020     mmw_dss_pe674.oe674 (.const:ti_sysbios_knl_Semaphore_Object__DESC__C)
                  0081b29c    00000020     mmw_dss_pe674.oe674 (.const:ti_sysbios_knl_Task_Object__DESC__C)
                  0081b2bc    00000020     mmw_dss_pe674.oe674 (.const:xdc_runtime_LoggerBuf_Object__DESC__C)
                  0081b2dc    0000001c     libosal_xwr68xx.ae674 : HwiP_tirtos.oe674 (.const:.string)
                  0081b2f8    0000001a     mmw_dss_pe674.oe674 (.const:xdc_runtime_Startup_sfxnRts__A)
                  0081b312    00000002     mmw_dss_pe674.oe674 (.const:ti_sysbios_family_c64p_EventCombiner_Module__id__C)
                  0081b314    00000018     objectdetection.oe674 (.const:.string)
                  0081b32c    00000018     mmw_dss_pe674.oe674 (.const:ti_sysbios_gates_GateHwi_Object__PARAMS__C)
                  0081b344    00000018     mmw_dss_pe674.oe674 (.const:ti_sysbios_gates_GateMutex_Object__PARAMS__C)
                  0081b35c    00000018     mmw_dss_pe674.oe674 (.const:ti_sysbios_knl_Queue_Object__PARAMS__C)
                  0081b374    00000004     mmw_dss_pe674.oe674 (.const:ti_sysbios_family_c64p_Cache_MAR160_191__C)
                  0081b378    00000018     mmw_dss_pe674.oe674 (.const:ti_sysbios_knl_Task_hooks__A)
                  0081b390    00000014     libdpm_xwr68xx.ae674 : dpm_mailbox.oe674 (.const:.string)
                  0081b3a4    00000010                          : dpm_core.oe674 (.const:.string)
                  0081b3b4    00000010                          : dpm_msg.oe674 (.const:.string)
                  0081b3c4    00000010                          : dpm_pipe.oe674 (.const:.string)
                  0081b3d4    00000004     mmw_dss_pe674.oe674 (.const:ti_sysbios_family_c64p_Cache_MAR192_223__C)
                  0081b3d8    00000010     libedma_xwr68xx.ae674 : edma.oe674 (.const:EDMA_config$1)
                  0081b3e8    00000010     mmw_dss_pe674.oe674 (.const:ti_sysbios_family_c64p_EventCombiner_EVTMASK__C)
                  0081b3f8    0000000c     mmw_dss_pe674.oe674 (.const:ti_sysbios_knl_Idle_funcList__A)
                  0081b404    00000008     mmw_dss_pe674.oe674 (.const:ti_sysbios_knl_Idle_funcList__C)
                  0081b40c    00000008     mmw_dss_pe674.oe674 (.const:ti_sysbios_knl_Task_hooks__C)
                  0081b414    00000004     mmw_dss_pe674.oe674 (.const:ti_sysbios_family_c64p_Cache_MAR224_255__C)
                  0081b418    00000008     mmw_dss_pe674.oe674 (.const:xdc_runtime_Startup_firstFxns__A)
                  0081b420    00000008     mmw_dss_pe674.oe674 (.const:xdc_runtime_Startup_firstFxns__C)
                  0081b428    00000008     mmw_dss_pe674.oe674 (.const:xdc_runtime_Startup_lastFxns__C)
                  0081b430    00000004     mmw_dss_pe674.oe674 (.const:ti_sysbios_family_c64p_Cache_MAR32_63__C)
                  0081b434    00000004     mmw_dss_pe674.oe674 (.const:ti_sysbios_family_c64p_Cache_MAR64_95__C)
                  0081b438    00000004     mmw_dss_pe674.oe674 (.const:ti_sysbios_family_c64p_Cache_MAR96_127__C)
                  0081b43c    00000004     mmw_dss_pe674.oe674 (.const:ti_sysbios_family_c64p_EventCombiner_A_invalidEventId__C)
                  0081b440    00000004     mmw_dss_pe674.oe674 (.const:ti_sysbios_family_c64p_EventCombiner_EVTRegs__C)
                  0081b444    00000004     mmw_dss_pe674.oe674 (.const:ti_sysbios_family_c64p_EventCombiner_E_unpluggedEvent__C)
                  0081b448    00000004     mmw_dss_pe674.oe674 (.const:ti_sysbios_family_c64p_EventCombiner_Module__diagsEnabled__C)
                  0081b44c    00000004     mmw_dss_pe674.oe674 (.const:ti_sysbios_family_c64p_EventCombiner_Module__diagsIncluded__C)
                  0081b450    00000004     mmw_dss_pe674.oe674 (.const:ti_sysbios_family_c64p_EventCombiner_Module__diagsMask__C)
                  0081b454    00000004     mmw_dss_pe674.oe674 (.const:ti_sysbios_family_c64p_Exception_E_exceptionMax__C)
                  0081b458    00000004     mmw_dss_pe674.oe674 (.const:ti_sysbios_family_c64p_Exception_exceptionHook__C)
                  0081b45c    00000004     mmw_dss_pe674.oe674 (.const:ti_sysbios_family_c64p_Exception_externalHook__C)
                  0081b460    00000004     mmw_dss_pe674.oe674 (.const:ti_sysbios_family_c64p_Exception_internalHook__C)
                  0081b464    00000004     mmw_dss_pe674.oe674 (.const:ti_sysbios_family_c64p_Exception_nmiHook__C)
                  0081b468    00000004     mmw_dss_pe674.oe674 (.const:ti_sysbios_family_c64p_Hwi_INTRMUX1Address__C)
                  0081b46c    00000004     mmw_dss_pe674.oe674 (.const:ti_sysbios_gates_GateMutex_A_badContext__C)
                  0081b470    00000004     mmw_dss_pe674.oe674 (.const:ti_sysbios_gates_GateMutex_Instance_State_sem__O)
                  0081b474    00000004     mmw_dss_pe674.oe674 (.const:ti_sysbios_gates_GateMutex_Module__diagsEnabled__C)
                  0081b478    00000004     mmw_dss_pe674.oe674 (.const:ti_sysbios_gates_GateMutex_Module__diagsIncluded__C)
                  0081b47c    00000004     mmw_dss_pe674.oe674 (.const:ti_sysbios_gates_GateMutex_Module__diagsMask__C)
                  0081b480    00000004     mmw_dss_pe674.oe674 (.const:ti_sysbios_hal_Hwi_E_stackOverflow__C)
                  0081b484    00000004     mmw_dss_pe674.oe674 (.const:ti_sysbios_heaps_HeapBuf_Instance_State_freeList__O)
                  0081b488    00000004     mmw_dss_pe674.oe674 (.const:ti_sysbios_heaps_HeapBuf_Object__count__C)
                  0081b48c    00000004     mmw_dss_pe674.oe674 (.const:ti_sysbios_heaps_HeapBuf_numConstructedHeaps__C)
                  0081b490    00000004     mmw_dss_pe674.oe674 (.const:ti_sysbios_heaps_HeapMem_A_align__C)
                  0081b494    00000004     mmw_dss_pe674.oe674 (.const:ti_sysbios_heaps_HeapMem_A_heapSize__C)
                  0081b498    00000004     mmw_dss_pe674.oe674 (.const:ti_sysbios_heaps_HeapMem_A_invalidFree__C)
                  0081b49c    00000004     mmw_dss_pe674.oe674 (.const:ti_sysbios_heaps_HeapMem_A_zeroBlock__C)
                  0081b4a0    00000004     mmw_dss_pe674.oe674 (.const:ti_sysbios_heaps_HeapMem_E_memory__C)
                  0081b4a4    00000004     mmw_dss_pe674.oe674 (.const:ti_sysbios_heaps_HeapMem_Module__diagsEnabled__C)
                  0081b4a8    00000004     mmw_dss_pe674.oe674 (.const:ti_sysbios_heaps_HeapMem_Module__diagsIncluded__C)
                  0081b4ac    00000004     mmw_dss_pe674.oe674 (.const:ti_sysbios_heaps_HeapMem_Module__diagsMask__C)
                  0081b4b0    00000004     mmw_dss_pe674.oe674 (.const:ti_sysbios_heaps_HeapMem_Module__gateObj__C)
                  0081b4b4    00000004     mmw_dss_pe674.oe674 (.const:ti_sysbios_heaps_HeapMem_Object__count__C)
                  0081b4b8    00000004     mmw_dss_pe674.oe674 (.const:ti_sysbios_heaps_HeapMem_reqAlign__C)
                  0081b4bc    00000004     mmw_dss_pe674.oe674 (.const:ti_sysbios_knl_Clock_Module_State_clockQ__O)
                  0081b4c0    00000004     mmw_dss_pe674.oe674 (.const:ti_sysbios_knl_Semaphore_A_badContext__C)
                  0081b4c4    00000004     mmw_dss_pe674.oe674 (.const:ti_sysbios_knl_Semaphore_A_noEvents__C)
                  0081b4c8    00000004     mmw_dss_pe674.oe674 (.const:ti_sysbios_knl_Semaphore_A_overflow__C)
                  0081b4cc    00000004     mmw_dss_pe674.oe674 (.const:ti_sysbios_knl_Semaphore_A_pendTaskDisabled__C)
                  0081b4d0    00000004     mmw_dss_pe674.oe674 (.const:ti_sysbios_knl_Semaphore_Instance_State_pendQ__O)
                  0081b4d4    00000004     mmw_dss_pe674.oe674 (.const:ti_sysbios_knl_Semaphore_Module__diagsEnabled__C)
                  0081b4d8    00000004     mmw_dss_pe674.oe674 (.const:ti_sysbios_knl_Semaphore_Module__diagsIncluded__C)
                  0081b4dc    00000004     mmw_dss_pe674.oe674 (.const:ti_sysbios_knl_Semaphore_Module__diagsMask__C)
                  0081b4e0    00000004     mmw_dss_pe674.oe674 (.const:ti_sysbios_knl_Swi_Object__count__C)
                  0081b4e4    00000004     mmw_dss_pe674.oe674 (.const:ti_sysbios_knl_Task_A_badPriority__C)
                  0081b4e8    00000004     mmw_dss_pe674.oe674 (.const:ti_sysbios_knl_Task_A_badTaskState__C)
                  0081b4ec    00000004     mmw_dss_pe674.oe674 (.const:ti_sysbios_knl_Task_A_badThreadType__C)
                  0081b4f0    00000004     mmw_dss_pe674.oe674 (.const:ti_sysbios_knl_Task_A_badTimeout__C)
                  0081b4f4    00000004     mmw_dss_pe674.oe674 (.const:ti_sysbios_knl_Task_A_noPendElem__C)
                  0081b4f8    00000004     mmw_dss_pe674.oe674 (.const:ti_sysbios_knl_Task_A_sleepTaskDisabled__C)
                  0081b4fc    00000004     mmw_dss_pe674.oe674 (.const:ti_sysbios_knl_Task_E_spOutOfBounds__C)
                  0081b500    00000004     mmw_dss_pe674.oe674 (.const:ti_sysbios_knl_Task_E_stackOverflow__C)
                  0081b504    00000004     mmw_dss_pe674.oe674 (.const:ti_sysbios_knl_Task_Module_State_inactiveQ__O)
                  0081b508    00000004     mmw_dss_pe674.oe674 (.const:ti_sysbios_knl_Task_Module__diagsEnabled__C)
                  0081b50c    00000004     mmw_dss_pe674.oe674 (.const:ti_sysbios_knl_Task_Module__diagsIncluded__C)
                  0081b510    00000004     mmw_dss_pe674.oe674 (.const:ti_sysbios_knl_Task_Module__diagsMask__C)
                  0081b514    00000004     mmw_dss_pe674.oe674 (.const:ti_sysbios_knl_Task_Object__count__C)
                  0081b518    00000004     mmw_dss_pe674.oe674 (.const:ti_sysbios_knl_Task_Object__heap__C)
                  0081b51c    00000004     mmw_dss_pe674.oe674 (.const:ti_sysbios_knl_Task_allBlockedFunc__C)
                  0081b520    00000004     mmw_dss_pe674.oe674 (.const:ti_sysbios_knl_Task_defaultStackHeap__C)
                  0081b524    00000004     mmw_dss_pe674.oe674 (.const:ti_sysbios_knl_Task_defaultStackSize__C)
                  0081b528    00000004     mmw_dss_pe674.oe674 (.const:ti_sysbios_knl_Task_numConstructedTasks__C)
                  0081b52c    00000004     mmw_dss_pe674.oe674 (.const:ti_sysbios_timers_rti_Timer_E_cannotSupport__C)
                  0081b530    00000004     mmw_dss_pe674.oe674 (.const:ti_sysbios_timers_rti_Timer_Module__diagsEnabled__C)
                  0081b534    00000004     mmw_dss_pe674.oe674 (.const:ti_sysbios_timers_rti_Timer_Module__diagsIncluded__C)
                  0081b538    00000004     mmw_dss_pe674.oe674 (.const:ti_sysbios_timers_rti_Timer_Module__diagsMask__C)
                  0081b53c    00000004     mmw_dss_pe674.oe674 (.const:ti_sysbios_timers_rti_Timer_numTimerDevices__C)
                  0081b540    00000004     mmw_dss_pe674.oe674 (.const:ti_sysbios_timers_rti_Timer_startupNeeded__C)
                  0081b544    00000004     mmw_dss_pe674.oe674 (.const:ti_sysbios_utils_Load_Module_State_taskList__O)
                  0081b548    00000004     mmw_dss_pe674.oe674 (.const:ti_sysbios_utils_Load_Module__diagsEnabled__C)
                  0081b54c    00000004     mmw_dss_pe674.oe674 (.const:ti_sysbios_utils_Load_Module__diagsIncluded__C)
                  0081b550    00000004     mmw_dss_pe674.oe674 (.const:ti_sysbios_utils_Load_Module__diagsMask__C)
                  0081b554    00000004     mmw_dss_pe674.oe674 (.const:ti_sysbios_utils_Load_postUpdate__C)
                  0081b558    00000004     mmw_dss_pe674.oe674 (.const:ti_sysbios_utils_Load_windowInMs__C)
                  0081b55c    00000004     mmw_dss_pe674.oe674 (.const:xdc_runtime_Assert_E_assertFailed__C)
                  0081b560    00000004     mmw_dss_pe674.oe674 (.const:xdc_runtime_Core_A_initializedParams__C)
                  0081b564    00000004     mmw_dss_pe674.oe674 (.const:xdc_runtime_Core_Module__diagsEnabled__C)
                  0081b568    00000004     mmw_dss_pe674.oe674 (.const:xdc_runtime_Core_Module__diagsIncluded__C)
                  0081b56c    00000004     mmw_dss_pe674.oe674 (.const:xdc_runtime_Core_Module__diagsMask__C)
                  0081b570    00000004     mmw_dss_pe674.oe674 (.const:xdc_runtime_Error_E_memory__C)
                  0081b574    00000004     mmw_dss_pe674.oe674 (.const:xdc_runtime_Error_policyFxn__C)
                  0081b578    00000004     mmw_dss_pe674.oe674 (.const:xdc_runtime_Error_policy__C)
                  0081b57c    00000004     mmw_dss_pe674.oe674 (.const:xdc_runtime_Error_raiseHook__C)
                  0081b580    00000004     mmw_dss_pe674.oe674 (.const:xdc_runtime_IFilterLogger_Interface__BASE__C)
                  0081b584    00000004     mmw_dss_pe674.oe674 (.const:xdc_runtime_IGateProvider_Interface__BASE__C)
                  0081b588    00000004     mmw_dss_pe674.oe674 (.const:xdc_runtime_IHeap_Interface__BASE__C)
                  0081b58c    00000004     mmw_dss_pe674.oe674 (.const:xdc_runtime_ILogger_Interface__BASE__C)
                  0081b590    00000004     mmw_dss_pe674.oe674 (.const:xdc_runtime_IModule_Interface__BASE__C)
                  0081b594    00000004     mmw_dss_pe674.oe674 (.const:xdc_runtime_LoggerBuf_E_badLevel__C)
                  0081b598    00000004     mmw_dss_pe674.oe674 (.const:xdc_runtime_LoggerBuf_Module__gateObj__C)
                  0081b59c    00000004     mmw_dss_pe674.oe674 (.const:xdc_runtime_LoggerBuf_Object__count__C)
                  0081b5a0    00000004     mmw_dss_pe674.oe674 (.const:xdc_runtime_LoggerBuf_statusLogger__C)
                  0081b5a4    00000004     mmw_dss_pe674.oe674 (.const:xdc_runtime_Memory_defaultHeapInstance__C)
                  0081b5a8    00000004     mmw_dss_pe674.oe674 (.const:xdc_runtime_Startup_execImpl__C)
                  0081b5ac    00000004     mmw_dss_pe674.oe674 (.const:xdc_runtime_Startup_maxPasses__C)
                  0081b5b0    00000004     mmw_dss_pe674.oe674 (.const:xdc_runtime_Startup_sfxnRts__C)
                  0081b5b4    00000004     mmw_dss_pe674.oe674 (.const:xdc_runtime_Startup_sfxnTab__C)
                  0081b5b8    00000004     mmw_dss_pe674.oe674 (.const:xdc_runtime_System_Module__gateObj__C)
                  0081b5bc    00000004     mmw_dss_pe674.oe674 (.const:xdc_runtime_System_abortFxn__C)
                  0081b5c0    00000004     mmw_dss_pe674.oe674 (.const:xdc_runtime_System_exitFxn__C)
                  0081b5c4    00000004     mmw_dss_pe674.oe674 (.const:xdc_runtime_System_extendFxn__C)
                  0081b5c8    00000004     mmw_dss_pe674.oe674 (.const:xdc_runtime_System_maxAtexitHandlers__C)
                  0081b5cc    00000004     mmw_dss_pe674.oe674 (.const:xdc_runtime_Text_charTab__C)
                  0081b5d0    00000004     mmw_dss_pe674.oe674 (.const:xdc_runtime_Text_nameEmpty__C)
                  0081b5d4    00000004     mmw_dss_pe674.oe674 (.const:xdc_runtime_Text_nameStatic__C)
                  0081b5d8    00000004     mmw_dss_pe674.oe674 (.const:xdc_runtime_Text_nameUnknown__C)
                  0081b5dc    00000004     mmw_dss_pe674.oe674 (.const:xdc_runtime_Text_nodeTab__C)
                  0081b5e0    00000004     mmw_dss_pe674.oe674 (.const:xdc_runtime_Text_visitRopeFxn__C)
                  0081b5e4    00000002     mmw_dss_pe674.oe674 (.const:ti_sysbios_family_c64p_Exception_Module__id__C)
                  0081b5e6    00000002     mmw_dss_pe674.oe674 (.const:ti_sysbios_family_c64p_Exception_useInternalBuffer__C)
                  0081b5e8    00000002     mmw_dss_pe674.oe674 (.const:ti_sysbios_gates_GateMutex_Module__id__C)
                  0081b5ea    00000002     mmw_dss_pe674.oe674 (.const:ti_sysbios_hal_Hwi_Module__id__C)
                  0081b5ec    00000002     mmw_dss_pe674.oe674 (.const:ti_sysbios_heaps_HeapMem_Module__id__C)
                  0081b5ee    00000002     mmw_dss_pe674.oe674 (.const:ti_sysbios_knl_Semaphore_Module__id__C)
                  0081b5f0    00000002     mmw_dss_pe674.oe674 (.const:ti_sysbios_knl_Task_Module__id__C)
                  0081b5f2    00000002     mmw_dss_pe674.oe674 (.const:ti_sysbios_timers_rti_Timer_Module__id__C)
                  0081b5f4    00000002     mmw_dss_pe674.oe674 (.const:ti_sysbios_timers_rti_Timer_continueOnSuspend__C)
                  0081b5f6    00000002     mmw_dss_pe674.oe674 (.const:ti_sysbios_utils_Load_Module__id__C)
                  0081b5f8    00000002     mmw_dss_pe674.oe674 (.const:ti_sysbios_utils_Load_autoAddTasks__C)
                  0081b5fa    00000002     mmw_dss_pe674.oe674 (.const:ti_sysbios_utils_Load_updateInIdle__C)
                  0081b5fc    00000002     mmw_dss_pe674.oe674 (.const:xdc_runtime_Core_Module__id__C)
[...]
007ff940  xdc_runtime_System_Module_GateProxy_enter__E                 
007ff960  xdc_runtime_System_Module_GateProxy_leave__E                 
007ff980  xdc_runtime_System_Module_startup__E                         
007ff9a0  xdc_runtime_Text_visitRope__I                                
00800000  gDPC_ObjDetL2Heap                                            
0080c400  ti_sysbios_heaps_HeapMem_Instance_State_0_buf__A             
00814400  xdc_runtime_LoggerBuf_Instance_State_0_entryArr__A           
00817438  ti_sysbios_knl_Task_Instance_State_0_stack__A                
00817758  __TI_tmpnams                                                 
00817898  gMmwDssMCB                                                   
00817970  resultBuffer                                                 
00817988  edmaDbg                                                      
00817998  parmbuf                                                      
008179a0  ti_sysbios_knl_Task_Instance_State_0_hookEnv__A              
008179a4  __TI_STATIC_BASE                                             
008179a4  gObjDetObj                                                   
008179a8  _stack                                                       
008181a8  __TI_STACK_END                                               
008181a8  xdc_runtime_Text_charTab__A                                  
00819c02  ti_sysbios_family_c64p_Cache_Module__id__C                   
00819c04  ti_sysbios_family_c62_TaskSupport_stackAlignment__C          
00819c08  mmwavelib_twiddleTableCommon                                 
0081ad1c  ti_sysbios_family_c64p_Cache_E_invalidL1CacheSize__C         
0081ad20  xdc_runtime_Text_nodeTab__A                                  
0081af18  ti_sysbios_knl_Task_Object__PARAMS__C                        
0081af5c  ti_sysbios_family_c64p_Cache_E_invalidL2CacheSize__C         
0081afdc  xdc_runtime_LoggerBuf_Module__FXNS__C                        
0081b018  gEdmaHwAttrs                                                 
0081b050  xdc_runtime_Startup_sfxnTab__A                               
0081b084  ti_sysbios_family_c64p_Cache_MAR0_31__C                      
0081b088  gDPMMessageFxnTable                                          
0081b0b0  ti_sysbios_heaps_HeapMem_Module__FXNS__C                     
0081b0d8  xdc_runtime_LoggerBuf_Object__PARAMS__C                      
0081b100  Mailbox_defaultCfg                                           
0081b124  ti_sysbios_family_c64p_Cache_MAR128_159__C                   
0081b128  mmwavelib_dftHalfBinExpValue                                 
0081b14c  ti_sysbios_gates_GateHwi_Module__FXNS__C                     
0081b170  ti_sysbios_gates_GateMutex_Module__FXNS__C                   
0081b194  ti_sysbios_heaps_HeapMem_Object__PARAMS__C                   
0081b1b8  ti_sysbios_knl_Semaphore_Object__PARAMS__C                   
0081b1fc  ti_sysbios_gates_GateHwi_Object__DESC__C                     
0081b21c  ti_sysbios_gates_GateMutex_Object__DESC__C                   
0081b23c  ti_sysbios_heaps_HeapMem_Object__DESC__C                     
0081b25c  ti_sysbios_knl_Queue_Object__DESC__C                         
0081b27c  ti_sysbios_knl_Semaphore_Object__DESC__C                     
0081b29c  ti_sysbios_knl_Task_Object__DESC__C                          
0081b2bc  xdc_runtime_LoggerBuf_Object__DESC__C                        
0081b2f8  xdc_runtime_Startup_sfxnRts__A                               
0081b312  ti_sysbios_family_c64p_EventCombiner_Module__id__C           
0081b32c  ti_sysbios_gates_GateHwi_Object__PARAMS__C                   
0081b344  ti_sysbios_gates_GateMutex_Object__PARAMS__C                 
0081b35c  ti_sysbios_knl_Queue_Object__PARAMS__C                       
0081b374  ti_sysbios_family_c64p_Cache_MAR160_191__C                   
0081b378  ti_sysbios_knl_Task_hooks__A                                 
0081b3d4  ti_sysbios_family_c64p_Cache_MAR192_223__C                   
0081b3e8  ti_sysbios_family_c64p_EventCombiner_EVTMASK__C              
0081b3f8  ti_sysbios_knl_Idle_funcList__A                              
0081b404  ti_sysbios_knl_Idle_funcList__C                              
0081b40c  ti_sysbios_knl_Task_hooks__C                                 
0081b414  ti_sysbios_family_c64p_Cache_MAR224_255__C                   
0081b418  xdc_runtime_Startup_firstFxns__A                             
0081b420  xdc_runtime_Startup_firstFxns__C                             
0081b428  xdc_runtime_Startup_lastFxns__C                              
0081b430  ti_sysbios_family_c64p_Cache_MAR32_63__C                     
0081b434  ti_sysbios_family_c64p_Cache_MAR64_95__C                     
0081b438  ti_sysbios_family_c64p_Cache_MAR96_127__C                    
0081b43c  ti_sysbios_family_c64p_EventCombiner_A_invalidEventId__C     
0081b440  ti_sysbios_family_c64p_EventCombiner_EVTRegs__C              
0081b444  ti_sysbios_family_c64p_EventCombiner_E_unpluggedEvent__C     
0081b448  ti_sysbios_family_c64p_EventCombiner_Module__diagsEnabled__C 
0081b44c  ti_sysbios_family_c64p_EventCombiner_Module__diagsIncluded__C
0081b450  ti_sysbios_family_c64p_EventCombiner_Module__diagsMask__C    
0081b454  ti_sysbios_family_c64p_Exception_E_exceptionMax__C           
0081b458  ti_sysbios_family_c64p_Exception_exceptionHook__C            
0081b45c  ti_sysbios_family_c64p_Exception_externalHook__C             
0081b460  ti_sysbios_family_c64p_Exception_internalHook__C             
0081b464  ti_sysbios_family_c64p_Exception_nmiHook__C                  
0081b468  ti_sysbios_family_c64p_Hwi_INTRMUX1Address__C                
0081b46c  ti_sysbios_gates_GateMutex_A_badContext__C                   
0081b470  ti_sysbios_gates_GateMutex_Instance_State_sem__O             
0081b474  ti_sysbios_gates_GateMutex_Module__diagsEnabled__C           
0081b478  ti_sysbios_gates_GateMutex_Module__diagsIncluded__C          
0081b47c  ti_sysbios_gates_GateMutex_Module__diagsMask__C              
0081b480  ti_sysbios_hal_Hwi_E_stackOverflow__C                        
0081b484  ti_sysbios_heaps_HeapBuf_Instance_State_freeList__O          
0081b488  ti_sysbios_heaps_HeapBuf_Object__count__C                    
0081b48c  ti_sysbios_heaps_HeapBuf_numConstructedHeaps__C              
0081b490  ti_sysbios_heaps_HeapMem_A_align__C                          
0081b494  ti_sysbios_heaps_HeapMem_A_heapSize__C                       
0081b498  ti_sysbios_heaps_HeapMem_A_invalidFree__C                    
0081b49c  ti_sysbios_heaps_HeapMem_A_zeroBlock__C                      
0081b4a0  ti_sysbios_heaps_HeapMem_E_memory__C                         
0081b4a4  ti_sysbios_heaps_HeapMem_Module__diagsEnabled__C             
0081b4a8  ti_sysbios_heaps_HeapMem_Module__diagsIncluded__C            
0081b4ac  ti_sysbios_heaps_HeapMem_Module__diagsMask__C                
0081b4b0  ti_sysbios_heaps_HeapMem_Module__gateObj__C                  
0081b4b4  ti_sysbios_heaps_HeapMem_Object__count__C                    
0081b4b8  ti_sysbios_heaps_HeapMem_reqAlign__C                         
0081b4bc  ti_sysbios_knl_Clock_Module_State_clockQ__O                  
0081b4c0  ti_sysbios_knl_Semaphore_A_badContext__C                     
0081b4c4  ti_sysbios_knl_Semaphore_A_noEvents__C                       
0081b4c8  ti_sysbios_knl_Semaphore_A_overflow__C                       
0081b4cc  ti_sysbios_knl_Semaphore_A_pendTaskDisabled__C               
0081b4d0  ti_sysbios_knl_Semaphore_Instance_State_pendQ__O             
0081b4d4  ti_sysbios_knl_Semaphore_Module__diagsEnabled__C             
0081b4d8  ti_sysbios_knl_Semaphore_Module__diagsIncluded__C            
0081b4dc  ti_sysbios_knl_Semaphore_Module__diagsMask__C                
0081b4e0  ti_sysbios_knl_Swi_Object__count__C                          
0081b4e4  ti_sysbios_knl_Task_A_badPriority__C                         
0081b4e8  ti_sysbios_knl_Task_A_badTaskState__C                        
0081b4ec  ti_sysbios_knl_Task_A_badThreadType__C                       
0081b4f0  ti_sysbios_knl_Task_A_badTimeout__C                          
0081b4f4  ti_sysbios_knl_Task_A_noPendElem__C                          
0081b4f8  ti_sysbios_knl_Task_A_sleepTaskDisabled__C                   
0081b4fc  ti_sysbios_knl_Task_E_spOutOfBounds__C                       
0081b500  ti_sysbios_knl_Task_E_stackOverflow__C                       
0081b504  ti_sysbios_knl_Task_Module_State_inactiveQ__O                
0081b508  ti_sysbios_knl_Task_Module__diagsEnabled__C                  
0081b50c  ti_sysbios_knl_Task_Module__diagsIncluded__C                 
0081b510  ti_sysbios_knl_Task_Module__diagsMask__C                     
0081b514  ti_sysbios_knl_Task_Object__count__C                         
0081b518  ti_sysbios_knl_Task_Object__heap__C                          
0081b51c  ti_sysbios_knl_Task_allBlockedFunc__C                        
0081b520  ti_sysbios_knl_Task_defaultStackHeap__C                      
0081b524  ti_sysbios_knl_Task_defaultStackSize__C                      
0081b528  ti_sysbios_knl_Task_numConstructedTasks__C                   
0081b52c  ti_sysbios_timers_rti_Timer_E_cannotSupport__C               
0081b530  ti_sysbios_timers_rti_Timer_Module__diagsEnabled__C          
0081b534  ti_sysbios_timers_rti_Timer_Module__diagsIncluded__C         
0081b538  ti_sysbios_timers_rti_Timer_Module__diagsMask__C             
0081b53c  ti_sysbios_timers_rti_Timer_numTimerDevices__C               
0081b540  ti_sysbios_timers_rti_Timer_startupNeeded__C                 
0081b544  ti_sysbios_utils_Load_Module_State_taskList__O               
0081b548  ti_sysbios_utils_Load_Module__diagsEnabled__C                
0081b54c  ti_sysbios_utils_Load_Module__diagsIncluded__C               
0081b550  ti_sysbios_utils_Load_Module__diagsMask__C                   
0081b554  ti_sysbios_utils_Load_postUpdate__C                          
0081b558  ti_sysbios_utils_Load_windowInMs__C                          
0081b55c  xdc_runtime_Assert_E_assertFailed__C                         
0081b560  xdc_runtime_Core_A_initializedParams__C                      
0081b564  xdc_runtime_Core_Module__diagsEnabled__C                     
0081b568  xdc_runtime_Core_Module__diagsIncluded__C                    
0081b56c  xdc_runtime_Core_Module__diagsMask__C                        
0081b570  xdc_runtime_Error_E_memory__C                                
0081b574  xdc_runtime_Error_policyFxn__C                               
0081b578  xdc_runtime_Error_policy__C                                  
0081b57c  xdc_runtime_Error_raiseHook__C                               
0081b580  xdc_runtime_IFilterLogger_Interface__BASE__C                 
0081b584  xdc_runtime_IGateProvider_Interface__BASE__C                 
0081b588  xdc_runtime_IHeap_Interface__BASE__C                         
0081b58c  xdc_runtime_ILogger_Interface__BASE__C                       
0081b590  xdc_runtime_IModule_Interface__BASE__C                       
0081b594  xdc_runtime_LoggerBuf_E_badLevel__C                          
0081b598  xdc_runtime_LoggerBuf_Module__gateObj__C                     
0081b59c  xdc_runtime_LoggerBuf_Object__count__C                       
0081b5a0  xdc_runtime_LoggerBuf_statusLogger__C                        
0081b5a4  xdc_runtime_Memory_defaultHeapInstance__C                    
0081b5a8  xdc_runtime_Startup_execImpl__C                              
0081b5ac  xdc_runtime_Startup_maxPasses__C                             
0081b5b0  xdc_runtime_Startup_sfxnRts__C                               
0081b5b4  xdc_runtime_Startup_sfxnTab__C                               
0081b5b8  xdc_runtime_System_Module__gateObj__C                        
0081b5bc  xdc_runtime_System_abortFxn__C                               
0081b5c0  xdc_runtime_System_exitFxn__C                                
0081b5c4  xdc_runtime_System_extendFxn__C                              
0081b5c8  xdc_runtime_System_maxAtexitHandlers__C                      
0081b5cc  xdc_runtime_Text_charTab__C                                  
0081b5d0  xdc_runtime_Text_nameEmpty__C                                
0081b5d4  xdc_runtime_Text_nameStatic__C                               
0081b5d8  xdc_runtime_Text_nameUnknown__C                              
0081b5dc  xdc_runtime_Text_nodeTab__C                                  
0081b5e0  xdc_runtime_Text_visitRopeFxn__C                             
0081b5e4  ti_sysbios_family_c64p_Exception_Module__id__C               
0081b5e6  ti_sysbios_family_c64p_Exception_useInternalBuffer__C        
0081b5e8  ti_sysbios_gates_GateMutex_Module__id__C                     
0081b5ea  ti_sysbios_hal_Hwi_Module__id__C                             
0081b5ec  ti_sysbios_heaps_HeapMem_Module__id__C                       
0081b5ee  ti_sysbios_knl_Semaphore_Module__id__C                       
0081b5f0  ti_sysbios_knl_Task_Module__id__C                            
0081b5f2  ti_sysbios_timers_rti_Timer_Module__id__C                    
0081b5f4  ti_sysbios_timers_rti_Timer_continueOnSuspend__C             
0081b5f6  ti_sysbios_utils_Load_Module__id__C                          
0081b5f8  ti_sysbios_utils_Load_autoAddTasks__C                        
0081b5fa  ti_sysbios_utils_Load_updateInIdle__C                        
0081b5fc  xdc_runtime_Core_Module__id__C                               
0081b5fe  xdc_runtime_Error_maxDepth__C                                
0081b600  xdc_runtime_LoggerBuf_Module__id__C                          
0081b602  xdc_runtime_LoggerBuf_filterByLevel__C                       
0081b604  xdc_runtime_Main_Module__id__C                               
0081b606  xdc_runtime_Memory_Module__id__C                             
0081b608  xdc_runtime_Text_charCnt__C                                  
0081b60a  xdc_runtime_Text_isLoaded__C                                 
0081b60c  xdc_runtime_Text_registryModsLastId__C                       
0081b60e  xdc_runtime_Text_unnamedModsLastId__C                        
0081b610  ti_sysbios_family_c64p_EventCombiner_Module__state__V        
0081ba10  _ftable                                                      
0081bbf0  _stream                                                      
0081bc90  ti_sysbios_utils_Load_Module__state__V                       
0081bd28  ti_sysbios_knl_Swi_Module_State_0_readyQ__A                  
0081bda8  ti_sysbios_knl_Task_Module_State_0_readyQ__A                 
0081be28  _device                                                      
0081bea0  ti_sysbios_family_c64p_Hwi_Object__table__V                  
0081bf18  ti_sysbios_family_c64p_Hwi_Module__state__V                  
0081bf84  _lock                                                        
0081bfe8  ti_sysbios_knl_Task_Object__table__V                         
0081c044  gMailboxMCB                                                  
0081c094  ti_sysbios_knl_Task_Module__state__V                         
0081c0dc  _unlock                                                      
0081c160  SOC_TranslateAddr_LUT                                        
0081c1e0  ti_sysbios_gates_GateMutex_Object__table__V                  
0081c220  ti_sysbios_timers_rti_Timer_Object__table__V                 
0081c25c  ti_sysbios_family_c64p_Exception_Module__state__V            
0081c28c  __TI_ft_end                                                  
0081c290  ti_sysbios_knl_Swi_Object__table__V                          
0081c2c0  ti_sysbios_knl_Clock_Module__state__V                        
0081c2ec  gDPC_ObjectDetectionCfg                                      
0081c310  ti_sysbios_BIOS_Module__state__V                             
0081c334  __errno                                                      
0081c334  errno                                                        
0081c338  xdc_runtime_LoggerBuf_Object__table__V                       
0081c35c  ti_sysbios_family_c64p_Cache_Module__state__V                
0081c380  gSOCHwAttrib                                                 
0081c3a0  xdc_runtime_Error_IgnoreBlock                                
0081c3c0  xdc_runtime_System_Module_State_0_atexitHandlers__A          
0081c3e0  ti_sysbios_knl_Swi_Module__state__V                          
0081c3fc  ti_sysbios_heaps_HeapBuf_Module__state__V                    
0081c400  ti_sysbios_utils_Load_Module_State_0_taskEnv__A              
0081c41c  gMailboxDssBssHwCfg                                          
0081c434  gMailboxDssMssHwCfg                                          
0081c44c  xdc_runtime_Memory_Module__state__V                          
0081c450  ti_sysbios_heaps_HeapMem_Object__table__V                    
0081c468  ti_sysbios_timers_rti_Timer_Module_State_0_device__A         
0081c480  gDPMRemoteTable                                              
0081c494  xdc_runtime_Error_Module__state__V                           
0081c498  ti_sysbios_timers_rti_Timer_Module_State_0_intFreqs__A       
0081c4a8  ti_sysbios_timers_rti_Timer_Module__state__V                 
0081c4b8  __TI_cleanup_ptr                                             
0081c4bc  __TI_dtors_ptr                                               
0081c4c0  __TI_enable_exit_profile_output                              
0081c4c4  ti_sysbios_knl_Task_Module__root__V                          
0081c4d0  gDPMHwAttrib                                                 
0081c4d8  ti_sysbios_gates_GateHwi_Module__root__V                     
0081c4e0  ti_sysbios_gates_GateMutex_Module__root__V                   
0081c4e8  ti_sysbios_hal_Hwi_Object__table__V                          
0081c4f0  ti_sysbios_heaps_HeapMem_Module__root__V                     
0081c4f8  ti_sysbios_knl_Queue_Module__root__V                         
0081c500  ti_sysbios_knl_Semaphore_Module__root__V                     
0081c508  ti_sysbios_timers_rti_Timer_Module_State_0_handles__A        
0081c510  xdc_runtime_LoggerBuf_Module__root__V                        
0081c518  xdc_runtime_Registry_Module__state__V                        
0081c520  xdc_runtime_Startup_Module__state__V                         
0081c528  xdc_runtime_System_Module__state__V                          
0081c530  xdc_runtime_LoggerBuf_Module__state__V                       
0081c538  ti_sysbios_gates_GateHwi_Object__table__V                    
0081c540  ti_sysbios_knl_Task_Module_State_0_idleTask__A               
0081c548  ti_sysbios_utils_Load_Module_State_0_runningTask__A          
0081c550  ti_sysbios_utils_Load_Module_State_0_taskStartTime__A        
0081c558  __CIOBUF_                                                    
0081c740  gDPM                                                         
0081c744  regionId                                                     
00f00000  gDPC_ObjDetL1Heap                                            
20000000  gMmwL3                                                       
21080000  gHSRAM                                                       
ffffffff  __TI_pprof_out_hndl                                          
ffffffff  __TI_prof_data_size                                          
ffffffff  __TI_prof_data_start                                         
ffffffff  __binit__                                                    
ffffffff  __c_args__                                                   
ffffffff  binit                                                        
UNDEFED   __TI_CINIT_Base                                              
UNDEFED   __TI_CINIT_Limit                                             
UNDEFED   __TI_Handler_Table_Base                                      
UNDEFED   __TI_Handler_Table_Limit                                     
UNDEFED   __TI_INITARRAY_Base                                          
UNDEFED   __TI_INITARRAY_Limit                                         
UNDEFED   __TI_TLS_INIT_Base                                           
UNDEFED   __TI_TLS_INIT_Limit                                          

[792 symbols]
