******************************************************************************
                  TI ARM Linker PC v20.2.7                     
******************************************************************************
>> Linked Thu Apr 23 21:37:23 2026

OUTPUT FILE NAME:   <long_range_people_det_6843_mss.xer4f>
ENTRY POINT SYMBOL: "_c_int00"  address: 000206d4


MEMORY CONFIGURATION

         name            origin    length      used     unused   attr    fill
----------------------  --------  ---------  --------  --------  ----  --------
PAGE 0:
  VECTORS               00000000   00000100  0000003c  000000c4     X
  PROG_RAM              00000100   0007ff00  000296de  00056822  R  X
  DATA_RAM              08000000   00030000  0002cb3c  000034c4  RW  
  L3_RAM                51000000   000bff00  000bff00  00000000  RW  
  L3SRAM_CODE           510bff00   00000100  00000000  00000100  R   
  HWA_RAM               52030000   00010000  00000000  00010000  RW  
  HS_RAM                52080000   00008000  00000000  00008000  RW  

PAGE 1:
  L3_RAM                51000000   000bff00  00000000  000bff00  RW  


SEGMENT ALLOCATION MAP

run origin  load origin   length   init length attrs members
----------  ----------- ---------- ----------- ----- -------
00000000    00000000    0000003c   0000003c    r--
  00000000    00000000    0000003c   0000003c    r-- .vecs
00000100    00000100    000296e8   000296e8    r-x
  00000100    00000100    00026ea2   00026ea2    r-x .text
  00026fa8    00026fa8    0000224c   0000224c    r-- .const
  000291f8    000291f8    000005f0   000005f0    r-- .cinit
08000000    08000000    0002cb40   00000000    rw-
  08000000    08000000    00018000   00000000    rw- systemHeap
  08018000    08018000    0000f100   00000000    rw- .data
  08027100    08027100    00003a3c   00000000    rw- .bss
  0802ab3c    0802ab3c    00001000   00000000    rw- .dpcLocalRam
  0802bb40    0802bb40    00000800   00000000    rw- .myFiqStack
  0802c340    0802c340    00000800   00000000    rw- .stack
51000000    51000000    000bff00   00000000    rw-
  51000000    51000000    000bff00   00000000    rw- .l3ram


SECTION ALLOCATION MAP

 output                                  attributes/
section   page    origin      length       input sections
--------  ----  ----------  ----------   ----------------
systemHeap 
*          0    08000000    00018000     UNINITIALIZED
                  08000000    00018000     mmw_mss_per4ft.oer4ft (systemHeap)

.dpcLocalRam 
*          0    0802ab3c    00001000     UNINITIALIZED
                  0802ab3c    00001000     mss_main.oer4f (.dpcLocalRam)

.vecs      0    00000000    0000003c     
                  00000000    0000003c     mmw_mss_per4ft.oer4ft (.vecs)

.text      0    00000100    00026ea2     
                  00000100    00001510     mss_main.oer4f (.text:MmwDemo_handleObjectDetResult)
                  00001610    00000e20     libgtrack3D.aer4f : gtrack_unit_update.oer4f (.text:gtrack_unitUpdate)
                  00002430    00000a5c     mss_main.oer4f (.text:MmwDemo_dataPathConfig)
                  00002e8c    00000a46     rtsv7R4_T_le_v3D16_eabi.lib : _printfi.c.obj (.text:__TI_printfi)
                  000038d2    00000002     libadcbuf_xwr68xx.aer4f : adcbuf_mmwave.oer4f (.text:ADCBUF_MMWave_init)
                  000038d4    000008ea     mmw_cli.oer4f (.text:MmwDemo_CLIInit)
                  000041be    00000002     libhwa_xwr68xx.aer4f : hwa.oer4f (.text:HWA_init)
                  000041c0    00000778     rtsv7R4_T_le_v3D16_eabi.lib : s_cosf.c.obj (.text:cosf)
                  00004938    000006e4                                 : s_sinf.c.obj (.text:sinf)
                  0000501c    00000658     libhwa_xwr68xx.aer4f : hwa.oer4f (.text:HWA_configParamSet)
                  00005674    00000610     mss_main.oer4f (.text:MmwDemo_initTask)
                  00005c84    00000604     rtsv7R4_T_le_v3D16_eabi.lib : k_rem_pio2.c.obj (.text:__kernel_rem_pio2)
                  00006288    000005cc     libgtrack3D.aer4f : gtrack_create.oer4f (.text:gtrack_create)
                  00006854    0000059c     rtsv7R4_T_le_v3D16_eabi.lib : e_powf.c.obj (.text:powf)
                  00006df0    00000593     libgtrack3D.aer4f : gtrack_module.oer4f (.text:gtrack_moduleAllocate)
                  00007383    00000001     --HOLE-- [fill = 0]
                  00007384    00000564     librangeproc_hwa_xwr68xx.aer4f : rangeprochwa.oer4f (.text:DPU_RangeProcHWA_process)
                  000078e8    00000008     libosal_xwr68xx.aer4f : HwiP_tirtos.oer4f (.text:HwiP_disable)
                  000078f0    000004e1     sysbios.aer4ft : BIOS.obj (.text:xdc_runtime_System_doPrint__I)
                  00007dd1    00000001     --HOLE-- [fill = 0]
                  00007dd2    00000002     libmmwave_xwr68xx.aer4f : mmwave_link.oer4f (.text:MMWave_maskHostIRQ)
                  00007dd4    000004a8     libadcbuf_xwr68xx.aer4f : adcbuf_mmwave.oer4f (.text:ADCBUF_MMWave_control)
                  0000827c    00000465     libgtrack3D.aer4f : gtrack_unit_update.oer4f (.text:gtrack_velocityStateHandling)
                  000086e1    00000001     --HOLE-- [fill = 0]
                  000086e2    00000002     libuart_xwr68xx.aer4f : uartsci.oer4f (.text:UartSci_init)
                  000086e4    00000440     mmwdemo_rfparser.oer4f (.text:MmwDemo_RFParser_parseCtrlConfig)
                  00008b24    0000043c     librangeproc_hwa_xwr68xx.aer4f : rangeprochwa.oer4f (.text:DPU_RangeProcHWA_config)
                  00008f60    00000410     libcli_xwr68xx.aer4f : cli_mmwave.oer4f (.text:CLI_MMWaveVersion)
                  00009370    000003fd     mmw_cli.oer4f (.text:MmwDemo_CLISensorStart)
                  0000976d    00000001     --HOLE-- [fill = 0]
                  0000976e    00000002     rtsv7R4_T_le_v3D16_eabi.lib : _lock.c.obj (.text:_nop)
                  00009770    000003f8     libgtrack3D.aer4f : gtrack_unit_score.oer4f (.text:gtrack_unitScore)
                  00009b68    000003f4     rtsv7R4_T_le_v3D16_eabi.lib : s_cos.c.obj (.text:cos)
                  00009f5c    000003e8                                 : strtod.c.obj (.text:strtod)
                  0000a344    0000033c     mss_main.oer4f (.text:MmwDemo_DPC_ObjectDetection_reportFxn)
                  0000a680    00000332     libgtrack3D.aer4f : gtrack_utilities_3d.oer4f (.text:gtrack_matrixInv)
                  0000a9b2    0000000e     libsoc_xwr68xx.aer4f : soc_xwr68xx_mss.oer4f (.text:SOC_microDelay)
                  0000a9c0    0000032c     sysbios.aer4ft : BIOS.obj (.text:ti_sysbios_knl_Semaphore_pend__E)
                  0000acec    00000314     libsoc_xwr68xx.aer4f : soc_xwr68xx_mss.oer4f (.text:SOC_deviceInit)
                  0000b000    00000304     librangeproc_hwa_xwr68xx.aer4f : rangeprochwa.oer4f (.text:rangeProcHWA_ConfigEDMA_DataOut_nonInterleave)
                  0000b304    000002f8     libcbuff_xwr68xx.aer4f : cbuff.oer4f (.text:CBUFF_createSession)
                  0000b5fc    000002f8     libgtrack3D.aer4f : gtrack_unit_event.oer4f (.text:gtrack_unitEvent)
                  0000b8f4    0000000c     libedma_xwr68xx.aer4f : edma_low_level.oer4f (.text:EDMA3ChannelToParamMap)
                  0000b900    000002d0     sysbios.aer4ft : BIOS.obj (.text:ti_sysbios_knl_Task_Instance_finalize__E)
                  0000bbd0    000002c4     libhwa_xwr68xx.aer4f : hwa.oer4f (.text:HWA_configCommon)
                  0000be94    000002b4     rtsv7R4_T_le_v3D16_eabi.lib : ull_div32.asm.obj (.text)
                  0000c148    000002a8                                 : s_tanf.c.obj (.text:tanf)
                  0000c3f0    000002a4     sysbios.aer4ft : BIOS.obj (.text:ti_sysbios_heaps_HeapMem_freeUnprotected__E)
                  0000c694    00000290     libgtrack3D.aer4f : gtrack_step.oer4f (.text:gtrack_step)
                  0000c924    00000284     libmmwave_xwr68xx.aer4f : mmwave_dualcore.oer4f (.text:MMWave_deviceExecuteFxn)
                  0000cba8    00000284     mss_main.oer4f (.text:MmwDemo_processPendingDynamicCfgCommands)
                  0000ce2c    00000280     libhsiheader_xwr68xx.aer4f : hsiheader.oer4f (.text:HSIHeader_createHeader)
                  0000d0ac    00000004     libosal_xwr68xx.aer4f : HwiP_tirtos.oer4f (.text:HwiP_disableInterrupt)
                  0000d0b0    00000280     sysbios.aer4ft : BIOS.obj (.text:ti_sysbios_family_arm_exc_Exception_excDumpContext__I)
                  0000d330    00000264     libcbuff_xwr68xx.aer4f : cbuff.oer4f (.text:CBUFF_init)
                  0000d594    00000260     libmailbox_xwr68xx.aer4f : mailbox.oer4f (.text:Mailbox_open)
                  0000d7f4    0000025c     mss_main.oer4f (.text:MmwDemo_sensorStopEpilog)
                  0000da50    00000254     libcli_xwr68xx.aer4f : cli_mmwave.oer4f (.text:CLI_MMWaveProfileCfg)
                  0000dca4    00000248     rtsv7R4_T_le_v3D16_eabi.lib : _printfi.c.obj (.text:_pconv_a)
                  0000deec    00000240     objdetrangehwa.oer4f (.text:DPC_ObjDetRangeHwa_rangeConfig)
                  0000e12c    0000023c     mmw_lvds_stream.oer4f (.text:MmwDemo_LVDSStreamHwConfig)
                  0000e368    00000008     libmmwave_xwr68xx.aer4f : mmwave.oer4f (.text:MMWave_decodeErrorLevel)
                  0000e370    00000238     sysbios.aer4ft : BIOS.obj (.text:ti_sysbios_heaps_HeapMem_allocUnprotected__E)
                  0000e5a8    0000022c     libcbuff_xwr68xx.aer4f : cbuff_lvds.oer4f (.text:CBUFF_openLVDS)
                  0000e7d4    0000022c     librangeproc_hwa_xwr68xx.aer4f : rangeprochwa.oer4f (.text:rangeProcHWA_ConfigHWA)
                  0000ea00    00000224     sysbios.aer4ft : BIOS.obj (.text:ti_sysbios_timers_rti_Timer_Module_startup__E)
                  0000ec24    00000220     objdetrangehwa.oer4f (.text:DPC_ObjectDetection_ioctl)
                  0000ee44    00000214     libuart_xwr68xx.aer4f : uartsci.oer4f (.text:UartSci_open)
                  0000f058    0000020e     libgtrack3D.aer4f : gtrack_unit_predict.oer4f (.text:gtrack_unitPredict)
                  0000f266    00000002     rtsv7R4_T_le_v3D16_eabi.lib : div0.asm.obj (.text)
                  0000f268    0000020a     libcbuff_xwr68xx.aer4f : cbuff_transfer.oer4f (.text:CBUFF_addLinkedList)
                  0000f472    0000000e     libosal_xwr68xx.aer4f : SemaphoreP_tirtos.oer4f (.text:SemaphoreP_delete)
                  0000f480    00000208     sysbios.aer4ft : BIOS.obj (.text:ti_sysbios_knl_Task_sleep__E)
                  0000f688    00000204     libcli_xwr68xx.aer4f : cli_mmwave.oer4f (.text:CLI_MMWaveChirpCfg)
                  0000f88c    00000204     libcrc_xwr68xx.aer4f : crc.oer4f (.text:CRC_open)
                  0000fa90    000001f8     sysbios.aer4ft : BIOS.obj (.text:ti_sysbios_knl_Task_Instance_init__E)
                  0000fc88    000001f0     libdma_xwr68xx.aer4f : dma.oer4f (.text:DMA_setChannelParams)
                  0000fe78    000001f0     mss_main.oer4f (.text:MmwDemo_eventCallbackFxn)
                  00010068    000001ef     libedma_xwr68xx.aer4f : edma.oer4f (.text:EDMA_paramConfig_assist)
                  00010257    00000001     --HOLE-- [fill = 0]
                  00010258    000001e4     rtsv7R4_T_le_v3D16_eabi.lib : e_logf.c.obj (.text:logf)
                  0001043c    000001e0     mss_main.oer4f (.text:MmwDemo_stopSensor)
                  0001061c    000001e0     libgtrack3D.aer4f : gtrack_utilities.oer4f (.text:gtrack_computeJacobian)
                  000107fc    000001d4     libcbuff_xwr68xx.aer4f : cbuff_edma.oer4f (.text:CBUFF_configEDMA)
                  000109d0    000001d0     libmmwave_xwr68xx.aer4f : mmwave_link.oer4f (.text:MMWave_openLink)
                  00010ba0    000001cc     sysbios.aer4ft : BIOS.obj (.text:ti_sysbios_family_arm_v7r_vim_Hwi_dispatchIRQC__I)
                  00010d6c    000001c8     libcbuff_xwr68xx.aer4f : cbuff_lvds.oer4f (.text:CBUFF_initLVDS)
                  00010f34    000001c8     libtrackerproc_xwr68xx.aer4f : trackerproc_3d.oer4f (.text:DPU_TrackerProc_process)
                  000110fc    000001c8     libmmwavelink_xwr68xx.aer4f : rl_driver.oer4f (.text:rlDriverRxHdrRead)
                  000112c4    000001c4     libedma_xwr68xx.aer4f : edma.oer4f (.text:EDMA_open)
                  00011488    000001c4     libgtrack3D.aer4f : gtrack_unit_create.oer4f (.text:gtrack_unitCreate)
                  0001164c    000001b4     libedma_xwr68xx.aer4f : edma.oer4f (.text:EDMA_configChannel)
                  00011800    000001b0     libmmwavelink_xwr68xx.aer4f : rl_driver.oer4f (.text:rlDriverMsgRead)
                  000119b0    000001a8     mss_main.oer4f (.text:MmwDemo_bpmConfig)
                  00011b58    000001a4     libcbuff_xwr68xx.aer4f : cbuff.oer4f (.text:CBUFF_activateSession)
                  00011cfc    000001a4     libcli_xwr68xx.aer4f : cli_mmwave.oer4f (.text:CLI_MMWaveSubFrameCfg)
                  00011ea0    000001a4     libmmwave_xwr68xx.aer4f : mmwave_dualcore.oer4f (.text:MMWave_serializeCfg)
                  00012044    000001a4     libgtrack3D.aer4f : gtrack_unit_start.oer4f (.text:gtrack_unitStart)
                  000121e8    000001a0     mss_main.oer4f (.text:MmwDemo_openSensor)
                  00012388    000001a0     rtsv7R4_T_le_v3D16_eabi.lib : _printfi.c.obj (.text:_pconv_g)
                  00012528    00000008     libmmwave_xwr68xx.aer4f : mmwave_link.oer4f (.text:MMWave_mboxCallbackFxn)
                  00012530    0000019c     sysbios.aer4ft : BIOS.obj (.text:xdc_runtime_Error_policyDefault__E)
                  000126cc    00000190     libmmwavelink_xwr68xx.aer4f : rl_driver.oer4f (.text:rlDriverCmdInvoke)
                  0001285c    0000018b     libgtrack3D.aer4f : gtrack_module.oer4f (.text:gtrack_modulePresence)
                  000129e7    00000001     --HOLE-- [fill = 0]
                  000129e8    00000188     libhwa_xwr68xx.aer4f : hwa.oer4f (.text:HWA_open)
                  00012b70    00000184     libtrackerproc_xwr68xx.aer4f : trackerproc_3d.oer4f (.text:DPU_TrackerProc_config)
                  00012cf4    0000000c     libedma_xwr68xx.aer4f : edma_low_level.oer4f (.text:EDMAsetRegion)
                  00012d00    00000184     sysbios.aer4ft : BIOS.obj (.text:xdc_runtime_LoggerBuf_write8__E)
                  00012e84    00000180     libdpm_xwr68xx.aer4f : dpm_core.oer4f (.text:DPM_init)
                  00013004    00000180                          : dpm_msg.oer4f (.text:DPM_msgRecv)
                  00013184    00000180     mss_main.oer4f (.text:MmwDemo_startSensor)
                  00013304    0000017c     mmwdemo_rfparser.oer4f (.text:MmwDemo_RFParser_setAoAParams)
                  00013480    0000017c     mss_main.oer4f (.text:MmwDemo_transferLVDSUserData)
                  000135fc    00000174     tracker_utils.oer4f (.text:MmwDemo_CLITrackingCfg)
                  00013770    00000170     libgpio_xwr68xx.aer4f : gpio.oer4f (.text:GPIO_setConfig)
                  000138e0    0000016c     sysbios.aer4ft : BIOS.obj (.text:ti_sysbios_family_arm_exc_Exception_excHandler__I)
                  00013a4c    00000004     libosal_xwr68xx.aer4f : HwiP_tirtos.oer4f (.text:HwiP_enableInterrupt)
                  00013a50    0000016c     sysbios.aer4ft : BIOS.obj (.text:ti_sysbios_knl_Semaphore_post__E)
                  00013bbc    00000168     objdetrangehwa.oer4f (.text:DPC_ObjectDetection_init)
                  00013d24    00000164     mmw_lvds_stream.oer4f (.text:MmwDemo_LVDSStreamInit)
                  00013e88    00000164     mmw_lvds_stream.oer4f (.text:MmwDemo_LVDSStreamSwConfig)
                  00013fec    00000004     libmmwave_xwr68xx.aer4f : mmwave_link.oer4f (.text:MMWave_disableDevice)
                  00013ff0    00000160     sysbios.aer4ft : BIOS.obj (.text:ti_sysbios_family_arm_v7r_vim_Hwi_reconfig__E)
                  00014150    0000015c     objdetrangehwa.oer4f (.text:DPC_ObjectDetection_execute)
                  000142ac    00000004     libmmwave_xwr68xx.aer4f : mmwave_link.oer4f (.text:MMWave_enableDevice)
                  000142b0    00000158     sysbios.aer4ft : BIOS.obj (.text:ti_sysbios_knl_Task_postInit__I)
                  00014408    00000154     mss_main.oer4f (.text:TrackerDemo_transmitProcessedOutput)
                  0001455c    00000154     rtsv7R4_T_le_v3D16_eabi.lib : s_atanf.c.obj (.text:atanf)
                  000146b0    0000014c     libcli_xwr68xx.aer4f : cli_mmwave.oer4f (.text:CLI_MMWaveFrameCfg)
                  000147fc    0000014c                          : cli.oer4f (.text:CLI_task)
                  00014948    0000014c     libmmwave_xwr68xx.aer4f : mmwave_link.oer4f (.text:MMWave_initMMWaveLink)
                  00014a94    0000014c     mss_main.oer4f (.text:main)
                  00014be0    0000014a     libuart_xwr68xx.aer4f : uartsci.oer4f (.text:UartSci_ISR)
                  00014d2a    00000002     mmw_mss_per4ft.oer4ft (.text:ti_sysbios_BIOS_nullFunc__I)
                  00014d2c    00000148     libhsiheader_xwr68xx.aer4f : hsiheader.oer4f (.text:HSIHeader_init)
                  00014e74    00000148     mmw_cli.oer4f (.text:MmwDemo_CLILvdsStreamCfg)
                  00014fbc    00000148     libmmwavelink_xwr68xx.aer4f : rl_driver.oer4f (.text:rlDriverCmdSendRetry)
                  00015104    0000000c     libmmwave_xwr68xx.aer4f : mmwave_dualcore.oer4f (.text:MMWave_deviceMailboxCallbackFxn)
                  00015110    00000140     sysbios.aer4ft : BIOS.obj (.text:ti_sysbios_heaps_HeapMem_Instance_init__E)
                  00015250    00000140                    : BIOS.obj (.text:xdc_runtime_Core_createObject__I)
                  00015390    0000013c     mmw_lvds_stream.oer4f (.text:MmwDemo_LVDSStreamDeleteHwSession)
                  000154cc    00000004     libmmwave_xwr68xx.aer4f : mmwave_listlib.oer4f (.text:MMWave_listGetHead)
                  000154d0    0000013c     sysbios.aer4ft : BIOS.obj (.text:ti_sysbios_knl_Clock_workFunc__E)
                  0001560c    00000134     libadcbuf_xwr68xx.aer4f : adcbuf_mmwave.oer4f (.text:ADCBUF_MMWave_open)
                  00015740    00000134     sysbios.aer4ft : BIOS.obj (.text:xdc_runtime_Startup_startMods__I)
                  00015874    00000130     mmw_lvds_stream.oer4f (.text:MmwDemo_LVDSStreamDeleteSwSession)
                  000159a4    00000130     libgtrack3D.aer4f : gtrack_utilities.oer4f (.text:gtrack_cartesian2spherical)
                  00015ad4    0000012c     librangeproc_hwa_xwr68xx.aer4f : rangeprochwa.oer4f (.text:rangeProcHWA_ConfigEDMADummyThreeLinks)
                  00015c00    00000128     mmw_cli.oer4f (.text:MmwDemo_CLIBpmCfg)
                  00015d28    00000128     libmathutils.aer4f : mathutils.oer4f (.text:mathUtils_genWindow)
                  00015e50    00000128     sysbios.aer4ft : BIOS.obj (.text:ti_sysbios_utils_Load_updateThreadContexts__E)
                  00015f78    00000124     libcli_xwr68xx.aer4f : cli_mmwave.oer4f (.text:CLI_MMWaveAdvFrameCfg)
                  0001609c    00000124                          : cli_mmwave.oer4f (.text:CLI_MMWaveContModeCfg)
                  000161c0    00000124     libedma_xwr68xx.aer4f : edma.oer4f (.text:EDMA_init)
                  000162e4    0000000c     libmmwave_xwr68xx.aer4f : mmwave_osal.oer4f (.text:MMWave_osalMutexUnlock)
                  000162f0    00000120     sysbios.aer4ft : BIOS.obj (.text:xdc_runtime_LoggerBuf_write4__E)
                  00016410    00000118     libedma_xwr68xx.aer4f : edma.oer4f (.text:EDMA_transferComplete_isr)
                  00016528    00000008     libosal_xwr68xx.aer4f : MemoryP_tirtos.oer4f (.text:MemoryP_getStats)
                  00016530    00000118     sysbios.aer4ft : BIOS.obj (.text:ti_sysbios_family_arm_v7r_vim_Hwi_Instance_init__E)
                  00016648    00000116     mmw_cli.oer4f (.text:MmwDemo_CLICalibDcRangeSig)
                  0001675e    00000002     mmw_mss_per4ft.oer4ft (.text:xdc_runtime_Startup_reset__I)
                  00016760    00000114     libedma_xwr68xx.aer4f : edma.oer4f (.text:EDMA_configErrorMonitoring)
                  00016874    00000114     mss_main.oer4f (.text:HeartRate_findPeakFrequency)
                  00016988    00000110     mmw_cli.oer4f (.text:MmwDemo_CLIAnalogMonitorCfg)
                  00016a98    0000010c     libdpedma_hwa_xwr68xx.aer4f : dpedma.oer4f (.text:DPEDMA_configSyncAB)
                  00016ba4    0000010c     libdpm_xwr68xx.aer4f : dpm_msg.oer4f (.text:DPM_msgResultHandler)
                  00016cb0    0000010c     libmmwave_xwr68xx.aer4f : mmwave_link.oer4f (.text:MMWave_asyncEventHandler)
                  00016dbc    0000010c                             : mmwave_dualcore.oer4f (.text:MMWave_deviceInitFxn)
                  00016ec8    00000008     libosal_xwr68xx.aer4f : SemaphoreP_tirtos.oer4f (.text:SemaphoreP_Params_init)
                  00016ed0    0000010c     sysbios.aer4ft : BIOS.obj (.text:ti_sysbios_knl_Task_schedule__I)
                  00016fdc    00000004     libmmwave_xwr68xx.aer4f : mmwave_listlib.oer4f (.text:MMWave_listGetNext)
                  00016fe0    0000010c     sysbios.aer4ft : BIOS.obj (.text:xdc_runtime_Core_constructObject__I)
                  000170ec    00000108     libdma_xwr68xx.aer4f : dma.oer4f (.text:DMA_disableInterrupt)
                  000171f4    00000108     libmailbox_xwr68xx.aer4f : mailbox.oer4f (.text:Mailbox_write)
                  000172fc    00000108     mmw_cli.oer4f (.text:MmwDemo_CLICfarCfg)
                  00017404    00000104     libcbuff_xwr68xx.aer4f : cbuff.oer4f (.text:CBUFF_deinit)
                  00017508    00000104     libdpedma_hwa_xwr68xx.aer4f : dpedma.oer4f (.text:DPEDMA_configSyncA_singleFrame)
                  0001760c    00000104     libmmwave_xwr68xx.aer4f : mmwave_link.oer4f (.text:MMWave_startLink)
                  00017710    00000104     mmw_cli.oer4f (.text:MmwDemo_CLIChirpQualityRxSatMonCfg)
                  00017814    00000104     mmw_cli.oer4f (.text:MmwDemo_CLICompRangeBiasAndRxChanPhaseCfg)
                  00017918    00000104     rtsv7R4_T_le_v3D16_eabi.lib : _printfi.c.obj (.text:_pconv_e)
                  00017a1c    00000004     libmmwave_xwr68xx.aer4f : mmwave_link.oer4f (.text:MMWave_mboxClose)
                  00017a20    00000104     sysbios.aer4ft : BIOS.obj (.text:ti_sysbios_timers_rti_Timer_getFreq__E)
                  00017b24    00000100     libcli_xwr68xx.aer4f : cli_mmwave.oer4f (.text:CLI_MMWaveBPMCfgAdvanced)
                  00017c24    00000100     libdma_xwr68xx.aer4f : dma.oer4f (.text:DMA_clearChannelInterruptFlag)
                  00017d24    00000100     libgtrack3D.aer4f : gtrack_utilities.oer4f (.text:gtrack_spherical2cartesian)
                  00017e24    00000100     libmmwavelink_xwr68xx.aer4f : rl_driver.oer4f (.text:rlDriverInit)
                  00017f24    000000fc     libcbuff_xwr68xx.aer4f : cbuff.oer4f (.text:CBUFF_deleteSession)
                  00018020    000000fc     libcrc_xwr68xx.aer4f : crc.oer4f (.text:CRC_computeSignature)
                  0001811c    000000fc     mmw_cli.oer4f (.text:MmwDemo_CLIADCBufCfg)
                  00018218    000000fc     rtsv7R4_T_le_v3D16_eabi.lib : _printfi.c.obj (.text:fcvt)
                  00018314    0000000c     libmmwave_xwr68xx.aer4f : mmwave_osal.oer4f (.text:MMWave_osalSemSignal)
                  00018320    000000fc     sysbios.aer4ft : BIOS.obj (.text:ti_sysbios_knl_Task_exit__E)
                  0001841c    000000f8     mmw_lvds_stream.oer4f (.text:MmwDemo_configLVDSHwData)
                  00018514    000000f8     libmmwavelink_xwr68xx.aer4f : rl_driver.oer4f (.text:rlDriverRdVerifyMsg)
                  0001860c    000000f8     mmw_mss_per4ft.oer4ft (.text:xdc_runtime_System_printfExtend__I)
                  00018704    000000f4     tracker_utils.oer4f (.text:MmwDemo_CLISensorPositionCfg)
                  000187f8    000000f0     rtsv7R4_T_le_v3D16_eabi.lib : s_scalbn.c.obj (.text:scalbn)
                  000188e8    00000008                                 : errno.c.obj (.text:__aeabi_errno_addr)
                  000188f0    000000f0     sysbios.aer4ft : BIOS.obj (.text:ti_sysbios_family_arm_v7r_vim_Hwi_Module_startup__E)
                  000189e0    000000f0                    : BIOS.obj (.text:ti_sysbios_knl_Task_startCore__E)
                  00018ad0    000000f0                    : BIOS.obj (.text:ti_sysbios_utils_Load_taskCreateHook__E)
                  00018bc0    000000ec     mmw_cli.oer4f (.text:MmwDemo_CLIChirpQualitySigImgMonCfg)
                  00018cac    00000004     libmmwave_xwr68xx.aer4f : mmwave_link.oer4f (.text:MMWave_mboxRead)
                  00018cb0    000000ec     sysbios.aer4ft : BIOS.obj (.text:ti_sysbios_heaps_HeapBuf_Module_startup__E)
                  00018d9c    000000ea     libdpedma_hwa_xwr68xx.aer4f : dpedmahwa.oer4f (.text:DPEDMAHWA_configTwoHotSignature)
                  00018e86    00000002     --HOLE-- [fill = 0]
                  00018e88    000000e4     libmmwavelink_xwr68xx.aer4f : rl_sensor.oer4f (.text:rlRfPhShiftCalibDataRestore)
                  00018f6c    000000e0     libcli_xwr68xx.aer4f : cli.oer4f (.text:CLI_open)
                  0001904c    000000e0     libdma_xwr68xx.aer4f : dma.oer4f (.text:DMA_enableInterrupt)
                  0001912c    000000e0     rtsv7R4_T_le_v3D16_eabi.lib : s_floor.c.obj (.text:floor)
                  0001920c    000000de     mss_main.oer4f (.text:MmwDemo_setSubFramePendingState)
                  000192ea    00000002     --HOLE-- [fill = 0]
                  000192ec    000000dc     libmmwave_xwr68xx.aer4f : mmwave.oer4f (.text:MMWave_init)
                  000193c8    000000dc     libmmwavelink_xwr68xx.aer4f : rl_driver.oer4f (.text:rlDriverMsgCmdReply)
                  000194a4    000000dc     rtsv7R4_T_le_v3D16_eabi.lib : setvbuf.c.obj (.text:setvbuf)
                  00019580    000000d4     libmailbox_xwr68xx.aer4f : mailbox.oer4f (.text:Mailbox_read)
                  00019654    000000d4     mss_main.oer4f (.text:MmwDemo_configSensor)
                  00019728    000000d4     librangeproc_hwa_xwr68xx.aer4f : rangeprochwa.oer4f (.text:rangeProcHWA_ConfigEDMA_DataIn)
                  000197fc    000000d4     libmmwavelink_xwr68xx.aer4f : rl_sensor.oer4f (.text:rlSetMultiBpmChirpConfig)
                  000198d0    000000d4     sysbios.aer4ft : BIOS.obj (.text:ti_sysbios_utils_Load_logLoads__I)
                  000199a4    000000d2     libgtrack3D.aer4f : gtrack_math.oer4f (.text:gtrack_matrixPrint2)
                  00019a76    00000002     --HOLE-- [fill = 0]
                  00019a78    000000d0     librangeproc_hwa_xwr68xx.aer4f : rangeprochwa.oer4f (.text:DPU_RangeProcHWA_control)
                  00019b48    000000d0     rtsv7R4_T_le_v3D16_eabi.lib : s_scalbnf.c.obj (.text:scalbnf)
                  00019c18    000000d0     sysbios.aer4ft : exc_Exception_asm.obj (.text:ti_sysbios_family_arm_exc_Exception_excHandlerAsm__I)
                  00019ce8    00000008     libgtrack3D.aer4f : gtrack_unit_delete.oer4f (.text:gtrack_unitDelete)
                  00019cf0    000000d0     sysbios.aer4ft : BIOS.obj (.text:ti_sysbios_utils_Load_idleFxn__E)
                  00019dc0    000000d0                    : BIOS.obj (.text:xdc_runtime_LoggerBuf_Instance_init__E)
                  00019e90    000000cc     libhwa_xwr68xx.aer4f : hwa.oer4f (.text:HWA_enableParamSetInterrupt)
                  00019f5c    000000cc     libmmwavelink_xwr68xx.aer4f : rl_sensor.oer4f (.text:rlRfCalibDataRestore)
                  0001a028    000000cc                                 : rl_sensor.oer4f (.text:rlSetChirpConfig)
                  0001a0f4    0000000c     libuart_xwr68xx.aer4f : UART.oer4f (.text:UART_Params_init)
                  0001a100    000000cc     sysbios.aer4ft : BIOS.obj (.text:ti_sysbios_knl_Task_checkStacks__E)
                  0001a1cc    000000c8     libmmwave_xwr68xx.aer4f : mmwave_fullcfg.oer4f (.text:MMWave_addChirp)
                  0001a294    000000c8                             : mmwave_link.oer4f (.text:MMWave_configBPM)
                  0001a35c    000000c8                             : mmwave_fullcfg.oer4f (.text:MMWave_flushCfg)
                  0001a424    000000c8                             : mmwave_fullcfg.oer4f (.text:MMWave_getChirpHandle)
                  0001a4ec    000000c8     libsoc_xwr68xx.aer4f : soc_xwr68xx.oer4f (.text:SOC_ungateClock)
                  0001a5b4    000000c8     libgtrack3D.aer4f : gtrack_delete.oer4f (.text:gtrack_delete)
                  0001a67c    000000c8     libmmwavelink_xwr68xx.aer4f : rl_sensor.oer4f (.text:rlSetFrameConfig)
                  0001a744    000000c4     libcbuff_xwr68xx.aer4f : cbuff_transfer.oer4f (.text:CBUFF_setupNonInterleaved_CP_ADC_CQ)
                  0001a808    000000c4     libdpm_xwr68xx.aer4f : dpm_core.oer4f (.text:DPM_deinit)
                  0001a8cc    000000c4                          : dpm_core.oer4f (.text:DPM_ioctl)
                  0001a990    000000c4     tracker_utils.oer4f (.text:MmwDemo_CLIPresenceParamCfg)
                  0001aa54    0000000c     libuart_xwr68xx.aer4f : uartsci_dma.oer4f (.text:UartSci_isDMAEnabled)
                  0001aa60    000000c4     sysbios.aer4ft : BIOS.obj (.text:ti_sysbios_family_arm_v7a_Pmu_configureCounter__E)
                  0001ab24    000000c0     librangeproc_hwa_xwr68xx.aer4f : rangeprochwa.oer4f (.text:DPU_RangeProcHWA_init)
                  0001abe4    000000c0     mss_main.oer4f (.text:MmwDemo_isAllCfgInPendingState)
                  0001aca4    000000c0     libmmwavelink_xwr68xx.aer4f : rl_driver.oer4f (.text:rlDriverMsgWrite)
                  0001ad64    0000000c     rtsv7R4_T_le_v3D16_eabi.lib : _lock.c.obj (.text:_register_lock)
                  0001ad70    000000c0     sysbios.aer4ft : BIOS.obj (.text:ti_sysbios_timers_rti_Timer_startup__E)
                  0001ae30    000000bc     libcli_xwr68xx.aer4f : cli.oer4f (.text:CLI_help)
                  0001aeec    000000bc     libgpio_xwr68xx.aer4f : gpio.oer4f (.text:GPIO_write)
                  0001afa8    000000bc     libmmwave_xwr68xx.aer4f : mmwave_link.oer4f (.text:MMWave_computeCRC)
                  0001b064    000000bc     mmw_lvds_stream.oer4f (.text:MmwDemo_LVDSStream_EDMAInit)
                  0001b120    000000b8     libcbuff_xwr68xx.aer4f : cbuff.oer4f (.text:CBUFF_ISR)
                  0001b1d8    000000b8                            : cbuff_transfer.oer4f (.text:CBUFF_setupTransfer)
                  0001b290    000000b8     libdma_xwr68xx.aer4f : dma.oer4f (.text:DMA_getChannelInterruptFlag)
                  0001b348    000000b6     libsoc_xwr68xx.aer4f : soc_mpu.o (.text)
                  0001b3fe    00000002     --HOLE-- [fill = 0]
                  0001b400    000000b4     rtsv7R4_T_le_v3D16_eabi.lib : k_cos.c.obj (.text:__kernel_cos)
                  0001b4b4    0000000c                                 : _lock.c.obj (.text:_register_unlock)
                  0001b4c0    000000b4     sysbios.aer4ft : BIOS.obj (.text:ti_sysbios_gates_GateMutex_enter__E)
                  0001b574    0000000c                    : arm_IntrinsicsSupport_asm.obj (.text:_ti_sysbios_family_arm_IntrinsicsSupport_maxbitA)
                  0001b580    000000b4                    : BIOS.obj (.text:xdc_runtime_LoggerBuf_setFilterLevel__E)
                  0001b634    000000b2     libuart_xwr68xx.aer4f : uartsci_dma.oer4f (.text:UartSci_openDMA)
                  0001b6e6    00000002     --HOLE-- [fill = 0]
                  0001b6e8    000000b0     libcbuff_xwr68xx.aer4f : cbuff.oer4f (.text:CBUFF_deactivateSession)
                  0001b798    000000b0     libmmwave_xwr68xx.aer4f : mmwave_fullcfg.oer4f (.text:MMWave_addProfile)
                  0001b848    000000b0     tracker_utils.oer4f (.text:MmwDemo_CLIBoundaryBoxCfg)
                  0001b8f8    000000b0     tracker_utils.oer4f (.text:MmwDemo_CLIStaticBoundaryBoxCfg)
                  0001b9a8    000000b0     mss_main.oer4f (.text:MmwDemo_isAllCfgInNonPendingState)
                  0001ba58    000000b0     libgtrack3D.aer4f : gtrack_utilities_3d.oer4f (.text:gtrack_calcMeasurementLimits)
                  0001bb08    000000b0     libmmwavelink_xwr68xx.aer4f : rl_sensor.oer4f (.text:rlSetProfileConfig)
                  0001bbb8    00000008     librangeproc_hwa_xwr68xx.aer4f : rangeprochwa.oer4f (.text:rangeProcHWADoneIsrCallback)
                  0001bbc0    000000b0     sysbios.aer4ft : BIOS.obj (.text:ti_sysbios_utils_Load_updateLoads__E)
                  0001bc70    000000ae     mmwdemo_adcconfig.oer4f (.text:MmwDemo_ADCBufConfig)
                  0001bd1e    00000002     --HOLE-- [fill = 0]
                  0001bd20    000000ad     rtsv7R4_T_le_v3D16_eabi.lib : _printfi.c.obj (.text:_ltostr)
                  0001bdcd    00000003     --HOLE-- [fill = 0]
                  0001bdd0    000000ac     libesm_xwr68xx.aer4f : esm.oer4f (.text:ESM_processInterrupt)
                  0001be7c    00000004     libmmwave_xwr68xx.aer4f : mmwave_link.oer4f (.text:MMWave_registerInterruptHandler)
                  0001be80    000000ac     sysbios.aer4ft : BIOS.obj (.text:ti_sysbios_knl_Task_Module_startup__E)
                  0001bf2c    00000004     libmmwave_xwr68xx.aer4f : mmwave_link.oer4f (.text:MMWave_unmaskHostIRQ)
                  0001bf30    000000ac     sysbios.aer4ft : BIOS.obj (.text:ti_sysbios_utils_Load_startup__E)
                  0001bfdc    000000a8     libadcbuf_xwr68xx.aer4f : adcbuf_mmwave.oer4f (.text:ADCBUF_MMWave_getChanBufAddr)
                  0001c084    000000a8     libcli_xwr68xx.aer4f : cli_mmwave.oer4f (.text:CLI_MMWaveExtensionHelp)
                  0001c12c    000000a8     libedma_xwr68xx.aer4f : edma_low_level.oer4f (.text:EDMA3Init)
                  0001c1d4    000000a8     libmmwave_xwr68xx.aer4f : mmwave_link.oer4f (.text:MMWave_configureProfileChirp)
                  0001c27c    000000a8                             : mmwave_fullcfg.oer4f (.text:MMWave_getBpmChirpHandle)
                  0001c324    000000a8     tracker_utils.oer4f (.text:MmwDemo_CLIAllocationParamCfg)
                  0001c3cc    000000a8     libpinmux_xwr68xx.aer4f : pinmux.oer4f (.text:Pinmux_Set_OverrideCtrl)
                  0001c474    000000a8     libsoc_xwr68xx.aer4f : soc.oer4f (.text:SOC_deregisterSysIntListener)
                  0001c51c    000000a8     rtsv7R4_T_le_v3D16_eabi.lib : k_sin.c.obj (.text:__kernel_sin)
                  0001c5c4    000000a8     libgtrack3D.aer4f : gtrack_utilities_3d.oer4f (.text:gtrack_calcMeasurementSpread)
                  0001c66c    000000a8     libmmwavelink_xwr68xx.aer4f : rl_driver.oer4f (.text:rlDriverWaitForResponse)
                  0001c714    000000a8                                 : rl_sensor.oer4f (.text:rlSetAdvFrameConfig)
                  0001c7bc    00000004     libmmwave_xwr68xx.aer4f : mmwave_link.oer4f (.text:MMWave_waitIRQStatus)
                  0001c7c0    000000a8     sysbios.aer4ft : BIOS.obj (.text:xdc_runtime_Text_putMod__E)
                  0001c868    000000a6     libgtrack3D.aer4f : gtrack_utilities_3d.oer4f (.text:gtrack_computeMahalanobis)
                  0001c90e    00000002     --HOLE-- [fill = 0]
                  0001c910    000000a4     libdma_xwr68xx.aer4f : dma.oer4f (.text:DMA_assignChannel)
                  0001c9b4    000000a4     libesm_xwr68xx.aer4f : esm.oer4f (.text:ESM_init)
                  0001ca58    000000a4     libmmwave_xwr68xx.aer4f : mmwave_fullcfg.oer4f (.text:MMWave_addBpmChirp)
                  0001cafc    000000a4                             : mmwave.oer4f (.text:MMWave_start)
                  0001cba0    000000a4     libsoc_xwr68xx.aer4f : soc_xwr68xx_mss.oer4f (.text:SOC_unhaltDSS)
                  0001cc44    0000000c     rtsv7R4_T_le_v3D16_eabi.lib : copy_zero_init.c.obj (.text:decompress:ZI:__TI_zero_init)
                  0001cc50    000000a2     sysbios.aer4ft : BIOS.obj (.text:xdc_runtime_Text_putSite__E)
                  0001ccf2    00000002     --HOLE-- [fill = 0]
                  0001ccf4    000000a0     libsoc_xwr68xx.aer4f : soc.oer4f (.text:SOC_registerSysIntListener)
                  0001cd94    000000a0     auto_init.aer4ft : auto_init.oer4ft (.text)
                  0001ce34    0000000c     libgtrack3D.aer4f : gtrack_unit_get.oer4f (.text:gtrack_unitGetMCenter)
                  0001ce40    000000a0     sysbios.aer4ft : BIOS.obj (.text:ti_sysbios_knl_Task_blockI__E)
                  0001cee0    0000009e     libgtrack3D.aer4f : gtrack_unit_stop.oer4f (.text:gtrack_unitStop)
                  0001cf7e    00000002     --HOLE-- [fill = 0]
                  0001cf80    0000009c     libmmwave_xwr68xx.aer4f : mmwave_link.oer4f (.text:MMWave_configLink)
                  0001d01c    0000009c                             : mmwave_fullcfg.oer4f (.text:MMWave_getProfileHandle)
                  0001d0b8    0000009c     tracker_utils.oer4f (.text:MmwDemo_CLIGatingParamCfg)
                  0001d154    0000009c     mmw_cli.oer4f (.text:MmwDemo_CLIMeasureRangeBiasAndRxChanPhaseCfg)
                  0001d1f0    0000009c     libuart_xwr68xx.aer4f : uartsci.oer4f (.text:UartSci_write)
                  0001d28c    0000009c     rtsv7R4_T_le_v3D16_eabi.lib : memcpy_t2.asm.obj (.text)
                  0001d328    00000008     libmmwavelink_xwr68xx.aer4f : rl_driver.oer4f (.text:rlDriverConstructOutMsg)
                  0001d330    0000009c     sysbios.aer4ft : BIOS.obj (.text:ti_sysbios_family_arm_v7r_vim_Hwi_initIntController__I)
                  0001d3cc    00000004     mss_main.oer4f (.text:MmwDemo_sleep)
                  0001d3d0    0000009c     sysbios.aer4ft : BIOS.obj (.text:ti_sysbios_family_arm_v7r_vim_Hwi_mapChannel__I)
                  0001d46c    00000004     rtsv7R4_T_le_v3D16_eabi.lib : exit.c.obj (.text:abort:abort)
                  0001d470    0000009c     sysbios.aer4ft : BIOS.obj (.text:ti_sysbios_knl_Semaphore_Instance_init__E)
                  0001d50c    0000009a     libdpm_xwr68xx.aer4f : dpm_msg.oer4f (.text:DPM_msgResponseHandler)
                  0001d5a6    0000009a     libgtrack3D.aer4f : gtrack_math.oer4f (.text:gtrack_matrixMakeSymmetrical)
                  0001d640    00000098     libedma_xwr68xx.aer4f : edma.oer4f (.text:EDMA_configParamSet)
                  0001d6d8    00000098     libmmwave_xwr68xx.aer4f : mmwave_fullcfg.oer4f (.text:MMWave_getChirpCfg)
                  0001d770    00000098     mmwdemo_rfparser.oer4f (.text:MmwDemo_RFParser_parseConfig)
                  0001d808    00000098     sysbios.aer4ft : vim_Hwi_asm_switch.obj (.text)
                  0001d8a0    00000098                    : BIOS.obj (.text:ti_sysbios_utils_Load_taskDeleteHook__E)
                  0001d938    00000096     libedma_xwr68xx.aer4f : edma.oer4f (.text:EDMA_getErrorStatusInfo)
                  0001d9ce    00000096     libhwa_xwr68xx.aer4f : hwa.oer4f (.text:HWA_configRam)
                  0001da64    00000096     libuart_xwr68xx.aer4f : uartsci.oer4f (.text:UartSci_readChar)
                  0001dafa    00000094     libcbuff_xwr68xx.aer4f : cbuff_transfer.oer4f (.text:CBUFF_setupNonInterleaved_ADC)
                  0001db8e    00000002     --HOLE-- [fill = 0]
                  0001db90    00000094     mmw_lvds_stream.oer4f (.text:MmwDemo_LVDSStream_EDMAAllocateCBUFFHwChannel)
                  0001dc24    00000094     mmw_lvds_stream.oer4f (.text:MmwDemo_LVDSStream_EDMAAllocateCBUFFSwChannel)
                  0001dcb8    00000094     libsoc_xwr68xx.aer4f : soc_xwr68xx.oer4f (.text:SOC_gateClock)
                  0001dd4c    00000094     libgtrack3D.aer4f : gtrack_utilities_3d.oer4f (.text:gtrack_calcDistance)
                  0001dde0    00000094                       : gtrack_math.oer4f (.text:gtrack_matrixCovFilter)
                  0001de74    00000094     libmmwavelink_xwr68xx.aer4f : rl_driver.oer4f (.text:rlDriverDeInit)
                  0001df08    00000094                                 : rl_driver.oer4f (.text:rlDriverMsgReadCmdCtx)
                  0001df9c    00000094                                 : rl_driver.oer4f (.text:rlDriverProcRdMsg)
                  0001e030    00000094     sysbios.aer4ft : vim_Hwi_asm.obj (.text:ti_sysbios_family_arm_v7r_vim_Hwi_dispatchIRQ__I)
                  0001e0c4    00000090     libtrackerproc_xwr68xx.aer4f : trackerproc_3d.oer4f (.text:DPU_trackerProc_updateParamTables)
                  0001e154    00000090     libgpio_xwr68xx.aer4f : gpio.oer4f (.text:GPIO_init)
                  0001e1e4    00000090     libmailbox_xwr68xx.aer4f : mailbox.oer4f (.text:Mailbox_close)
                  0001e274    00000090     libuart_xwr68xx.aer4f : uartsci_dma.oer4f (.text:UartSci_initiateTxDMA)
                  0001e304    00000090                           : uartsci.oer4f (.text:UartSci_read)
                  0001e394    00000090     rtsv7R4_T_le_v3D16_eabi.lib : fputc.c.obj (.text:fputc)
                  0001e424    0000000c                                 : fputc.c.obj (.text:putchar)
                  0001e430    00000090     sysbios.aer4ft : BIOS.obj (.text:ti_sysbios_family_arm_v7a_Pmu_startCounter__E)
                  0001e4c0    00000090                    : BIOS.obj (.text:ti_sysbios_knl_Task_unblockI__E)
                  0001e550    00000090                    : BIOS.obj (.text:xdc_runtime_LoggerBuf_getFilterLevel__E)
                  0001e5e0    0000008e     libgtrack3D.aer4f : gtrack_utilities_3d.oer4f (.text:gtrack_matrixComputePJT)
                  0001e66e    00000002     --HOLE-- [fill = 0]
                  0001e670    0000008c     libcli_xwr68xx.aer4f : cli_mmwave.oer4f (.text:CLI_MMWaveDataOutputMode)
                  0001e6fc    0000008c     mss_main.oer4f (.text:HeartRate_resetCtx)
                  0001e788    0000008c     mss_main.oer4f (.text:MmwDemo_edmaOpen)
                  0001e814    0000008c     libsoc_xwr68xx.aer4f : soc.oer4f (.text:SOC_init)
                  0001e8a0    0000008c                          : soc_xwr68xx.oer4f (.text:SOC_translateAddress)
                  0001e92c    0000008c     libuart_xwr68xx.aer4f : uartsci_dma.oer4f (.text:UartSci_initiateRxDMA)
                  0001e9b8    0000008c     libgtrack3D.aer4f : gtrack_math.oer4f (.text:gtrack_matrixMultiply)
                  0001ea44    0000008c     libmmwavelink_xwr68xx.aer4f : rl_device.oer4f (.text:rlDevicePowerOn)
                  0001ead0    0000008c                                 : rl_driver.oer4f (.text:rlDriverMsgReadSpawnCtx)
                  0001eb5c    00000004     libgtrack3D.aer4f : gtrack_listlib.oer4f (.text:gtrack_listGetFirst)
                  0001eb60    0000008c     sysbios.aer4ft : BIOS.obj (.text:ti_sysbios_family_arm_v7a_Pmu_getCount__E)
                  0001ebec    00000004     libgtrack3D.aer4f : gtrack_listlib.oer4f (.text:gtrack_listGetNext)
                  0001ebf0    0000008c     sysbios.aer4ft : BIOS.obj (.text:ti_sysbios_family_arm_v7r_vim_Hwi_Instance_finalize__E)
                  0001ec7c    00000004     mmw_mss_per4ft.oer4ft (.text:ti_sysbios_BIOS_RtsGateProxy_enter__E)
                  0001ec80    0000008c     sysbios.aer4ft : BIOS.obj (.text:xdc_runtime_Memory_alloc__E)
                  0001ed0c    00000088     objdetrangehwa.oer4f (.text:DPC_ObjectDetection_frameStart)
                  0001ed94    00000088     libhwa_xwr68xx.aer4f : hwa.oer4f (.text:HWA_disableParamSetInterrupt)
                  0001ee1c    00000088     libmmwave_xwr68xx.aer4f : mmwave_fullcfg.oer4f (.text:MMWave_getProfileCfg)
                  0001eea4    00000088     tracker_utils.oer4f (.text:MmwDemo_CLIStateParamCfg)
                  0001ef2c    00000088     libgtrack3D.aer4f : gtrack_math.oer4f (.text:gtrack_matrixTransposeMultiply)
                  0001efb4    00000086     libcbuff_xwr68xx.aer4f : cbuff_edma.oer4f (.text:CBUFF_closeEDMA)
                  0001f03a    00000002     --HOLE-- [fill = 0]
                  0001f03c    00000084     libmmwave_xwr68xx.aer4f : mmwave_dualcore.oer4f (.text:MMWave_deviceCfgAsyncEvent)
                  0001f0c0    00000084                             : mmwave_dualcore.oer4f (.text:MMWave_deviceEventFxn)
                  0001f144    00000084                             : mmwave_fullcfg.oer4f (.text:MMWave_getNumBpmChirp)
                  0001f1c8    00000084                             : mmwave.oer4f (.text:MMWave_open)
                  0001f24c    00000084     mmw_cli.oer4f (.text:MmwDemo_CLIExtendedMaxVelocity)
                  0001f2d0    00000084     libgtrack3D.aer4f : gtrack_utilities_3d.oer4f (.text:gtrack_isPointBehindTarget)
                  0001f354    00000084                       : gtrack_math.oer4f (.text:gtrack_sincosd)
                  0001f3d8    00000082     libhwa_xwr68xx.aer4f : hwa.oer4f (.text:HWA_paramDoneISR)
                  0001f45a    00000082     libgtrack3D.aer4f : gtrack_math.oer4f (.text:gtrack_matrixCovAcc)
                  0001f4dc    00000081     libcbuff_xwr68xx.aer4f : cbuff_edma.oer4f (.text:CBUFF_setupEDMAShadowLink)
                  0001f55d    00000003     --HOLE-- [fill = 0]
                  0001f560    00000080     libcli_xwr68xx.aer4f : cli_mmwave.oer4f (.text:CLI_MMWaveChannelCfg)
                  0001f5e0    00000080     libdpm_xwr68xx.aer4f : dpm_mailbox.oer4f (.text:DPM_mboxRemoteMailboxCallbackFxn)
                  0001f660    00000080     libmmwave_xwr68xx.aer4f : mmwave_fullcfg.oer4f (.text:MMWave_getBpmChirpCfg)
                  0001f6e0    00000080     mmw_cli.oer4f (.text:MmwDemo_CLIAoAFovCfg)
                  0001f760    00000080     libsoc_xwr68xx.aer4f : soc.oer4f (.text:SOC_getDeviceRFFreqScaleFactor)
                  0001f7e0    00000080     libuart_xwr68xx.aer4f : uartsci.oer4f (.text:UartSci_writePolling)
                  0001f860    00000080     rtsv7R4_T_le_v3D16_eabi.lib : fflush.c.obj (.text:fflush)
                  0001f8e0    00000080     libgtrack3D.aer4f : gtrack_module.oer4f (.text:gtrack_moduleUpdate)
                  0001f960    00000080                       : gtrack_utilities_3d.oer4f (.text:gtrack_sph2cart)
                  0001f9e0    00000080     libmmwavelink_xwr68xx.aer4f : rl_driver.oer4f (.text:rlDriverExecuteGetApi)
                  0001fa60    00000080     sysbios.aer4ft : BIOS.obj (.text:ti_sysbios_timers_rti_Timer_initDevice__I)
                  0001fae0    0000007e     libosal_xwr68xx.aer4f : HwiP_tirtos.oer4f (.text:HwiP_create)
                  0001fb5e    00000002     --HOLE-- [fill = 0]
                  0001fb60    0000007e     libgtrack3D.aer4f : gtrack_math.oer4f (.text:gtrack_matrixPrint)
                  0001fbde    00000002     --HOLE-- [fill = 0]
                  0001fbe0    0000007d     libcbuff_xwr68xx.aer4f : cbuff_lvds.oer4f (.text:CBUFF_initLVDSLinkListParams)
                  0001fc5d    00000003     --HOLE-- [fill = 0]
                  0001fc60    0000007c     libdpm_xwr68xx.aer4f : dpm_pipe.oer4f (.text:DPM_pipeSend)
                  0001fcdc    0000007c     libedma_xwr68xx.aer4f : edma.oer4f (.text:EDMA_clearErrors)
                  0001fd58    0000007c     libmmwave_xwr68xx.aer4f : mmwave_dualcore.oer4f (.text:MMWave_deviceOpenFxn)
                  0001fdd4    0000007c     libmailbox_xwr68xx.aer4f : mailbox.oer4f (.text:Mailbox_init)
                  0001fe50    0000007c     tracker_utils.oer4f (.text:MmwDemoCLIMaxAccelerationParamCfg)
                  0001fecc    0000007c     mmw_lvds_stream.oer4f (.text:MmwDemo_LVDSStream_SwTriggerFrameDone)
                  0001ff48    0000007c     mss_main.oer4f (.text:MmwDemo_trackerConfig)
                  0001ffc4    0000007c     libuart_xwr68xx.aer4f : uartsci.oer4f (.text:UartSci_readPolling)
                  00020040    0000007c     sysbios.aer4ft : arm_TaskSupport_asm.obj (.text:_ti_sysbios_family_arm_TaskSupport_buildTaskStack)
                  000200bc    00000004     mmw_mss_per4ft.oer4ft (.text:ti_sysbios_BIOS_RtsGateProxy_leave__E)
                  000200c0    0000007c     sysbios.aer4ft : BIOS.obj (.text:xdc_runtime_Core_deleteObject__I)
                  0002013c    0000007b     mmw_cli.oer4f (.text:MmwDemo_CLIGetSubframe)
                  000201b7    00000001     --HOLE-- [fill = 0]
                  000201b8    0000007a     rtsv7R4_T_le_v3D16_eabi.lib : _printfi.c.obj (.text:_mcpy)
                  00020232    0000007a                                 : memset_t2.asm.obj (.text)
                  000202ac    00000078     libadcbuf_xwr68xx.aer4f : adcbuf_mmwave.oer4f (.text:ADCBUF_MMWave_getCQBufAddr)
                  00020324    00000078     libcbuff_xwr68xx.aer4f : cbuff_transfer.oer4f (.text:CBUFF_configUserBufferEDMA)
                  0002039c    00000078                            : cbuff.oer4f (.text:CBUFF_setVC)
                  00020414    00000078     libcli_xwr68xx.aer4f : cli_mmwave.oer4f (.text:CLI_MMWaveADCCfg)
                  0002048c    00000078     libmmwave_xwr68xx.aer4f : mmwave_fullcfg.oer4f (.text:MMWave_getNumChirps)
                  00020504    00000074     objdetrangehwa.oer4f (.text:DPC_ObjectDetection_start)
                  00020578    00000074     libmmwave_xwr68xx.aer4f : mmwave.oer4f (.text:MMWave_config)
                  000205ec    00000074                             : mmwave_dualcore.oer4f (.text:MMWave_deviceStartFxn)
                  00020660    00000074     rtsv7R4_T_le_v3D16_eabi.lib : fclose.c.obj (.text:__TI_closefile)
                  000206d4    00000074     boot.aer4ft : boot.oer4ft (.text)
                  00020748    00000074     rtsv7R4_T_le_v3D16_eabi.lib : s_frexp.c.obj (.text:frexp)
                  000207bc    00000074     libmmwavelink_xwr68xx.aer4f : rl_driver.oer4f (.text:rlDriverAsyncEventHandler)
                  00020830    00000072     libgtrack3D.aer4f : gtrack_listlib.oer4f (.text:gtrack_listRemoveElement)
                  000208a2    00000072     libmmwavelink_xwr68xx.aer4f : rl_driver.oer4f (.text:rlDriverClientCbCheck)
                  00020914    00000070     libhsiheader_xwr68xx.aer4f : hsiheader.oer4f (.text:HSIHeader_deleteHeader)
                  00020984    00000070     libhwa_xwr68xx.aer4f : hwa.oer4f (.text:HWA_getDriverAccess)
                  000209f4    00000070     libmmwave_xwr68xx.aer4f : mmwave_dualcore.oer4f (.text:MMWave_deviceCfgFxn)
                  00020a64    00000070     mmw_cli.oer4f (.text:MmwDemo_CLIGuiMonSel)
                  00020ad4    0000000c     libmmwavelink_xwr68xx.aer4f : rl_driver.oer4f (.text:rlDriverGetPlatformId)
                  00020ae0    00000070     sysbios.aer4ft : BIOS.obj (.text:xdc_runtime_Error_print__E)
                  00020b50    0000006c     libdma_xwr68xx.aer4f : dma.oer4f (.text:DMA_disableChannel)
                  00020bbc    0000006c                          : dma.oer4f (.text:DMA_enableChannel)
                  00020c28    0000006c     libdpm_xwr68xx.aer4f : dpm_core.oer4f (.text:DPM_relayResult)
                  00020c94    0000006c     rtsv7R4_T_le_v3D16_eabi.lib : hostrename.c.obj (.text:HOSTrename)
                  00020d00    0000006c     libmmwave_xwr68xx.aer4f : mmwave_link.oer4f (.text:MMWave_spawn)
                  00020d6c    0000006c                             : mmwave_link.oer4f (.text:MMWave_stopLink)
                  00020dd8    0000006c     mmw_lvds_stream.oer4f (.text:MmwDemo_LVDSStream_EDMAFreeCBUFFHwChannel)
                  00020e44    0000006c     mmw_lvds_stream.oer4f (.text:MmwDemo_LVDSStream_EDMAFreeCBUFFSwChannel)
                  00020eb0    0000006c     mmw_lvds_stream.oer4f (.text:MmwDemo_LVDSStream_HwTriggerFrameDone)
                  00020f1c    0000006c     libpinmux_xwr68xx.aer4f : pinmux.oer4f (.text:Pinmux_Set_FuncSel)
                  00020f88    0000006c     rtsv7R4_T_le_v3D16_eabi.lib : copy_decompress_lzss.c.obj (.text:decompress:lzss:__TI_decompress_lzss)
                  00020ff4    0000006c     libgtrack3D.aer4f : gtrack_math.oer4f (.text:gtrack_matrixCovNormalize)
                  00021060    0000006a     libuart_xwr68xx.aer4f : uartsci.oer4f (.text:UartSci_control)
                  000210ca    00000002     --HOLE-- [fill = 0]
                  000210cc    00000068     libdpm_xwr68xx.aer4f : dpm_msg.oer4f (.text:DPM_msgDPCCfgHandler)
                  00021134    00000068     rtsv7R4_T_le_v3D16_eabi.lib : hostlseek.c.obj (.text:HOSTlseek)
                  0002119c    00000068     libmmwave_xwr68xx.aer4f : mmwave_dualcore.oer4f (.text:MMWave_deviceStopFxn)
                  00021204    00000068     libmailbox_xwr68xx.aer4f : mailbox.oer4f (.text:Mailbox_readFlush)
                  0002126c    00000068     mss_main.oer4f (.text:MmwDemo_convertCfarToLinear)
                  000212d4    00000068     libgtrack3D.aer4f : gtrack_utilities_3d.oer4f (.text:gtrack_cart2sph)
                  0002133c    00000068                       : gtrack_utilities_3d.oer4f (.text:gtrack_isPointInsideBox)
                  000213a4    00000068     librangeproc_hwa_xwr68xx.aer4f : rangeprochwa.oer4f (.text:rangeProcHWA_ConfigEDMATranspose)
                  0002140c    00000068                                    : rangeprochwa.oer4f (.text:rangeProcHWA_ConfigHWACommon)
                  00021474    00000068     libmmwavelink_xwr68xx.aer4f : rl_driver.oer4f (.text:rlDriverExecuteSetApi)
                  000214dc    00000068                                 : rl_driver.oer4f (.text:rlDriverHostIrqHandler)
                  00021544    00000067     mss_main.oer4f (.text:MmwDemo_mssSetHsiClk)
                  000215ab    00000001     --HOLE-- [fill = 0]
                  000215ac    00000066     libgtrack3D.aer4f : gtrack_utilities_3d.oer4f (.text:gtrack_computeMahalanobisPartial)
                  00021612    00000066     libmmwavelink_xwr68xx.aer4f : rl_device.oer4f (.text:rlDevicePowerOff)
                  00021678    00000064     libcli_xwr68xx.aer4f : cli_mmwave.oer4f (.text:CLI_MMWaveLowPowerCfg)
                  000216dc    00000064     libedma_xwr68xx.aer4f : edma.oer4f (.text:EDMA_getTransferControllerErrorStatusInfo)
                  00021740    00000064     libhwa_xwr68xx.aer4f : hwa.oer4f (.text:HWA_getDMAChanIndex)
                  000217a4    00000064     libosal_xwr68xx.aer4f : SemaphoreP_tirtos.oer4f (.text:SemaphoreP_create)
                  00021808    00000064     rtsv7R4_T_le_v3D16_eabi.lib : _io_perm.c.obj (.text:__TI_wrt_ok)
                  0002186c    00000064                                 : fseek.c.obj (.text:fseek)
                  000218d0    00000064     sysbios.aer4ft : exc_Exception_asm.obj (.text:ti_sysbios_family_arm_exc_Exception_initCore0__I)
                  00021934    0000000c                    : BIOS.obj (.text:ti_sysbios_family_arm_v7a_Pmu_configureCounterI__I)
                  00021940    00000064                    : BIOS.obj (.text:ti_sysbios_family_arm_v7r_vim_Hwi_phantomIntHandler__I)
                  000219a4    0000000c                    : BIOS.obj (.text:ti_sysbios_family_arm_v7a_Pmu_getCountI__E)
                  000219b0    00000064                    : BIOS.obj (.text:ti_sysbios_knl_Clock_logTick__E)
                  00021a14    0000000c     mmw_mss_per4ft.oer4ft (.text:ti_sysbios_knl_Queue_Object__get__S)
                  00021a20    00000064     sysbios.aer4ft : BIOS.obj (.text:ti_sysbios_utils_Load_logCPULoad__I)
                  00021a84    0000000a     libadcbuf_xwr68xx.aer4f : ADCBuf.oer4f (.text:ADCBuf_control)
                  00021a8e    00000002     --HOLE-- [fill = 0]
                  00021a90    00000064     sysbios.aer4ft : BIOS.obj (.text:xdc_runtime_Startup_exec__E)
                  00021af4    00000062     mmw_cli.oer4f (.text:MmwDemo_CLICfarFovCfg)
                  00021b56    00000062     libgtrack3D.aer4f : gtrack_unit_report.oer4f (.text:gtrack_unitReport)
                  00021bb8    00000060     libcli_xwr68xx.aer4f : cli_mmwave.oer4f (.text:CLI_MMWaveExtensionHandler)
                  00021c18    00000060     libosal_xwr68xx.aer4f : DebugP_tirtos.oer4f (.text:DebugP_log2)
                  00021c78    00000060                           : DebugP_tirtos.oer4f (.text:DebugP_log3)
                  00021cd8    00000008     libmmwavelink_xwr68xx.aer4f : rl_driver.oer4f (.text:rlDriverGetHandle)
                  00021ce0    00000060     sysbios.aer4ft : BIOS.obj (.text:ti_sysbios_heaps_HeapMem_alloc__E)
                  00021d40    00000060                    : BIOS.obj (.text:xdc_runtime_Assert_raise__I)
                  00021da0    0000005f                    : BIOS.obj (.text:xdc_runtime_Text_putLab__E)
                  00021dff    00000001     --HOLE-- [fill = 0]
                  00021e00    0000005e     libuart_xwr68xx.aer4f : uartsci.oer4f (.text:UartSci_writeChar)
                  00021e5e    0000005e     libgtrack3D.aer4f : gtrack_utilities.oer4f (.text:gtrack_unrollRadialVelocity)
                  00021ebc    0000005c     rtsv7R4_T_le_v3D16_eabi.lib : hostopen.c.obj (.text:HOSTopen)
                  00021f18    0000005c                                 : hostread.c.obj (.text:HOSTread)
                  00021f74    0000005c     libmmwave_xwr68xx.aer4f : mmwave_link.oer4f (.text:MMWave_mboxOpen)
                  00021fd0    0000005c                             : mmwave.oer4f (.text:MMWave_stop)
                  0002202c    0000005c     libsoc_xwr68xx.aer4f : soc.oer4f (.text:SOC_enableLVDS)
                  00022088    00000008     sysbios.aer4ft : BIOS.obj (.text:ti_sysbios_family_arm_v7a_Pmu_getEnabled__E)
                  00022090    0000005c                    : BIOS.obj (.text:ti_sysbios_utils_Load_updateCurrentThreadTime__E)
                  000220ec    0000005a     libuart_xwr68xx.aer4f : uartsci.oer4f (.text:UartSci_readCancel)
                  00022146    0000005a     libmmwavelink_xwr68xx.aer4f : rl_driver.oer4f (.text:rlDriverCalChkSum)
                  000221a0    00000058     libdpm_xwr68xx.aer4f : dpm_core.oer4f (.text:DPM_execute)
                  000221f8    00000058                          : dpm_mailbox.oer4f (.text:DPM_mboxInit)
                  00022250    00000058     libosal_xwr68xx.aer4f : DebugP_tirtos.oer4f (.text:DebugP_log0)
                  000222a8    00000058                           : DebugP_tirtos.oer4f (.text:DebugP_log1)
                  00022300    00000058     libedma_xwr68xx.aer4f : edma_low_level.oer4f (.text:EDMA3EnableChInShadowReg)
                  00022358    00000058     libesm_xwr68xx.aer4f : esm.oer4f (.text:ESM_highpriority_FIQ)
                  000223b0    00000058     rtsv7R4_T_le_v3D16_eabi.lib : hostwrite.c.obj (.text:HOSTwrite)
                  00022408    00000058     libhwa_xwr68xx.aer4f : hwa.oer4f (.text:HWA_getDMAconfig)
                  00022460    00000058     libmmwave_xwr68xx.aer4f : mmwave.oer4f (.text:MMWave_execute)
                  000224b8    00000058                             : mmwave_link.oer4f (.text:MMWave_initCRC)
                  00022510    00000058     mmw_cli.oer4f (.text:MmwDemo_CLISensorStop)
                  00022568    00000058     libuart_xwr68xx.aer4f : uartsci_dma.oer4f (.text:UartSci_closeDMA)
                  000225c0    00000058     rtsv7R4_T_le_v3D16_eabi.lib : close.c.obj (.text:close)
                  00022618    00000058     libgtrack3D.aer4f : gtrack_utilities_3d.oer4f (.text:gtrack_isInsideBoresightStaticZone)
                  00022670    00000056     libmmwavelink_xwr68xx.aer4f : rl_driver.oer4f (.text:rlDriverOsiCbCheck)
                  000226c6    00000002     --HOLE-- [fill = 0]
                  000226c8    00000054     libcrc_xwr68xx.aer4f : crc.oer4f (.text:CRC_getTransactionId)
                  0002271c    00000054     libdma_xwr68xx.aer4f : dma.oer4f (.text:DMA_freeChannel)
                  00022770    00000054     libedma_xwr68xx.aer4f : edma.oer4f (.text:EDMA_error_isr)
                  000227c4    00000054     libmmwave_xwr68xx.aer4f : mmwave_link.oer4f (.text:MMWave_initLink)
                  00022818    00000054     mss_main.oer4f (.text:MmwDemo_CfgUpdate)
                  0002286c    00000054     mss_main.oer4f (.text:MmwDemo_resetStaticCfgPendingState)
                  000228c0    00000054     rtsv7R4_T_le_v3D16_eabi.lib : _ltoa.c.obj (.text:__TI_ltoa)
                  00022914    00000054     mmw_mss_per4ft.oer4ft (.text:ti_sysbios_family_arm_v7r_vim_Hwi_create)
                  00022968    00000008     mmw_mss_per4ft.oer4ft (.text:xdc_runtime_Text_visitRope__I)
                  00022970    00000054     sysbios.aer4ft : BIOS.obj (.text:ti_sysbios_heaps_HeapMem_getStats__E)
                  000229c4    0000000a     libadcbuf_xwr68xx.aer4f : ADCBuf.oer4f (.text:ADCBuf_getChanBufAddr)
                  000229ce    00000002     --HOLE-- [fill = 0]
                  000229d0    00000054     sysbios.aer4ft : BIOS.obj (.text:xdc_runtime_Core_assignLabel__I)
                  00022a24    00000052     libdpedma_hwa_xwr68xx.aer4f : dpedma.oer4f (.text:DPEDMA_setup_shadow_link)
                  00022a76    00000052     rtsv7R4_T_le_v3D16_eabi.lib : _printfi.c.obj (.text:_ecpy)
                  00022ac8    00000052     libgtrack3D.aer4f : gtrack_utilities_3d.oer4f (.text:gtrack_calcDim)
                  00022b1a    00000052                       : gtrack_utilities_3d.oer4f (.text:gtrack_censor2world)
                  00022b6c    00000050     libcrc_xwr68xx.aer4f : crc.oer4f (.text:CRC_getSignature)
                  00022bbc    00000050     libdpm_xwr68xx.aer4f : dpm_core.oer4f (.text:DPM_synch)
                  00022c0c    00000050     libedma_xwr68xx.aer4f : edma_low_level.oer4f (.text:EDMA3MapChToEvtQ)
                  00022c5c    00000050     libmmwave_xwr68xx.aer4f : mmwave.oer4f (.text:MMWave_sync)
                  00022cac    00000050     mmw_cli.oer4f (.text:MmwDemo_CLIMultiObjBeamForming)
                  00022cfc    00000050     rtsv7R4_T_le_v3D16_eabi.lib : _printfi.c.obj (.text:_pconv_f)
                  00022d4c    00000050                                 : atoi.c.obj (.text:atoi)
                  00022d9c    00000050     libgtrack3D.aer4f : gtrack_utilities_3d.oer4f (.text:gtrack_isInsideSolidAngle)
                  00022dec    00000050                       : gtrack_module.oer4f (.text:gtrack_modulePredict)
                  00022e3c    00000050     mss_main.oer4f (.text:mmwDemo_mssDPMTask)
                  00022e8c    00000050     libmmwavelink_xwr68xx.aer4f : rl_driver.oer4f (.text:rlDeviceIdentifyCmdDir)
                  00022edc    00000050                                 : rl_driver.oer4f (.text:rlDriverVerifyCRC)
                  00022f2c    00000050     rtsv7R4_T_le_v3D16_eabi.lib : u_div32.asm.obj (.text)
                  00022f7c    00000004     mmw_mss_per4ft.oer4ft (.text:ti_sysbios_family_arm_TaskSupport_Module__startupDone__S)
                  00022f80    00000050     sysbios.aer4ft : BIOS.obj (.text:xdc_runtime_System_exit__E)
                  00022fd0    0000004c     libcli_xwr68xx.aer4f : cli.oer4f (.text:CLI_write)
                  0002301c    0000004c     libedma_xwr68xx.aer4f : edma.oer4f (.text:EDMA_disableChannel)
                  00023068    0000004c                           : edma.oer4f (.text:EDMA_enableChannel)
                  000230b4    0000004c     libhwa_xwr68xx.aer4f : hwa.oer4f (.text:HWA_enableDoneInterrupt)
                  00023100    0000004c     libmailbox_xwr68xx.aer4f : mailbox.oer4f (.text:Mailbox_boxEmptyISRProcessing)
                  0002314c    0000004c     libuart_xwr68xx.aer4f : uartsci.oer4f (.text:UartSci_writeCancel)
                  00023198    0000004c     rtsv7R4_T_le_v3D16_eabi.lib : fflush.c.obj (.text:__TI_doflush)
                  000231e4    0000004c                                 : cpy_tbl.c.obj (.text:copy_in)
                  00023230    0000004c     sysbios.aer4ft : BIOS.obj (.text:ti_sysbios_family_arm_v7r_vim_Hwi_getStackInfo__E)
                  0002327c    0000004c     mmw_mss_per4ft.oer4ft (.text:ti_sysbios_knl_Task_create)
                  000232c8    00000006     libosal_xwr68xx.aer4f : CycleprofilerP_tirtos.oer4f (.text:CycleprofilerP_getTimeStamp)
                  000232ce    00000002     --HOLE-- [fill = 0]
                  000232d0    0000004c     sysbios.aer4ft : BIOS.obj (.text:ti_sysbios_knl_Task_stat__E)
                  0002331c    00000004     mmw_mss_per4ft.oer4ft (.text:ti_sysbios_family_arm_v7r_vim_Hwi_delete)
                  00023320    0000004c     sysbios.aer4ft : BIOS.obj (.text:ti_sysbios_utils_Load_taskSwitchHook__E)
                  0002336c    0000004a     libdpm_xwr68xx.aer4f : dpm_mailbox.oer4f (.text:DPM_mboxSendResult)
                  000233b6    0000004a     libmailbox_xwr68xx.aer4f : mailbox.oer4f (.text:Mailbox_boxFullISRProcessing)
                  00023400    0000004a     sysbios.aer4ft : BIOS.obj (.text:xdc_runtime_Core_assignParams__I)
                  0002344a    00000006     objdetrangehwa.oer4f (.text:DPC_ObjDetRangeHwa_GetRangeWinGenLen)
                  00023450    0000004a     sysbios.aer4ft : BIOS.obj (.text:xdc_runtime_Text_xprintf__I)
                  0002349a    00000002     --HOLE-- [fill = 0]
                  0002349c    00000049     mmw_lvds_stream.oer4f (.text:MmwDemo_LVDSStream_EDMAAllocateCBUFFChannel)
                  000234e5    00000001     --HOLE-- [fill = 0]
                  000234e6    00000048     libcbuff_xwr68xx.aer4f : cbuff_transfer.oer4f (.text:CBUFF_setup_USER)
                  0002352e    00000048     libdpm_xwr68xx.aer4f : dpm_pipe.oer4f (.text:DPM_pipeRecv)
                  00023576    00000002     --HOLE-- [fill = 0]
                  00023578    00000048     libhwa_xwr68xx.aer4f : hwa.oer4f (.text:HWA_deleteInstance)
                  000235c0    00000048     libgtrack3D.aer4f : gtrack_module.oer4f (.text:gtrack_moduleAssociate)
                  00023608    00000048     libmmwavelink_xwr68xx.aer4f : rl_device.oer4f (.text:rlDeviceGetVersion)
                  00023650    00000048                                 : rl_driver.oer4f (.text:rlDriverOsiInit)
                  00023698    00000048     mmw_mss_per4ft.oer4ft (.text:xdc_runtime_LoggerBuf_Object__create__S)
                  000236e0    00000046     libmailbox_xwr68xx.aer4f : mailbox.oer4f (.text:CSL_FINSR)
                  00023726    00000002     --HOLE-- [fill = 0]
                  00023728    00000044     libadcbuf_xwr68xx.aer4f : adcbuf_mmwave.oer4f (.text:ADCBUF_MMWave_close)
                  0002376c    00000044     libcrc_xwr68xx.aer4f : crc.oer4f (.text:CRC_resetSignature)
                  000237b0    00000044     objdetrangehwa.oer4f (.text:DPC_ObjectDetection_stop)
                  000237f4    00000044     libdpm_xwr68xx.aer4f : dpm_core.oer4f (.text:DPM_start)
                  00023838    00000044                          : dpm_core.oer4f (.text:DPM_stop)
                  0002387c    00000044     rtsv7R4_T_le_v3D16_eabi.lib : hostclose.c.obj (.text:HOSTclose)
                  000238c0    00000044                                 : hostunlink.c.obj (.text:HOSTunlink)
                  00023904    00000044     libmailbox_xwr68xx.aer4f : mailbox.oer4f (.text:Mailbox_boxFullISRMssDss)
                  00023948    00000044     libsoc_xwr68xx.aer4f : soc_xwr68xx_mss.oer4f (.text:SOC_resetDMA)
                  0002398c    00000044     rtsv7R4_T_le_v3D16_eabi.lib : exit.c.obj (.text:exit)
                  000239d0    00000044                                 : getdevice.c.obj (.text:getdevice)
                  00023a14    0000000a     libcbuff_xwr68xx.aer4f : cbuff_lvds.oer4f (.text:CBUFF_deinitLVDS)
                  00023a1e    00000002     --HOLE-- [fill = 0]
                  00023a20    00000044     sysbios.aer4ft : BIOS.obj (.text:ti_sysbios_family_arm_v7r_tms570_Core_Module_startup__E)
                  00023a64    0000000a     libdpm_xwr68xx.aer4f : dpm_core.oer4f (.text:DPM_chirpISR)
                  00023a6e    00000002     --HOLE-- [fill = 0]
                  00023a70    00000044     sysbios.aer4ft : BIOS.obj (.text:ti_sysbios_knl_Task_allBlockedFunction__I)
                  00023ab4    0000000a     libdpm_xwr68xx.aer4f : dpm_core.oer4f (.text:DPM_frameStartISR)
                  00023abe    00000002     --HOLE-- [fill = 0]
                  00023ac0    00000044     sysbios.aer4ft : BIOS.obj (.text:xdc_runtime_LoggerBuf_Module_startup__E)
                  00023b04    0000000a     libosal_xwr68xx.aer4f : MemoryP_tirtos.oer4f (.text:MemoryP_ctrlFree)
                  00023b0e    00000002     --HOLE-- [fill = 0]
                  00023b10    00000044     sysbios.aer4ft : BIOS.obj (.text:xdc_runtime_System_atexit__E)
                  00023b54    00000042     libcbuff_xwr68xx.aer4f : cbuff_lvds.oer4f (.text:CBUFF_closeLVDS)
                  00023b96    00000042     libedma_xwr68xx.aer4f : edma.oer4f (.text:EDMA_transferController_error_isr)
                  00023bd8    00000042     libhwa_xwr68xx.aer4f : hwa.oer4f (.text:HWA_reset)
                  00023c1a    00000042     libmmwave_xwr68xx.aer4f : mmwave_link.oer4f (.text:MMWave_executeLink)
                  00023c5c    00000042     libgtrack3D.aer4f : gtrack_module.oer4f (.text:gtrack_moduleReport)
                  00023c9e    00000042     libmmwavelink_xwr68xx.aer4f : rl_controller.oer4f (.text:rlGetSubBlock)
                  00023ce0    00000040     libedma_xwr68xx.aer4f : edma.oer4f (.text:EDMA_linkParamSets)
                  00023d20    00000040     libhwa_xwr68xx.aer4f : hwa.oer4f (.text:HWA_getHWAMemInfo)
                  00023d60    00000040     mmw_cli.oer4f (.text:MmwDemo_CLIClutterRemoval)
                  00023da0    00000040     mss_main.oer4f (.text:MmwDemo_mmWaveCtrlTask)
                  00023de0    00000040     rtsv7R4_T_le_v3D16_eabi.lib : _printfi.c.obj (.text:_fcpy)
                  00023e20    00000040     libgtrack3D.aer4f : gtrack_math.oer4f (.text:gtrack_matrixSetDiag)
                  00023e60    00000040     libmmwavelink_xwr68xx.aer4f : rl_driver.oer4f (.text:rlDriverValidateHdr)
                  00023ea0    00000040     rtsv7R4_T_le_v3D16_eabi.lib : sprintf.c.obj (.text:sprintf)
                  00023ee0    00000040                                 : strtok.c.obj (.text:strtok)
                  00023f20    00000040     sysbios.aer4ft : BIOS.obj (.text:ti_sysbios_timers_rti_Timer_stop__E)
                  00023f60    00000040     rtsv7R4_T_le_v3D16_eabi.lib : vsnprintf.c.obj (.text:vsnprintf)
                  00023fa0    0000003e     libadcbuf_xwr68xx.aer4f : adcbuf_mmwave.oer4f (.text:CSL_FINSR)
                  00023fde    0000003e     libcbuff_xwr68xx.aer4f : cbuff.oer4f (.text:CSL_FINSR)
                  0002401c    0000003e                            : cbuff_lvds.oer4f (.text:CSL_FINSR)
                  0002405a    0000003e     libcrc_xwr68xx.aer4f : crc.oer4f (.text:CSL_FINSR)
                  00024098    0000003e     libdma_xwr68xx.aer4f : dma.oer4f (.text:CSL_FINSR)
                  000240d6    0000003e     libgpio_xwr68xx.aer4f : gpio.oer4f (.text:CSL_FINSR)
                  00024114    0000003e     libhwa_xwr68xx.aer4f : hwa.oer4f (.text:CSL_FINSR)
                  00024152    0000003e     libpinmux_xwr68xx.aer4f : pinmux.oer4f (.text:CSL_FINSR)
                  00024190    0000003e     libsoc_xwr68xx.aer4f : soc.oer4f (.text:CSL_FINSR)
                  000241ce    0000003e                          : soc_xwr68xx.oer4f (.text:CSL_FINSR)
                  0002420c    0000003e                          : soc_xwr68xx_mss.oer4f (.text:CSL_FINSR)
                  0002424a    0000003e     libuart_xwr68xx.aer4f : uartsci.oer4f (.text:CSL_FINSR)
                  00024288    0000003e     libdpm_xwr68xx.aer4f : dpm_msg.oer4f (.text:DPM_msgStopHandler)
                  000242c6    0000003e     libhwa_xwr68xx.aer4f : hwa.oer4f (.text:HWA_enable)
                  00024304    0000003e     libmmwave_xwr68xx.aer4f : mmwave.oer4f (.text:MMWave_decodeError)
                  00024342    0000003e     libuart_xwr68xx.aer4f : uartsci.oer4f (.text:UartSci_close)
                  00024380    0000003e     mmwdemo_monitor.oer4f (.text:mmwDemo_cfgAnalogMonitor)
                  000243be    0000003c     libcbuff_xwr68xx.aer4f : cbuff_transfer.oer4f (.text:CBUFF_configCQEDMA)
                  000243fa    00000002     --HOLE-- [fill = 0]
                  000243fc    0000003c     libcli_xwr68xx.aer4f : cli_mmwave.oer4f (.text:CLI_MMWaveFlushCfg)
                  00024438    0000003c     libedma_xwr68xx.aer4f : edma.oer4f (.text:EDMA_chainChannels)
                  00024474    0000003c     libmailbox_xwr68xx.aer4f : mailbox.oer4f (.text:Mailbox_writeReset)
                  000244b0    0000003c     mss_main.oer4f (.text:MmwDemo_EDMA_errorCallbackFxn)
                  000244ec    0000003c     mss_main.oer4f (.text:MmwDemo_EDMA_transferControllerErrorCallbackFxn)
                  00024528    0000003c     libsoc_xwr68xx.aer4f : soc.oer4f (.text:SOC_unhaltBSS)
                  00024564    0000003c     rtsv7R4_T_le_v3D16_eabi.lib : trgmsg.c.obj (.text:__TI_writemsg)
                  000245a0    0000003c     sysbios.aer4ft : vim_Hwi_asm.obj (.text:ti_sysbios_family_arm_v7r_vim_Hwi_init__I)
                  000245dc    00000004     mmw_mss_per4ft.oer4ft (.text:ti_sysbios_heaps_HeapMem_Module_GateProxy_enter__E)
                  000245e0    0000003c     sysbios.aer4ft : BIOS.obj (.text:ti_sysbios_hal_Hwi_checkStack)
                  0002461c    00000004     mmw_mss_per4ft.oer4ft (.text:ti_sysbios_heaps_HeapMem_Module_GateProxy_leave__E)
                  00024620    0000003c     sysbios.aer4ft : BIOS.obj (.text:ti_sysbios_heaps_HeapMem_init__I)
                  0002465c    0000003a     libhwa_xwr68xx.aer4f : hwa.oer4f (.text:HWA_setDMA2ACCManualTrig)
                  00024696    00000002     --HOLE-- [fill = 0]
                  00024698    0000003a     libosal_xwr68xx.aer4f : HwiP_tirtos.oer4f (.text:HwiP_delete)
                  000246d2    00000038     libcbuff_xwr68xx.aer4f : cbuff_transfer.oer4f (.text:CBUFF_addUserBufferLLEntry)
                  0002470a    00000038                            : cbuff_transfer.oer4f (.text:CBUFF_setupHeader)
                  00024742    00000002     --HOLE-- [fill = 0]
                  00024744    00000038     libcli_xwr68xx.aer4f : cli_mmwave.oer4f (.text:CLI_MMWaveExtensionInit)
                  0002477c    00000038     objdetrangehwa.oer4f (.text:DPC_ObjectDetection_deinit)
                  000247b4    00000038     libdpm_xwr68xx.aer4f : dpm_core.oer4f (.text:DPM_notifyExecute)
                  000247ec    00000038     libedma_xwr68xx.aer4f : edma_low_level.oer4f (.text:EDMA3ClrMissEvt)
                  00024824    00000038     libuart_xwr68xx.aer4f : UART.oer4f (.text:UART_init)
                  0002485c    00000036     libmmwavelink_xwr68xx.aer4f : rl_controller.oer4f (.text:rlAppendSubBlock)
                  00024892    00000036     rtsv7R4_T_le_v3D16_eabi.lib : ull_tofs_t2.asm.obj (.text)
                  000248c8    00000036                                 : strncpy.c.obj (.text:strncpy)
                  000248fe    00000002     --HOLE-- [fill = 0]
                  00024900    00000034     libadcbuf_xwr68xx.aer4f : ADCBuf.oer4f (.text:ADCBuf_open)
                  00024934    00000034     libedma_xwr68xx.aer4f : edma.oer4f (.text:EDMA_configTransferControllerError)
                  00024968    00000034     libhwa_xwr68xx.aer4f : hwa.oer4f (.text:HWA_disableDoneInterrupt)
                  0002499c    00000034     libmmwave_xwr68xx.aer4f : mmwave_link.oer4f (.text:MMWave_mboxWrite)
                  000249d0    00000034     libsoc_xwr68xx.aer4f : soc_xwr68xx.oer4f (.text:SOC_enableHWA)
                  00024a04    00000034                          : soc_xwr68xx_mss.oer4f (.text:SOC_hasDSPCore)
                  00024a38    00000034                          : soc_xwr68xx.oer4f (.text:SOC_setMMWaveDSSLinkState)
                  00024a6c    00000034                          : soc_xwr68xx.oer4f (.text:SOC_setMMWaveMSSLinkState)
                  00024aa0    00000034                          : soc_xwr68xx.oer4f (.text:SOC_setMSSLinkState)
                  00024ad4    00000034     libuart_xwr68xx.aer4f : UART.oer4f (.text:UART_open)
                  00024b08    00000034     rtsv7R4_T_le_v3D16_eabi.lib : fopen.c.obj (.text:__TI_cleanup)
                  00024b3c    00000034                                 : trgmsg.c.obj (.text:__TI_readmsg)
                  00024b70    00000034                                 : getdevice.c.obj (.text:finddevice)
                  00024ba4    0000000a     libosal_xwr68xx.aer4f : SemaphoreP_tirtos.oer4f (.text:SemaphoreP_post)
                  00024bae    00000002     --HOLE-- [fill = 0]
                  00024bb0    00000034     sysbios.aer4ft : BIOS.obj (.text:ti_sysbios_family_arm_a15_TimestampProvider_get64__E)
                  00024be4    00000034     mmw_mss_per4ft.oer4ft (.text:ti_sysbios_knl_Semaphore_create)
                  00024c18    00000032     libcrc_xwr68xx.aer4f : crc.oer4f (.text:CRC_getCRCDataSelectBitValue)
                  00024c4a    00000002     --HOLE-- [fill = 0]
                  00024c4c    00000032                          : crc.oer4f (.text:CRC_getCRCTypeBitValue)
                  00024c7e    00000032     libedma_xwr68xx.aer4f : edma.oer4f (.text:EDMA_configQueueThreshold)
                  00024cb0    00000032     libhwa_xwr68xx.aer4f : hwa.oer4f (.text:HWA_allParamDoneISR)
                  00024ce2    0000000e     rtsv7R4_T_le_v3D16_eabi.lib : copy_decompress_none.c.obj (.text:decompress:none:__TI_decompress_none)
                  00024cf0    00000032     sysbios.aer4ft : BIOS.obj (.text:ti_sysbios_hal_Hwi_initStack)
                  00024d22    00000002     --HOLE-- [fill = 0]
                  00024d24    00000030     libadcbuf_xwr68xx.aer4f : ADCBuf.oer4f (.text:ADCBuf_init)
                  00024d54    00000030     libcbuff_xwr68xx.aer4f : cbuff_transfer.oer4f (.text:CBUFF_addCQLLEntry)
                  00024d84    00000030     libmmwave_xwr68xx.aer4f : mmwave_listlib.oer4f (.text:MMWave_listRemoveNode)
                  00024db4    00000030     libsoc_xwr68xx.aer4f : soc.oer4f (.text:SOC_getDevicePartNumber)
                  00024de4    00000030     rtsv7R4_T_le_v3D16_eabi.lib : vsnprintf.c.obj (.text:_outs)
                  00024e14    00000030     libgtrack3D.aer4f : gtrack_math.oer4f (.text:gtrack_matrixAdd)
                  00024e44    00000030                       : gtrack_math.oer4f (.text:gtrack_matrixSub)
                  00024e74    00000030     libmmwavelink_xwr68xx.aer4f : rl_sensor.oer4f (.text:rlSensorStart)
                  00024ea4    00000030     mmw_mss_per4ft.oer4ft (.text:ti_sysbios_BIOS_startFunc__I)
                  00024ed4    0000000a     libuart_xwr68xx.aer4f : UART.oer4f (.text:UART_read)
                  00024ede    00000002     --HOLE-- [fill = 0]
                  00024ee0    00000030     sysbios.aer4ft : BIOS.obj (.text:ti_sysbios_family_arm_TaskSupport_start__E)
                  00024f10    00000030     mmw_mss_per4ft.oer4ft (.text:ti_sysbios_gates_GateHwi_Object__create__S)
                  00024f40    00000030     mmw_mss_per4ft.oer4ft (.text:ti_sysbios_gates_GateMutex_Object__create__S)
                  00024f70    00000030     mmw_mss_per4ft.oer4ft (.text:ti_sysbios_heaps_HeapMem_Object__create__S)
                  00024fa0    00000030     sysbios.aer4ft : BIOS.obj (.text:ti_sysbios_heaps_HeapMem_free__E)
                  00024fd0    00000030     mmw_mss_per4ft.oer4ft (.text:ti_sysbios_knl_Semaphore_construct)
                  00025000    0000002f     sysbios.aer4ft : BIOS.obj (.text:xdc_runtime_Text_printVisFxn__I)
                  0002502f    00000001     --HOLE-- [fill = 0]
                  00025030    0000002e     libdpm_xwr68xx.aer4f : dpm_msg.oer4f (.text:DPM_msgStartHandler)
[...]
00029094  ti_sysbios_knl_Task_Module__diagsMask__C                             
00029098  ti_sysbios_knl_Task_Module__loggerFxn2__C                            
0002909c  ti_sysbios_knl_Task_Module__loggerFxn4__C                            
000290a0  ti_sysbios_knl_Task_Module__loggerObj__C                             
000290a4  ti_sysbios_knl_Task_Object__count__C                                 
000290a8  ti_sysbios_knl_Task_Object__heap__C                                  
000290ac  ti_sysbios_knl_Task_allBlockedFunc__C                                
000290b0  ti_sysbios_knl_Task_defaultStackHeap__C                              
000290b4  ti_sysbios_knl_Task_defaultStackSize__C                              
000290b8  ti_sysbios_knl_Task_numConstructedTasks__C                           
000290bc  ti_sysbios_timers_rti_Timer_E_cannotSupport__C                       
000290c0  ti_sysbios_timers_rti_Timer_Module__diagsEnabled__C                  
000290c4  ti_sysbios_timers_rti_Timer_Module__diagsIncluded__C                 
000290c8  ti_sysbios_timers_rti_Timer_Module__diagsMask__C                     
000290cc  ti_sysbios_timers_rti_Timer_numTimerDevices__C                       
000290d0  ti_sysbios_timers_rti_Timer_startupNeeded__C                         
000290d4  ti_sysbios_utils_Load_LS_cpuLoad__C                                  
000290d8  ti_sysbios_utils_Load_LS_taskLoad__C                                 
000290dc  ti_sysbios_utils_Load_Module_State_taskList__O                       
000290e0  ti_sysbios_utils_Load_Module__diagsEnabled__C                        
000290e4  ti_sysbios_utils_Load_Module__diagsIncluded__C                       
000290e8  ti_sysbios_utils_Load_Module__diagsMask__C                           
000290ec  ti_sysbios_utils_Load_Module__loggerFxn1__C                          
000290f0  ti_sysbios_utils_Load_Module__loggerFxn4__C                          
000290f4  ti_sysbios_utils_Load_Module__loggerObj__C                           
000290f8  ti_sysbios_utils_Load_postUpdate__C                                  
000290fc  ti_sysbios_utils_Load_windowInMs__C                                  
00029100  xdc_runtime_Assert_E_assertFailed__C                                 
00029104  xdc_runtime_Core_A_initializedParams__C                              
00029108  xdc_runtime_Core_Module__diagsEnabled__C                             
0002910c  xdc_runtime_Core_Module__diagsIncluded__C                            
00029110  xdc_runtime_Core_Module__diagsMask__C                                
00029114  xdc_runtime_Error_E_memory__C                                        
00029118  xdc_runtime_Error_Module__diagsEnabled__C                            
0002911c  xdc_runtime_Error_Module__diagsIncluded__C                           
00029120  xdc_runtime_Error_Module__diagsMask__C                               
00029124  xdc_runtime_Error_Module__loggerFxn8__C                              
00029128  xdc_runtime_Error_Module__loggerObj__C                               
0002912c  xdc_runtime_Error_policyFxn__C                                       
00029130  xdc_runtime_Error_policy__C                                          
00029134  xdc_runtime_Error_raiseHook__C                                       
00029138  xdc_runtime_IFilterLogger_Interface__BASE__C                         
0002913c  xdc_runtime_IGateProvider_Interface__BASE__C                         
00029140  xdc_runtime_IHeap_Interface__BASE__C                                 
00029144  xdc_runtime_ILogger_Interface__BASE__C                               
00029148  xdc_runtime_IModule_Interface__BASE__C                               
0002914c  xdc_runtime_Log_L_error__C                                           
00029150  xdc_runtime_LoggerBuf_E_badLevel__C                                  
00029154  xdc_runtime_LoggerBuf_Module__gateObj__C                             
00029158  xdc_runtime_LoggerBuf_Object__count__C                               
0002915c  xdc_runtime_LoggerBuf_statusLogger__C                                
00029160  xdc_runtime_Main_Module__diagsEnabled__C                             
00029164  xdc_runtime_Main_Module__diagsIncluded__C                            
00029168  xdc_runtime_Main_Module__diagsMask__C                                
0002916c  xdc_runtime_Main_Module__loggerFxn1__C                               
00029170  xdc_runtime_Main_Module__loggerFxn2__C                               
00029174  xdc_runtime_Main_Module__loggerFxn4__C                               
00029178  xdc_runtime_Main_Module__loggerObj__C                                
0002917c  xdc_runtime_Memory_defaultHeapInstance__C                            
00029180  xdc_runtime_Startup_execImpl__C                                      
00029184  xdc_runtime_Startup_maxPasses__C                                     
00029188  xdc_runtime_Startup_sfxnRts__C                                       
0002918c  xdc_runtime_Startup_sfxnTab__C                                       
00029190  xdc_runtime_System_Module__gateObj__C                                
00029194  xdc_runtime_System_abortFxn__C                                       
00029198  xdc_runtime_System_exitFxn__C                                        
0002919c  xdc_runtime_System_extendFxn__C                                      
000291a0  xdc_runtime_System_maxAtexitHandlers__C                              
000291a4  xdc_runtime_Text_charTab__C                                          
000291a8  xdc_runtime_Text_nameEmpty__C                                        
000291ac  xdc_runtime_Text_nameStatic__C                                       
000291b0  xdc_runtime_Text_nameUnknown__C                                      
000291b4  xdc_runtime_Text_visitRopeFxn__C                                     
000291b8  ti_sysbios_family_arm_v7r_tms570_Core_Module__id__C                  
000291ba  ti_sysbios_family_arm_v7r_vim_Hwi_Module__id__C                      
000291bc  ti_sysbios_family_arm_v7r_vim_Hwi_Module__loggerDefined__C           
000291be  ti_sysbios_gates_GateMutex_Module__id__C                             
000291c0  ti_sysbios_hal_Hwi_Module__id__C                                     
000291c2  ti_sysbios_heaps_HeapMem_Module__id__C                               
000291c4  ti_sysbios_knl_Clock_Module__id__C                                   
000291c6  ti_sysbios_knl_Clock_Module__loggerDefined__C                        
000291c8  ti_sysbios_knl_Semaphore_Module__id__C                               
000291ca  ti_sysbios_knl_Semaphore_Module__loggerDefined__C                    
000291cc  ti_sysbios_knl_Task_Module__id__C                                    
000291ce  ti_sysbios_knl_Task_Module__loggerDefined__C                         
000291d0  ti_sysbios_timers_rti_Timer_Module__id__C                            
000291d2  ti_sysbios_timers_rti_Timer_continueOnSuspend__C                     
000291d4  ti_sysbios_utils_Load_Module__id__C                                  
000291d6  ti_sysbios_utils_Load_Module__loggerDefined__C                       
000291d8  ti_sysbios_utils_Load_autoAddTasks__C                                
000291da  ti_sysbios_utils_Load_updateInIdle__C                                
000291dc  xdc_runtime_Core_Module__id__C                                       
000291de  xdc_runtime_Error_Module__loggerDefined__C                           
000291e0  xdc_runtime_Error_maxDepth__C                                        
000291e2  xdc_runtime_LoggerBuf_Module__id__C                                  
000291e4  xdc_runtime_LoggerBuf_filterByLevel__C                               
000291e6  xdc_runtime_Main_Module__id__C                                       
000291e8  xdc_runtime_Main_Module__loggerDefined__C                            
000291ea  xdc_runtime_Memory_Module__id__C                                     
000291ec  xdc_runtime_Text_charCnt__C                                          
000291ee  xdc_runtime_Text_isLoaded__C                                         
000291f0  xdc_runtime_Text_registryModsLastId__C                               
000291f2  xdc_runtime_Text_unnamedModsLastId__C                                
000291f8  __TI_static_base__                                                   
00029780  __TI_Handler_Table_Base                                              
0002978c  __TI_Handler_Table_Limit                                             
000297b8  __TI_CINIT_Base                                                      
000297e8  __TI_CINIT_Limit                                                     
08000000  __start___llvm_prf_cnts                                              
08000000  __stop___llvm_prf_cnts                                               
08000000  ti_sysbios_heaps_HeapMem_Instance_State_0_buf__A                     
08018000  numObjOutCollect                                                     
08018004  gRFLdoBypassCfg                                                      
08018008  objOutSideInfoCollect                                                
080187d8  gMmwMssMCB                                                           
080190e0  objOutCollect                                                        
0801b020  objOutSphCollect                                                     
08025a00  rl_txMsg                                                             
08025b00  rl_rxMsg                                                             
08025de8  appStateParamTable                                                   
08025e18  appGatingParamTable                                                  
08025e68  appAllocationParamTable                                              
08025ec8  appPresenceParamTable                                                
08025fb8  appSceneryParamTable                                                 
080261a8  gCLI_mmwave_freq_scale_factor                                        
080261b0  gCLIMMWaveOpenCfg                                                    
080261d8  gCLIMMWaveExtensionTable                                             
08026280  gCLIMMWaveControlCfg                                                 
0802634c  partInfoStringArray                                                  
08026530  ti_sysbios_family_arm_v7r_vim_Hwi_Module_State_0_dispatchTable__A    
08026730  _ftable                                                              
08026820  ti_sysbios_utils_Load_Module__state__V                               
080268b8  ti_sysbios_knl_Task_Module_State_0_readyQ__A                         
08026938  _device                                                              
080269b0  gCBUFFHwAttribute                                                    
08026a28  ti_sysbios_knl_Task_Object__table__V                                 
08026a84  gUartSciHwCfg                                                        
08026adc  _stream                                                              
08026b2c  gMailboxMCB                                                          
08026b7c  ti_sysbios_knl_Task_Module__state__V                                 
08026bc4  SOC_TranslateAddr_LUT                                                
08026c04  ti_sysbios_gates_GateMutex_Object__table__V                          
08026c44  ti_sysbios_timers_rti_Timer_Object__table__V                         
08026c80  gCBUFFInterfaceFxn                                                   
08026cb8  ti_sysbios_family_arm_v7r_vim_Hwi_Module__state__V                   
08026cec  gHWAHwCfg                                                            
08026d1c  ti_sysbios_family_arm_v7r_vim_Hwi_Object__table__V                   
08026d48  ti_sysbios_knl_Clock_Module__state__V                                
08026d74  gUartSciFxnTable                                                     
08026d9c  UART_config                                                          
08026dc0  gDPC_ObjDetRangeHWACfg                                               
08026de4  ti_sysbios_BIOS_Module__state__V                                     
08026e08  xdc_runtime_LoggerBuf_Object__table__V                               
08026e2c  gHWADriverPtr                                                        
08026e30  gSOCHwAttrib                                                         
08026e50  ti_sysbios_knl_Clock_Object__table__V                                
08026e70  xdc_runtime_Error_IgnoreBlock                                        
08026e90  xdc_runtime_System_Module_State_0_atexitHandlers__A                  
08026eb0  ti_sysbios_utils_Load_Module_State_0_taskEnv__A                      
08026ecc  ADCBuf_config                                                        
08026ee4  gInterleavedTransferFxn                                              
08026efc  gMailboxMssBssHwCfg                                                  
08026f14  gMailboxMssDssHwCfg                                                  
08026f2c  gMultipleChirpNonInterleavedTransferFxn                              
08026f44  gNonInterleavedTransferFxn                                           
08026f5c  ti_sysbios_heaps_HeapMem_Object__table__V                            
08026f74  ti_sysbios_timers_rti_Timer_Module_State_0_device__A                 
08026f8c  gDPMRemoteTable                                                      
08026fa0  ti_sysbios_family_arm_exc_Exception_Module__state__V                 
08026fb4  gHwaEDMAChanMapping                                                  
08026fc4  __TI_ft_end                                                          
08026fc8  __aeabi_stdin                                                        
08026fcc  __aeabi_stdout                                                       
08026fd0  __aeabi_stderr                                                       
08026fd4  ti_sysbios_timers_rti_Timer_Module_State_0_intFreqs__A               
08026fe4  ti_sysbios_timers_rti_Timer_Module__state__V                         
08026ff4  __TI_cleanup_ptr                                                     
08026ff8  __TI_dtors_ptr                                                       
08026ffc  __TI_enable_exit_profile_output                                      
08027000  gESMHwCfgAttrs                                                       
0802700c  ti_sysbios_family_arm_v7a_Pmu_Module__state__V                       
08027018  ti_sysbios_knl_Task_Module__root__V                                  
08027024  _lock                                                                
08027028  _unlock                                                              
0802702c  MmwDemo_RFParserHwCfg                                                
08027034  gDPMHwAttrib                                                         
0802703c  gGPIOHwAtrrib                                                        
08027044  ti_sysbios_family_arm_v7r_vim_Hwi_Module__root__V                    
0802704c  ti_sysbios_gates_GateHwi_Module__root__V                             
08027054  ti_sysbios_gates_GateMutex_Module__root__V                           
0802705c  ti_sysbios_hal_Hwi_Object__table__V                                  
08027064  ti_sysbios_heaps_HeapMem_Module__root__V                             
0802706c  ti_sysbios_knl_Queue_Module__root__V                                 
08027074  ti_sysbios_knl_Semaphore_Module__root__V                             
0802707c  ti_sysbios_timers_rti_Timer_Module_State_0_handles__A                
08027084  xdc_runtime_LoggerBuf_Module__root__V                                
0802708c  xdc_runtime_Registry_Module__state__V                                
08027094  xdc_runtime_Startup_Module__state__V                                 
0802709c  xdc_runtime_System_Module__state__V                                  
080270a4  xdc_runtime_LoggerBuf_Module__state__V                               
080270aa  ti_sysbios_family_arm_exc_Exception_Module_State_0_excActive__A      
080270b0  gCRCRegister                                                         
080270b4  gDPM                                                                 
080270b8  regionId                                                             
080270bc  gPinmuxRegs                                                          
080270c4  errno                                                                
080270c8  main_func_sp                                                         
080270d0  ti_sysbios_family_arm_a15_TimestampProvider_Module__state__V         
080270d4  ti_sysbios_family_arm_exc_Exception_Module_State_0_excContext__A     
080270d8  ti_sysbios_family_arm_exc_Exception_Module_State_0_excStackBuffers__A
080270dc  ti_sysbios_family_arm_exc_Exception_Module_State_0_excStack__A       
080270e0  ti_sysbios_gates_GateHwi_Object__table__V                            
080270e4  ti_sysbios_heaps_HeapBuf_Module__state__V                            
080270e8  ti_sysbios_knl_Task_Module_State_0_idleTask__A                       
080270ec  ti_sysbios_utils_Load_Module_State_0_runningTask__A                  
080270f0  ti_sysbios_utils_Load_Module_State_0_taskStartTime__A                
080270f4  gGtrackMemoryUsed                                                    
080270f8  xdc_runtime_Memory_Module__state__V                                  
080270fc  xdc_runtime_Error_Module__state__V                                   
080270fe  xdc_runtime_Main_Module__root__V                                     
08027100  xdc_runtime_LoggerBuf_Instance_State_0_entryArr__A                   
08028a00  ti_sysbios_family_arm_exc_Exception_Module_State_0_excStack_0__A     
08029a00  edmaDbg                                                              
0802a108  ti_sysbios_knl_Task_Instance_State_0_stack__A                        
0802a428  gCLI                                                                 
0802a5d0  gGPIOMCB                                                             
0802a764  __CIOBUF_                                                            
0802a884  gMMWave_MCB                                                          
0802a984  __TI_tmpnams                                                         
0802aa24  gObjDetObj                                                           
0802aa28  gHSIHeaderMCB                                                        
0802aab8  gEsmMCB                                                              
0802ab28  gMMWave_DualcoreMCB                                                  
0802ab30  parmbuf                                                              
0802ab38  ti_sysbios_knl_Task_Instance_State_0_hookEnv__A                      
0802ab3c  gDPCTCM                                                              
0802bb40  ti_sysbios_family_arm_v7r_vim_Hwi_Module_State_0_fiqStack__A         
0802c340  __stack                                                              
0802cb40  __STACK_END                                                          
51000000  gMmwL3                                                               
fffffdec  ti_sysbios_family_arm_v7r_vim_Hwi_vim                                
ffffffff  __TI_pprof_out_hndl                                                  
ffffffff  __TI_prof_data_size                                                  
ffffffff  __TI_prof_data_start                                                 
ffffffff  __binit__                                                            
ffffffff  __c_args__                                                           
ffffffff  binit                                                                
UNDEFED   SHT$$INIT_ARRAY$$Base                                                
UNDEFED   SHT$$INIT_ARRAY$$Limit                                               

[1256 symbols]
