******************************************************************************
                  TI ARM Linker PC v20.2.7                     
******************************************************************************
>> Linked Sat Apr 25 16:24:21 2026

OUTPUT FILE NAME:   <long_range_people_det_6843_mss.xer4f>
ENTRY POINT SYMBOL: "_c_int00"  address: 00020a8c


MEMORY CONFIGURATION

         name            origin    length      used     unused   attr    fill
----------------------  --------  ---------  --------  --------  ----  --------
PAGE 0:
  VECTORS               00000000   00000100  0000003c  000000c4     X
  PROG_RAM              00000100   0007ff00  00029b36  000563ca  R  X
  DATA_RAM              08000000   00030000  0002cd3c  000032c4  RW  
  L3_RAM                51000000   000bff00  000bff00  00000000  RW  
  L3SRAM_CODE           510bff00   00000100  00000000  00000100  R   
  HWA_RAM               52030000   00010000  00000000  00010000  RW  
  HS_RAM                52080000   00008000  00000000  00008000  RW  

PAGE 1:
  L3_RAM                51000000   000bff00  00000000  000bff00  RW  


SEGMENT ALLOCATION MAP

run origin  load origin   length   init length attrs members
----------  ----------- ---------- ----------- ----- -------
00000000    00000000    0000003c   0000003c    r--
  00000000    00000000    0000003c   0000003c    r-- .vecs
00000100    00000100    00029b40   00029b40    r-x
  00000100    00000100    000272f2   000272f2    r-x .text
  000273f8    000273f8    0000224c   0000224c    r-- .const
  00029648    00029648    000005f8   000005f8    r-- .cinit
08000000    08000000    0002cd40   00000000    rw-
  08000000    08000000    00018000   00000000    rw- systemHeap
  08018000    08018000    0000f300   00000000    rw- .data
  08027300    08027300    00003a3c   00000000    rw- .bss
  0802ad3c    0802ad3c    00001000   00000000    rw- .dpcLocalRam
  0802bd40    0802bd40    00000800   00000000    rw- .myFiqStack
  0802c540    0802c540    00000800   00000000    rw- .stack
51000000    51000000    000bff00   00000000    rw-
  51000000    51000000    000bff00   00000000    rw- .l3ram


SECTION ALLOCATION MAP

 output                                  attributes/
section   page    origin      length       input sections
--------  ----  ----------  ----------   ----------------
systemHeap 
*          0    08000000    00018000     UNINITIALIZED
                  08000000    00018000     mmw_mss_per4ft.oer4ft (systemHeap)

.dpcLocalRam 
*          0    0802ad3c    00001000     UNINITIALIZED
                  0802ad3c    00001000     mss_main.oer4f (.dpcLocalRam)

.vecs      0    00000000    0000003c     
                  00000000    0000003c     mmw_mss_per4ft.oer4ft (.vecs)

.text      0    00000100    000272f2     
                  00000100    00001270     mss_main.oer4f (.text:MmwDemo_handleObjectDetResult)
                  00001370    00000e20     libgtrack3D.aer4f : gtrack_unit_update.oer4f (.text:gtrack_unitUpdate)
                  00002190    00000a78     mss_main.oer4f (.text:MmwDemo_dataPathConfig)
                  00002c08    00000a46     rtsv7R4_T_le_v3D16_eabi.lib : _printfi.c.obj (.text:__TI_printfi)
                  0000364e    00000002     libadcbuf_xwr68xx.aer4f : adcbuf_mmwave.oer4f (.text:ADCBUF_MMWave_init)
                  00003650    000008ea     mmw_cli.oer4f (.text:MmwDemo_CLIInit)
                  00003f3a    00000002     libhwa_xwr68xx.aer4f : hwa.oer4f (.text:HWA_init)
                  00003f3c    00000778     rtsv7R4_T_le_v3D16_eabi.lib : s_cosf.c.obj (.text:cosf)
                  000046b4    000006e4                                 : s_sinf.c.obj (.text:sinf)
                  00004d98    00000658     libhwa_xwr68xx.aer4f : hwa.oer4f (.text:HWA_configParamSet)
                  000053f0    00000648     mss_main.oer4f (.text:MmwDemo_initTask)
                  00005a38    00000604     rtsv7R4_T_le_v3D16_eabi.lib : k_rem_pio2.c.obj (.text:__kernel_rem_pio2)
                  0000603c    000005cc     libgtrack3D.aer4f : gtrack_create.oer4f (.text:gtrack_create)
                  00006608    0000059c     rtsv7R4_T_le_v3D16_eabi.lib : e_powf.c.obj (.text:powf)
                  00006ba4    00000593     libgtrack3D.aer4f : gtrack_module.oer4f (.text:gtrack_moduleAllocate)
                  00007137    00000001     --HOLE-- [fill = 0]
                  00007138    00000564     librangeproc_hwa_xwr68xx.aer4f : rangeprochwa.oer4f (.text:DPU_RangeProcHWA_process)
                  0000769c    00000004     libosal_xwr68xx.aer4f : HwiP_tirtos.oer4f (.text:HwiP_disableInterrupt)
                  000076a0    000004e1     sysbios.aer4ft : BIOS.obj (.text:xdc_runtime_System_doPrint__I)
                  00007b81    00000001     --HOLE-- [fill = 0]
                  00007b82    00000002     libmmwave_xwr68xx.aer4f : mmwave_link.oer4f (.text:MMWave_maskHostIRQ)
                  00007b84    000004a8     libadcbuf_xwr68xx.aer4f : adcbuf_mmwave.oer4f (.text:ADCBUF_MMWave_control)
                  0000802c    00000465     libgtrack3D.aer4f : gtrack_unit_update.oer4f (.text:gtrack_velocityStateHandling)
                  00008491    00000001     --HOLE-- [fill = 0]
                  00008492    00000002     libuart_xwr68xx.aer4f : uartsci.oer4f (.text:UartSci_init)
                  00008494    00000440     mmwdemo_rfparser.oer4f (.text:MmwDemo_RFParser_parseCtrlConfig)
                  000088d4    0000043c     librangeproc_hwa_xwr68xx.aer4f : rangeprochwa.oer4f (.text:DPU_RangeProcHWA_config)
                  00008d10    00000438     mss_main.oer4f (.text:HeartRate_runVME)
                  00009148    00000410     libcli_xwr68xx.aer4f : cli_mmwave.oer4f (.text:CLI_MMWaveVersion)
                  00009558    000003fd     mmw_cli.oer4f (.text:MmwDemo_CLISensorStart)
                  00009955    00000001     --HOLE-- [fill = 0]
                  00009956    00000002     rtsv7R4_T_le_v3D16_eabi.lib : _lock.c.obj (.text:_nop)
                  00009958    000003f8     libgtrack3D.aer4f : gtrack_unit_score.oer4f (.text:gtrack_unitScore)
                  00009d50    000003f4     rtsv7R4_T_le_v3D16_eabi.lib : s_cos.c.obj (.text:cos)
                  0000a144    000003e8                                 : strtod.c.obj (.text:strtod)
                  0000a52c    0000033c     mss_main.oer4f (.text:MmwDemo_DPC_ObjectDetection_reportFxn)
                  0000a868    00000332     libgtrack3D.aer4f : gtrack_utilities_3d.oer4f (.text:gtrack_matrixInv)
                  0000ab9a    00000006     libosal_xwr68xx.aer4f : CycleprofilerP_tirtos.oer4f (.text:CycleprofilerP_getTimeStamp)
                  0000aba0    0000032c     sysbios.aer4ft : BIOS.obj (.text:ti_sysbios_knl_Semaphore_pend__E)
                  0000aecc    00000314     libsoc_xwr68xx.aer4f : soc_xwr68xx_mss.oer4f (.text:SOC_deviceInit)
                  0000b1e0    00000304     librangeproc_hwa_xwr68xx.aer4f : rangeprochwa.oer4f (.text:rangeProcHWA_ConfigEDMA_DataOut_nonInterleave)
                  0000b4e4    000002f8     libcbuff_xwr68xx.aer4f : cbuff.oer4f (.text:CBUFF_createSession)
                  0000b7dc    000002f8     libgtrack3D.aer4f : gtrack_unit_event.oer4f (.text:gtrack_unitEvent)
                  0000bad4    0000000c     libedma_xwr68xx.aer4f : edma_low_level.oer4f (.text:EDMA3ChannelToParamMap)
                  0000bae0    000002d0     sysbios.aer4ft : BIOS.obj (.text:ti_sysbios_knl_Task_Instance_finalize__E)
                  0000bdb0    000002c4     libhwa_xwr68xx.aer4f : hwa.oer4f (.text:HWA_configCommon)
                  0000c074    000002b4     rtsv7R4_T_le_v3D16_eabi.lib : ull_div32.asm.obj (.text)
                  0000c328    000002a8                                 : s_tanf.c.obj (.text:tanf)
                  0000c5d0    000002a4     sysbios.aer4ft : BIOS.obj (.text:ti_sysbios_heaps_HeapMem_freeUnprotected__E)
                  0000c874    00000290     libgtrack3D.aer4f : gtrack_step.oer4f (.text:gtrack_step)
                  0000cb04    00000284     libmmwave_xwr68xx.aer4f : mmwave_dualcore.oer4f (.text:MMWave_deviceExecuteFxn)
                  0000cd88    00000284     mss_main.oer4f (.text:MmwDemo_processPendingDynamicCfgCommands)
                  0000d00c    00000280     libhsiheader_xwr68xx.aer4f : hsiheader.oer4f (.text:HSIHeader_createHeader)
                  0000d28c    00000004     libosal_xwr68xx.aer4f : HwiP_tirtos.oer4f (.text:HwiP_enableInterrupt)
                  0000d290    00000280     sysbios.aer4ft : BIOS.obj (.text:ti_sysbios_family_arm_exc_Exception_excDumpContext__I)
                  0000d510    00000264     libcbuff_xwr68xx.aer4f : cbuff.oer4f (.text:CBUFF_init)
                  0000d774    00000260     libmailbox_xwr68xx.aer4f : mailbox.oer4f (.text:Mailbox_open)
                  0000d9d4    0000025c     mss_main.oer4f (.text:MmwDemo_sensorStopEpilog)
                  0000dc30    00000254     libcli_xwr68xx.aer4f : cli_mmwave.oer4f (.text:CLI_MMWaveProfileCfg)
                  0000de84    00000248     rtsv7R4_T_le_v3D16_eabi.lib : _printfi.c.obj (.text:_pconv_a)
                  0000e0cc    00000240     objdetrangehwa.oer4f (.text:DPC_ObjDetRangeHwa_rangeConfig)
                  0000e30c    0000023c     mmw_lvds_stream.oer4f (.text:MmwDemo_LVDSStreamHwConfig)
                  0000e548    00000008     libosal_xwr68xx.aer4f : HwiP_tirtos.oer4f (.text:HwiP_disable)
                  0000e550    00000238     sysbios.aer4ft : BIOS.obj (.text:ti_sysbios_heaps_HeapMem_allocUnprotected__E)
                  0000e788    0000022c     libcbuff_xwr68xx.aer4f : cbuff_lvds.oer4f (.text:CBUFF_openLVDS)
                  0000e9b4    0000022c     librangeproc_hwa_xwr68xx.aer4f : rangeprochwa.oer4f (.text:rangeProcHWA_ConfigHWA)
                  0000ebe0    00000224     sysbios.aer4ft : BIOS.obj (.text:ti_sysbios_timers_rti_Timer_Module_startup__E)
                  0000ee04    00000220     objdetrangehwa.oer4f (.text:DPC_ObjectDetection_ioctl)
                  0000f024    00000214     libuart_xwr68xx.aer4f : uartsci.oer4f (.text:UartSci_open)
                  0000f238    0000020e     libgtrack3D.aer4f : gtrack_unit_predict.oer4f (.text:gtrack_unitPredict)
                  0000f446    00000002     rtsv7R4_T_le_v3D16_eabi.lib : div0.asm.obj (.text)
                  0000f448    0000020a     libcbuff_xwr68xx.aer4f : cbuff_transfer.oer4f (.text:CBUFF_addLinkedList)
                  0000f652    00000002     mmw_mss_per4ft.oer4ft (.text:ti_sysbios_BIOS_nullFunc__I)
                  0000f654    00000208     mss_main.oer4f (.text:HeartRate_findPeakFrequencyWithRunnerUp)
                  0000f85c    00000004     libmmwave_xwr68xx.aer4f : mmwave_link.oer4f (.text:MMWave_disableDevice)
                  0000f860    00000208     sysbios.aer4ft : BIOS.obj (.text:ti_sysbios_knl_Task_sleep__E)
                  0000fa68    00000204     libcli_xwr68xx.aer4f : cli_mmwave.oer4f (.text:CLI_MMWaveChirpCfg)
                  0000fc6c    00000204     libcrc_xwr68xx.aer4f : crc.oer4f (.text:CRC_open)
                  0000fe70    000001f8     sysbios.aer4ft : BIOS.obj (.text:ti_sysbios_knl_Task_Instance_init__E)
                  00010068    000001f0     libdma_xwr68xx.aer4f : dma.oer4f (.text:DMA_setChannelParams)
                  00010258    000001f0     mss_main.oer4f (.text:MmwDemo_eventCallbackFxn)
                  00010448    000001ef     libedma_xwr68xx.aer4f : edma.oer4f (.text:EDMA_paramConfig_assist)
                  00010637    00000001     --HOLE-- [fill = 0]
                  00010638    000001e4     mss_main.oer4f (.text:MmwDemo_stopSensor)
                  0001081c    000001e4     rtsv7R4_T_le_v3D16_eabi.lib : e_logf.c.obj (.text:logf)
                  00010a00    000001e0     libgtrack3D.aer4f : gtrack_utilities.oer4f (.text:gtrack_computeJacobian)
                  00010be0    000001d4     libcbuff_xwr68xx.aer4f : cbuff_edma.oer4f (.text:CBUFF_configEDMA)
                  00010db4    000001d0     libmmwave_xwr68xx.aer4f : mmwave_link.oer4f (.text:MMWave_openLink)
                  00010f84    0000000c     libedma_xwr68xx.aer4f : edma_low_level.oer4f (.text:EDMAsetRegion)
                  00010f90    000001cc     sysbios.aer4ft : BIOS.obj (.text:ti_sysbios_family_arm_v7r_vim_Hwi_dispatchIRQC__I)
                  0001115c    000001c8     libcbuff_xwr68xx.aer4f : cbuff_lvds.oer4f (.text:CBUFF_initLVDS)
                  00011324    000001c8     libtrackerproc_xwr68xx.aer4f : trackerproc_3d.oer4f (.text:DPU_TrackerProc_process)
                  000114ec    000001c8     libmmwavelink_xwr68xx.aer4f : rl_driver.oer4f (.text:rlDriverRxHdrRead)
                  000116b4    000001c4     libedma_xwr68xx.aer4f : edma.oer4f (.text:EDMA_open)
                  00011878    000001c4     libgtrack3D.aer4f : gtrack_unit_create.oer4f (.text:gtrack_unitCreate)
                  00011a3c    000001b4     libedma_xwr68xx.aer4f : edma.oer4f (.text:EDMA_configChannel)
                  00011bf0    000001b0     libmmwavelink_xwr68xx.aer4f : rl_driver.oer4f (.text:rlDriverMsgRead)
                  00011da0    000001a8     mss_main.oer4f (.text:MmwDemo_bpmConfig)
                  00011f48    000001a4     libcbuff_xwr68xx.aer4f : cbuff.oer4f (.text:CBUFF_activateSession)
                  000120ec    000001a4     libcli_xwr68xx.aer4f : cli_mmwave.oer4f (.text:CLI_MMWaveSubFrameCfg)
                  00012290    000001a4     libmmwave_xwr68xx.aer4f : mmwave_dualcore.oer4f (.text:MMWave_serializeCfg)
                  00012434    000001a4     libgtrack3D.aer4f : gtrack_unit_start.oer4f (.text:gtrack_unitStart)
                  000125d8    000001a0     mss_main.oer4f (.text:MmwDemo_openSensor)
                  00012778    000001a0     rtsv7R4_T_le_v3D16_eabi.lib : _printfi.c.obj (.text:_pconv_g)
                  00012918    00000008     libmmwave_xwr68xx.aer4f : mmwave.oer4f (.text:MMWave_decodeErrorLevel)
                  00012920    0000019c     sysbios.aer4ft : BIOS.obj (.text:xdc_runtime_Error_policyDefault__E)
                  00012abc    00000190     libmmwavelink_xwr68xx.aer4f : rl_driver.oer4f (.text:rlDriverCmdInvoke)
                  00012c4c    0000018b     libgtrack3D.aer4f : gtrack_module.oer4f (.text:gtrack_modulePresence)
                  00012dd7    00000001     --HOLE-- [fill = 0]
                  00012dd8    00000188     libhwa_xwr68xx.aer4f : hwa.oer4f (.text:HWA_open)
                  00012f60    00000184     libtrackerproc_xwr68xx.aer4f : trackerproc_3d.oer4f (.text:DPU_TrackerProc_config)
                  000130e4    0000000c     libmmwave_xwr68xx.aer4f : mmwave_dualcore.oer4f (.text:MMWave_deviceMailboxCallbackFxn)
                  000130f0    00000184     sysbios.aer4ft : BIOS.obj (.text:xdc_runtime_LoggerBuf_write8__E)
                  00013274    00000180     libdpm_xwr68xx.aer4f : dpm_core.oer4f (.text:DPM_init)
                  000133f4    00000180                          : dpm_msg.oer4f (.text:DPM_msgRecv)
                  00013574    00000180     mss_main.oer4f (.text:MmwDemo_startSensor)
                  000136f4    0000017c     mmwdemo_rfparser.oer4f (.text:MmwDemo_RFParser_setAoAParams)
                  00013870    0000017c     mss_main.oer4f (.text:MmwDemo_transferLVDSUserData)
                  000139ec    00000174     tracker_utils.oer4f (.text:MmwDemo_CLITrackingCfg)
                  00013b60    00000170     libgpio_xwr68xx.aer4f : gpio.oer4f (.text:GPIO_setConfig)
                  00013cd0    0000016c     sysbios.aer4ft : BIOS.obj (.text:ti_sysbios_family_arm_exc_Exception_excHandler__I)
                  00013e3c    00000004     libmmwave_xwr68xx.aer4f : mmwave_link.oer4f (.text:MMWave_enableDevice)
                  00013e40    0000016c     sysbios.aer4ft : BIOS.obj (.text:ti_sysbios_knl_Semaphore_post__E)
                  00013fac    00000168     objdetrangehwa.oer4f (.text:DPC_ObjectDetection_init)
                  00014114    00000164     mmw_lvds_stream.oer4f (.text:MmwDemo_LVDSStreamInit)
                  00014278    00000164     mmw_lvds_stream.oer4f (.text:MmwDemo_LVDSStreamSwConfig)
                  000143dc    00000004     libmmwave_xwr68xx.aer4f : mmwave_listlib.oer4f (.text:MMWave_listGetHead)
                  000143e0    00000160     sysbios.aer4ft : BIOS.obj (.text:ti_sysbios_family_arm_v7r_vim_Hwi_reconfig__E)
                  00014540    0000015c     objdetrangehwa.oer4f (.text:DPC_ObjectDetection_execute)
                  0001469c    00000004     libmmwave_xwr68xx.aer4f : mmwave_listlib.oer4f (.text:MMWave_listGetNext)
                  000146a0    00000158     sysbios.aer4ft : BIOS.obj (.text:ti_sysbios_knl_Task_postInit__I)
                  000147f8    00000154     rtsv7R4_T_le_v3D16_eabi.lib : s_atanf.c.obj (.text:atanf)
                  0001494c    0000014c     libcli_xwr68xx.aer4f : cli_mmwave.oer4f (.text:CLI_MMWaveFrameCfg)
                  00014a98    0000014c                          : cli.oer4f (.text:CLI_task)
                  00014be4    0000014c     libmmwave_xwr68xx.aer4f : mmwave_link.oer4f (.text:MMWave_initMMWaveLink)
                  00014d30    0000014c     mss_main.oer4f (.text:main)
                  00014e7c    0000014a     libuart_xwr68xx.aer4f : uartsci.oer4f (.text:UartSci_ISR)
                  00014fc6    00000002     mmw_mss_per4ft.oer4ft (.text:xdc_runtime_Startup_reset__I)
                  00014fc8    00000148     libhsiheader_xwr68xx.aer4f : hsiheader.oer4f (.text:HSIHeader_init)
                  00015110    00000148     mmw_cli.oer4f (.text:MmwDemo_CLILvdsStreamCfg)
                  00015258    00000148     libmmwavelink_xwr68xx.aer4f : rl_driver.oer4f (.text:rlDriverCmdSendRetry)
                  000153a0    00000140     sysbios.aer4ft : BIOS.obj (.text:ti_sysbios_heaps_HeapMem_Instance_init__E)
                  000154e0    00000140                    : BIOS.obj (.text:xdc_runtime_Core_createObject__I)
                  00015620    0000013c     mmw_lvds_stream.oer4f (.text:MmwDemo_LVDSStreamDeleteHwSession)
                  0001575c    00000004     libmmwave_xwr68xx.aer4f : mmwave_link.oer4f (.text:MMWave_mboxClose)
                  00015760    0000013c     sysbios.aer4ft : BIOS.obj (.text:ti_sysbios_knl_Clock_workFunc__E)
                  0001589c    00000134     libadcbuf_xwr68xx.aer4f : adcbuf_mmwave.oer4f (.text:ADCBUF_MMWave_open)
                  000159d0    00000134     sysbios.aer4ft : BIOS.obj (.text:xdc_runtime_Startup_startMods__I)
                  00015b04    00000130     mmw_lvds_stream.oer4f (.text:MmwDemo_LVDSStreamDeleteSwSession)
                  00015c34    00000130     libgtrack3D.aer4f : gtrack_utilities.oer4f (.text:gtrack_cartesian2spherical)
                  00015d64    0000012c     librangeproc_hwa_xwr68xx.aer4f : rangeprochwa.oer4f (.text:rangeProcHWA_ConfigEDMADummyThreeLinks)
                  00015e90    00000128     mmw_cli.oer4f (.text:MmwDemo_CLIBpmCfg)
                  00015fb8    00000128     libmathutils.aer4f : mathutils.oer4f (.text:mathUtils_genWindow)
                  000160e0    00000128     sysbios.aer4ft : BIOS.obj (.text:ti_sysbios_utils_Load_updateThreadContexts__E)
                  00016208    00000124     libcli_xwr68xx.aer4f : cli_mmwave.oer4f (.text:CLI_MMWaveAdvFrameCfg)
                  0001632c    00000124                          : cli_mmwave.oer4f (.text:CLI_MMWaveContModeCfg)
                  00016450    00000124     libedma_xwr68xx.aer4f : edma.oer4f (.text:EDMA_init)
                  00016574    0000000c     libmmwave_xwr68xx.aer4f : mmwave_osal.oer4f (.text:MMWave_osalMutexUnlock)
                  00016580    00000120     sysbios.aer4ft : BIOS.obj (.text:xdc_runtime_LoggerBuf_write4__E)
                  000166a0    00000118     libedma_xwr68xx.aer4f : edma.oer4f (.text:EDMA_transferComplete_isr)
                  000167b8    00000008     libmmwave_xwr68xx.aer4f : mmwave_link.oer4f (.text:MMWave_mboxCallbackFxn)
                  000167c0    00000118     sysbios.aer4ft : BIOS.obj (.text:ti_sysbios_family_arm_v7r_vim_Hwi_Instance_init__E)
                  000168d8    00000116     mmw_cli.oer4f (.text:MmwDemo_CLICalibDcRangeSig)
                  000169ee    00000002     --HOLE-- [fill = 0]
                  000169f0    00000114     libedma_xwr68xx.aer4f : edma.oer4f (.text:EDMA_configErrorMonitoring)
                  00016b04    00000110     mmw_cli.oer4f (.text:MmwDemo_CLIAnalogMonitorCfg)
                  00016c14    0000010c     libdpedma_hwa_xwr68xx.aer4f : dpedma.oer4f (.text:DPEDMA_configSyncAB)
                  00016d20    0000010c     libdpm_xwr68xx.aer4f : dpm_msg.oer4f (.text:DPM_msgResultHandler)
                  00016e2c    0000010c     libmmwave_xwr68xx.aer4f : mmwave_link.oer4f (.text:MMWave_asyncEventHandler)
                  00016f38    0000010c                             : mmwave_dualcore.oer4f (.text:MMWave_deviceInitFxn)
                  00017044    0000000c                             : mmwave_osal.oer4f (.text:MMWave_osalSemSignal)
                  00017050    0000010c     sysbios.aer4ft : BIOS.obj (.text:ti_sysbios_knl_Task_schedule__I)
                  0001715c    00000004     libmmwave_xwr68xx.aer4f : mmwave_link.oer4f (.text:MMWave_mboxRead)
                  00017160    0000010c     sysbios.aer4ft : BIOS.obj (.text:xdc_runtime_Core_constructObject__I)
                  0001726c    00000108     libdma_xwr68xx.aer4f : dma.oer4f (.text:DMA_disableInterrupt)
                  00017374    00000108     libmailbox_xwr68xx.aer4f : mailbox.oer4f (.text:Mailbox_write)
                  0001747c    00000108     mmw_cli.oer4f (.text:MmwDemo_CLICfarCfg)
                  00017584    00000108     mmw_cli.oer4f (.text:MmwDemo_CLIChirpQualityRxSatMonCfg)
                  0001768c    00000104     libcbuff_xwr68xx.aer4f : cbuff.oer4f (.text:CBUFF_deinit)
                  00017790    00000104     libdpedma_hwa_xwr68xx.aer4f : dpedma.oer4f (.text:DPEDMA_configSyncA_singleFrame)
                  00017894    00000104     libmmwave_xwr68xx.aer4f : mmwave_link.oer4f (.text:MMWave_startLink)
                  00017998    00000104     mmw_cli.oer4f (.text:MmwDemo_CLICompRangeBiasAndRxChanPhaseCfg)
                  00017a9c    00000104     rtsv7R4_T_le_v3D16_eabi.lib : _printfi.c.obj (.text:_pconv_e)
                  00017ba0    00000104     sysbios.aer4ft : BIOS.obj (.text:ti_sysbios_timers_rti_Timer_getFreq__E)
                  00017ca4    00000100     libcli_xwr68xx.aer4f : cli_mmwave.oer4f (.text:CLI_MMWaveBPMCfgAdvanced)
                  00017da4    00000100     libdma_xwr68xx.aer4f : dma.oer4f (.text:DMA_clearChannelInterruptFlag)
                  00017ea4    00000100     libgtrack3D.aer4f : gtrack_utilities.oer4f (.text:gtrack_spherical2cartesian)
                  00017fa4    00000100     libmmwavelink_xwr68xx.aer4f : rl_driver.oer4f (.text:rlDriverInit)
                  000180a4    000000fc     libcbuff_xwr68xx.aer4f : cbuff.oer4f (.text:CBUFF_deleteSession)
                  000181a0    000000fc     libcrc_xwr68xx.aer4f : crc.oer4f (.text:CRC_computeSignature)
                  0001829c    000000fc     mmw_cli.oer4f (.text:MmwDemo_CLIADCBufCfg)
                  00018398    000000fc     rtsv7R4_T_le_v3D16_eabi.lib : _printfi.c.obj (.text:fcvt)
                  00018494    0000000c     libuart_xwr68xx.aer4f : UART.oer4f (.text:UART_Params_init)
                  000184a0    000000fc     sysbios.aer4ft : BIOS.obj (.text:ti_sysbios_knl_Task_exit__E)
                  0001859c    000000f8     mmw_lvds_stream.oer4f (.text:MmwDemo_configLVDSHwData)
                  00018694    000000f8     libmmwavelink_xwr68xx.aer4f : rl_driver.oer4f (.text:rlDriverRdVerifyMsg)
                  0001878c    000000f8     mmw_mss_per4ft.oer4ft (.text:xdc_runtime_System_printfExtend__I)
                  00018884    000000f4     tracker_utils.oer4f (.text:MmwDemo_CLISensorPositionCfg)
                  00018978    000000f0     rtsv7R4_T_le_v3D16_eabi.lib : s_scalbn.c.obj (.text:scalbn)
                  00018a68    00000008     libosal_xwr68xx.aer4f : MemoryP_tirtos.oer4f (.text:MemoryP_getStats)
                  00018a70    000000f0     sysbios.aer4ft : BIOS.obj (.text:ti_sysbios_family_arm_v7r_vim_Hwi_Module_startup__E)
                  00018b60    000000f0                    : BIOS.obj (.text:ti_sysbios_knl_Task_startCore__E)
                  00018c50    000000f0                    : BIOS.obj (.text:ti_sysbios_utils_Load_taskCreateHook__E)
                  00018d40    000000ec     mmw_cli.oer4f (.text:MmwDemo_CLIChirpQualitySigImgMonCfg)
                  00018e2c    00000004     libmmwave_xwr68xx.aer4f : mmwave_link.oer4f (.text:MMWave_registerInterruptHandler)
                  00018e30    000000ec     sysbios.aer4ft : BIOS.obj (.text:ti_sysbios_heaps_HeapBuf_Module_startup__E)
                  00018f1c    000000ea     libdpedma_hwa_xwr68xx.aer4f : dpedmahwa.oer4f (.text:DPEDMAHWA_configTwoHotSignature)
                  00019006    00000002     --HOLE-- [fill = 0]
                  00019008    000000e4     libmmwavelink_xwr68xx.aer4f : rl_sensor.oer4f (.text:rlRfPhShiftCalibDataRestore)
                  000190ec    000000e0     libcli_xwr68xx.aer4f : cli.oer4f (.text:CLI_open)
                  000191cc    000000e0     libdma_xwr68xx.aer4f : dma.oer4f (.text:DMA_enableInterrupt)
                  000192ac    000000e0     rtsv7R4_T_le_v3D16_eabi.lib : s_floor.c.obj (.text:floor)
                  0001938c    000000de     mss_main.oer4f (.text:MmwDemo_setSubFramePendingState)
                  0001946a    00000002     --HOLE-- [fill = 0]
                  0001946c    000000dc     libmmwave_xwr68xx.aer4f : mmwave.oer4f (.text:MMWave_init)
                  00019548    000000dc     libmmwavelink_xwr68xx.aer4f : rl_driver.oer4f (.text:rlDriverMsgCmdReply)
                  00019624    000000dc     rtsv7R4_T_le_v3D16_eabi.lib : setvbuf.c.obj (.text:setvbuf)
                  00019700    000000d8     mss_main.oer4f (.text:HeartRate_buildUartPacket)
                  000197d8    000000d4     libmailbox_xwr68xx.aer4f : mailbox.oer4f (.text:Mailbox_read)
                  000198ac    000000d4     mss_main.oer4f (.text:MmwDemo_configSensor)
                  00019980    000000d4     librangeproc_hwa_xwr68xx.aer4f : rangeprochwa.oer4f (.text:rangeProcHWA_ConfigEDMA_DataIn)
                  00019a54    000000d4     libmmwavelink_xwr68xx.aer4f : rl_sensor.oer4f (.text:rlSetMultiBpmChirpConfig)
                  00019b28    00000008     libosal_xwr68xx.aer4f : SemaphoreP_tirtos.oer4f (.text:SemaphoreP_Params_init)
                  00019b30    000000d4     sysbios.aer4ft : BIOS.obj (.text:ti_sysbios_utils_Load_logLoads__I)
                  00019c04    000000d2     libgtrack3D.aer4f : gtrack_math.oer4f (.text:gtrack_matrixPrint2)
                  00019cd6    00000002     --HOLE-- [fill = 0]
                  00019cd8    000000d0     librangeproc_hwa_xwr68xx.aer4f : rangeprochwa.oer4f (.text:DPU_RangeProcHWA_control)
                  00019da8    000000d0     rtsv7R4_T_le_v3D16_eabi.lib : s_scalbnf.c.obj (.text:scalbnf)
                  00019e78    000000d0     sysbios.aer4ft : exc_Exception_asm.obj (.text:ti_sysbios_family_arm_exc_Exception_excHandlerAsm__I)
                  00019f48    00000008     rtsv7R4_T_le_v3D16_eabi.lib : errno.c.obj (.text:__aeabi_errno_addr)
                  00019f50    000000d0     sysbios.aer4ft : BIOS.obj (.text:ti_sysbios_utils_Load_idleFxn__E)
                  0001a020    000000d0                    : BIOS.obj (.text:xdc_runtime_LoggerBuf_Instance_init__E)
                  0001a0f0    000000cc     libhwa_xwr68xx.aer4f : hwa.oer4f (.text:HWA_enableParamSetInterrupt)
                  0001a1bc    000000cc     libmmwavelink_xwr68xx.aer4f : rl_sensor.oer4f (.text:rlRfCalibDataRestore)
                  0001a288    000000cc                                 : rl_sensor.oer4f (.text:rlSetChirpConfig)
                  0001a354    0000000c     libuart_xwr68xx.aer4f : uartsci_dma.oer4f (.text:UartSci_isDMAEnabled)
                  0001a360    000000cc     sysbios.aer4ft : BIOS.obj (.text:ti_sysbios_knl_Task_checkStacks__E)
                  0001a42c    000000c8     mss_main.oer4f (.text:HeartRate_submitUartSnapshot)
                  0001a4f4    000000c8     libmmwave_xwr68xx.aer4f : mmwave_fullcfg.oer4f (.text:MMWave_addChirp)
                  0001a5bc    000000c8                             : mmwave_link.oer4f (.text:MMWave_configBPM)
                  0001a684    000000c8                             : mmwave_fullcfg.oer4f (.text:MMWave_flushCfg)
                  0001a74c    000000c8                             : mmwave_fullcfg.oer4f (.text:MMWave_getChirpHandle)
                  0001a814    000000c8     libsoc_xwr68xx.aer4f : soc_xwr68xx.oer4f (.text:SOC_ungateClock)
                  0001a8dc    000000c8     libgtrack3D.aer4f : gtrack_delete.oer4f (.text:gtrack_delete)
                  0001a9a4    000000c8     libmmwavelink_xwr68xx.aer4f : rl_sensor.oer4f (.text:rlSetFrameConfig)
                  0001aa6c    000000c4     libcbuff_xwr68xx.aer4f : cbuff_transfer.oer4f (.text:CBUFF_setupNonInterleaved_CP_ADC_CQ)
                  0001ab30    000000c4     libdpm_xwr68xx.aer4f : dpm_core.oer4f (.text:DPM_deinit)
                  0001abf4    000000c4                          : dpm_core.oer4f (.text:DPM_ioctl)
                  0001acb8    000000c4     tracker_utils.oer4f (.text:MmwDemo_CLIPresenceParamCfg)
                  0001ad7c    00000004     libmmwave_xwr68xx.aer4f : mmwave_link.oer4f (.text:MMWave_unmaskHostIRQ)
                  0001ad80    000000c4     sysbios.aer4ft : BIOS.obj (.text:ti_sysbios_family_arm_v7a_Pmu_configureCounter__E)
                  0001ae44    000000c0     librangeproc_hwa_xwr68xx.aer4f : rangeprochwa.oer4f (.text:DPU_RangeProcHWA_init)
                  0001af04    000000c0     mss_main.oer4f (.text:MmwDemo_isAllCfgInPendingState)
                  0001afc4    000000c0     libmmwavelink_xwr68xx.aer4f : rl_driver.oer4f (.text:rlDriverMsgWrite)
                  0001b084    0000000c     rtsv7R4_T_le_v3D16_eabi.lib : _lock.c.obj (.text:_register_lock)
                  0001b090    000000c0     sysbios.aer4ft : BIOS.obj (.text:ti_sysbios_timers_rti_Timer_startup__E)
                  0001b150    000000bc     libcli_xwr68xx.aer4f : cli.oer4f (.text:CLI_help)
                  0001b20c    000000bc     libgpio_xwr68xx.aer4f : gpio.oer4f (.text:GPIO_write)
                  0001b2c8    000000bc     libmmwave_xwr68xx.aer4f : mmwave_link.oer4f (.text:MMWave_computeCRC)
                  0001b384    000000bc     mmw_lvds_stream.oer4f (.text:MmwDemo_LVDSStream_EDMAInit)
                  0001b440    000000b8     libcbuff_xwr68xx.aer4f : cbuff.oer4f (.text:CBUFF_ISR)
                  0001b4f8    000000b8                            : cbuff_transfer.oer4f (.text:CBUFF_setupTransfer)
                  0001b5b0    000000b8     libdma_xwr68xx.aer4f : dma.oer4f (.text:DMA_getChannelInterruptFlag)
                  0001b668    000000b6     libsoc_xwr68xx.aer4f : soc_mpu.o (.text)
                  0001b71e    00000002     --HOLE-- [fill = 0]
                  0001b720    000000b4     rtsv7R4_T_le_v3D16_eabi.lib : k_cos.c.obj (.text:__kernel_cos)
                  0001b7d4    0000000c                                 : _lock.c.obj (.text:_register_unlock)
                  0001b7e0    000000b4     sysbios.aer4ft : BIOS.obj (.text:ti_sysbios_gates_GateMutex_enter__E)
                  0001b894    0000000c                    : arm_IntrinsicsSupport_asm.obj (.text:_ti_sysbios_family_arm_IntrinsicsSupport_maxbitA)
                  0001b8a0    000000b4                    : BIOS.obj (.text:xdc_runtime_LoggerBuf_setFilterLevel__E)
                  0001b954    000000b2     libuart_xwr68xx.aer4f : uartsci_dma.oer4f (.text:UartSci_openDMA)
                  0001ba06    00000002     --HOLE-- [fill = 0]
                  0001ba08    000000b0     libcbuff_xwr68xx.aer4f : cbuff.oer4f (.text:CBUFF_deactivateSession)
                  0001bab8    000000b0     libmmwave_xwr68xx.aer4f : mmwave_fullcfg.oer4f (.text:MMWave_addProfile)
                  0001bb68    000000b0     tracker_utils.oer4f (.text:MmwDemo_CLIBoundaryBoxCfg)
                  0001bc18    000000b0     tracker_utils.oer4f (.text:MmwDemo_CLIStaticBoundaryBoxCfg)
                  0001bcc8    000000b0     mss_main.oer4f (.text:MmwDemo_isAllCfgInNonPendingState)
                  0001bd78    000000b0     libgtrack3D.aer4f : gtrack_utilities_3d.oer4f (.text:gtrack_calcMeasurementLimits)
                  0001be28    000000b0     libmmwavelink_xwr68xx.aer4f : rl_sensor.oer4f (.text:rlSetProfileConfig)
                  0001bed8    00000008     libgtrack3D.aer4f : gtrack_unit_delete.oer4f (.text:gtrack_unitDelete)
                  0001bee0    000000b0     sysbios.aer4ft : BIOS.obj (.text:ti_sysbios_utils_Load_updateLoads__E)
                  0001bf90    000000ae     mmwdemo_adcconfig.oer4f (.text:MmwDemo_ADCBufConfig)
                  0001c03e    00000002     --HOLE-- [fill = 0]
                  0001c040    000000ad     rtsv7R4_T_le_v3D16_eabi.lib : _printfi.c.obj (.text:_ltostr)
                  0001c0ed    00000003     --HOLE-- [fill = 0]
                  0001c0f0    000000ac     libesm_xwr68xx.aer4f : esm.oer4f (.text:ESM_processInterrupt)
                  0001c19c    00000004     libmmwave_xwr68xx.aer4f : mmwave_link.oer4f (.text:MMWave_waitIRQStatus)
                  0001c1a0    000000ac     sysbios.aer4ft : BIOS.obj (.text:ti_sysbios_knl_Task_Module_startup__E)
                  0001c24c    00000004     mss_main.oer4f (.text:MmwDemo_sleep)
                  0001c250    000000ac     sysbios.aer4ft : BIOS.obj (.text:ti_sysbios_utils_Load_startup__E)
                  0001c2fc    000000a8     libadcbuf_xwr68xx.aer4f : adcbuf_mmwave.oer4f (.text:ADCBUF_MMWave_getChanBufAddr)
                  0001c3a4    000000a8     libcli_xwr68xx.aer4f : cli_mmwave.oer4f (.text:CLI_MMWaveExtensionHelp)
                  0001c44c    000000a8     libedma_xwr68xx.aer4f : edma_low_level.oer4f (.text:EDMA3Init)
                  0001c4f4    000000a8     mss_main.oer4f (.text:HeartRate_uartTxTask)
                  0001c59c    000000a8     libmmwave_xwr68xx.aer4f : mmwave_link.oer4f (.text:MMWave_configureProfileChirp)
                  0001c644    000000a8                             : mmwave_fullcfg.oer4f (.text:MMWave_getBpmChirpHandle)
                  0001c6ec    000000a8     tracker_utils.oer4f (.text:MmwDemo_CLIAllocationParamCfg)
                  0001c794    000000a8     libpinmux_xwr68xx.aer4f : pinmux.oer4f (.text:Pinmux_Set_OverrideCtrl)
                  0001c83c    000000a8     libsoc_xwr68xx.aer4f : soc.oer4f (.text:SOC_deregisterSysIntListener)
                  0001c8e4    000000a8     rtsv7R4_T_le_v3D16_eabi.lib : k_sin.c.obj (.text:__kernel_sin)
                  0001c98c    000000a8     libgtrack3D.aer4f : gtrack_utilities_3d.oer4f (.text:gtrack_calcMeasurementSpread)
                  0001ca34    000000a8     libmmwavelink_xwr68xx.aer4f : rl_driver.oer4f (.text:rlDriverWaitForResponse)
                  0001cadc    000000a8                                 : rl_sensor.oer4f (.text:rlSetAdvFrameConfig)
                  0001cb84    0000000c     rtsv7R4_T_le_v3D16_eabi.lib : copy_zero_init.c.obj (.text:decompress:ZI:__TI_zero_init)
                  0001cb90    000000a8     sysbios.aer4ft : BIOS.obj (.text:xdc_runtime_Text_putMod__E)
                  0001cc38    000000a6     libgtrack3D.aer4f : gtrack_utilities_3d.oer4f (.text:gtrack_computeMahalanobis)
                  0001ccde    00000002     --HOLE-- [fill = 0]
                  0001cce0    000000a4     libdma_xwr68xx.aer4f : dma.oer4f (.text:DMA_assignChannel)
                  0001cd84    000000a4     libesm_xwr68xx.aer4f : esm.oer4f (.text:ESM_init)
                  0001ce28    000000a4     libmmwave_xwr68xx.aer4f : mmwave_fullcfg.oer4f (.text:MMWave_addBpmChirp)
                  0001cecc    000000a4                             : mmwave.oer4f (.text:MMWave_start)
                  0001cf70    000000a4     libsoc_xwr68xx.aer4f : soc_xwr68xx_mss.oer4f (.text:SOC_unhaltDSS)
                  0001d014    0000000c     libgtrack3D.aer4f : gtrack_unit_get.oer4f (.text:gtrack_unitGetMCenter)
                  0001d020    000000a2     sysbios.aer4ft : BIOS.obj (.text:xdc_runtime_Text_putSite__E)
                  0001d0c2    00000002     --HOLE-- [fill = 0]
                  0001d0c4    000000a0     libsoc_xwr68xx.aer4f : soc.oer4f (.text:SOC_registerSysIntListener)
                  0001d164    000000a0     auto_init.aer4ft : auto_init.oer4ft (.text)
                  0001d204    0000000c     rtsv7R4_T_le_v3D16_eabi.lib : fputc.c.obj (.text:putchar)
                  0001d210    000000a0     sysbios.aer4ft : BIOS.obj (.text:ti_sysbios_knl_Task_blockI__E)
                  0001d2b0    0000009e     libgtrack3D.aer4f : gtrack_unit_stop.oer4f (.text:gtrack_unitStop)
                  0001d34e    00000002     --HOLE-- [fill = 0]
                  0001d350    0000009c     libmmwave_xwr68xx.aer4f : mmwave_link.oer4f (.text:MMWave_configLink)
                  0001d3ec    0000009c                             : mmwave_fullcfg.oer4f (.text:MMWave_getProfileHandle)
                  0001d488    0000009c     tracker_utils.oer4f (.text:MmwDemo_CLIGatingParamCfg)
                  0001d524    0000009c     mmw_cli.oer4f (.text:MmwDemo_CLIMeasureRangeBiasAndRxChanPhaseCfg)
                  0001d5c0    0000009c     libuart_xwr68xx.aer4f : uartsci.oer4f (.text:UartSci_write)
                  0001d65c    0000009c     rtsv7R4_T_le_v3D16_eabi.lib : memcpy_t2.asm.obj (.text)
                  0001d6f8    00000008     librangeproc_hwa_xwr68xx.aer4f : rangeprochwa.oer4f (.text:rangeProcHWADoneIsrCallback)
                  0001d700    0000009c     sysbios.aer4ft : BIOS.obj (.text:ti_sysbios_family_arm_v7r_vim_Hwi_initIntController__I)
                  0001d79c    00000004     rtsv7R4_T_le_v3D16_eabi.lib : exit.c.obj (.text:abort:abort)
                  0001d7a0    0000009c     sysbios.aer4ft : BIOS.obj (.text:ti_sysbios_family_arm_v7r_vim_Hwi_mapChannel__I)
                  0001d83c    00000004     libgtrack3D.aer4f : gtrack_listlib.oer4f (.text:gtrack_listGetFirst)
                  0001d840    0000009c     sysbios.aer4ft : BIOS.obj (.text:ti_sysbios_knl_Semaphore_Instance_init__E)
                  0001d8dc    0000009a     libdpm_xwr68xx.aer4f : dpm_msg.oer4f (.text:DPM_msgResponseHandler)
                  0001d976    0000009a     libgtrack3D.aer4f : gtrack_math.oer4f (.text:gtrack_matrixMakeSymmetrical)
                  0001da10    00000098     libedma_xwr68xx.aer4f : edma.oer4f (.text:EDMA_configParamSet)
                  0001daa8    00000098     libmmwave_xwr68xx.aer4f : mmwave_fullcfg.oer4f (.text:MMWave_getChirpCfg)
                  0001db40    00000098     mmwdemo_rfparser.oer4f (.text:MmwDemo_RFParser_parseConfig)
                  0001dbd8    00000098     sysbios.aer4ft : vim_Hwi_asm_switch.obj (.text)
                  0001dc70    00000098                    : BIOS.obj (.text:ti_sysbios_utils_Load_taskDeleteHook__E)
                  0001dd08    00000096     libedma_xwr68xx.aer4f : edma.oer4f (.text:EDMA_getErrorStatusInfo)
                  0001dd9e    00000096     libhwa_xwr68xx.aer4f : hwa.oer4f (.text:HWA_configRam)
                  0001de34    00000096     libuart_xwr68xx.aer4f : uartsci.oer4f (.text:UartSci_readChar)
                  0001deca    00000094     libcbuff_xwr68xx.aer4f : cbuff_transfer.oer4f (.text:CBUFF_setupNonInterleaved_ADC)
                  0001df5e    00000002     --HOLE-- [fill = 0]
                  0001df60    00000094     mmw_lvds_stream.oer4f (.text:MmwDemo_LVDSStream_EDMAAllocateCBUFFHwChannel)
                  0001dff4    00000094     mmw_lvds_stream.oer4f (.text:MmwDemo_LVDSStream_EDMAAllocateCBUFFSwChannel)
                  0001e088    00000094     libsoc_xwr68xx.aer4f : soc_xwr68xx.oer4f (.text:SOC_gateClock)
                  0001e11c    00000094     libgtrack3D.aer4f : gtrack_utilities_3d.oer4f (.text:gtrack_calcDistance)
                  0001e1b0    00000094                       : gtrack_math.oer4f (.text:gtrack_matrixCovFilter)
                  0001e244    00000094     libmmwavelink_xwr68xx.aer4f : rl_driver.oer4f (.text:rlDriverDeInit)
                  0001e2d8    00000094                                 : rl_driver.oer4f (.text:rlDriverMsgReadCmdCtx)
                  0001e36c    00000094                                 : rl_driver.oer4f (.text:rlDriverProcRdMsg)
                  0001e400    00000094     sysbios.aer4ft : vim_Hwi_asm.obj (.text:ti_sysbios_family_arm_v7r_vim_Hwi_dispatchIRQ__I)
                  0001e494    00000090     libtrackerproc_xwr68xx.aer4f : trackerproc_3d.oer4f (.text:DPU_trackerProc_updateParamTables)
                  0001e524    00000090     libgpio_xwr68xx.aer4f : gpio.oer4f (.text:GPIO_init)
                  0001e5b4    00000090     libmailbox_xwr68xx.aer4f : mailbox.oer4f (.text:Mailbox_close)
                  0001e644    00000090     libuart_xwr68xx.aer4f : uartsci_dma.oer4f (.text:UartSci_initiateTxDMA)
                  0001e6d4    00000090                           : uartsci.oer4f (.text:UartSci_read)
                  0001e764    00000090     rtsv7R4_T_le_v3D16_eabi.lib : fputc.c.obj (.text:fputc)
                  0001e7f4    0000000c     libmmwavelink_xwr68xx.aer4f : rl_driver.oer4f (.text:rlDriverGetPlatformId)
                  0001e800    00000090     sysbios.aer4ft : BIOS.obj (.text:ti_sysbios_family_arm_v7a_Pmu_startCounter__E)
                  0001e890    00000090                    : BIOS.obj (.text:ti_sysbios_knl_Task_unblockI__E)
                  0001e920    00000090                    : BIOS.obj (.text:xdc_runtime_LoggerBuf_getFilterLevel__E)
                  0001e9b0    0000008e     libgtrack3D.aer4f : gtrack_utilities_3d.oer4f (.text:gtrack_matrixComputePJT)
                  0001ea3e    00000002     --HOLE-- [fill = 0]
                  0001ea40    0000008c     libcli_xwr68xx.aer4f : cli_mmwave.oer4f (.text:CLI_MMWaveDataOutputMode)
                  0001eacc    0000008c     mss_main.oer4f (.text:MmwDemo_edmaOpen)
                  0001eb58    0000008c     libsoc_xwr68xx.aer4f : soc.oer4f (.text:SOC_init)
                  0001ebe4    0000008c                          : soc_xwr68xx.oer4f (.text:SOC_translateAddress)
                  0001ec70    0000008c     libuart_xwr68xx.aer4f : uartsci_dma.oer4f (.text:UartSci_initiateRxDMA)
                  0001ecfc    0000008c     libgtrack3D.aer4f : gtrack_math.oer4f (.text:gtrack_matrixMultiply)
                  0001ed88    0000008c     libmmwavelink_xwr68xx.aer4f : rl_device.oer4f (.text:rlDevicePowerOn)
                  0001ee14    0000008c                                 : rl_driver.oer4f (.text:rlDriverMsgReadSpawnCtx)
                  0001eea0    0000008c     sysbios.aer4ft : BIOS.obj (.text:ti_sysbios_family_arm_v7a_Pmu_getCount__E)
                  0001ef2c    00000004     libgtrack3D.aer4f : gtrack_listlib.oer4f (.text:gtrack_listGetNext)
                  0001ef30    0000008c     sysbios.aer4ft : BIOS.obj (.text:ti_sysbios_family_arm_v7r_vim_Hwi_Instance_finalize__E)
                  0001efbc    00000004     mmw_mss_per4ft.oer4ft (.text:ti_sysbios_BIOS_RtsGateProxy_enter__E)
                  0001efc0    0000008c     sysbios.aer4ft : BIOS.obj (.text:xdc_runtime_Memory_alloc__E)
                  0001f04c    00000088     objdetrangehwa.oer4f (.text:DPC_ObjectDetection_frameStart)
                  0001f0d4    00000088     libhwa_xwr68xx.aer4f : hwa.oer4f (.text:HWA_disableParamSetInterrupt)
                  0001f15c    00000088     libmmwave_xwr68xx.aer4f : mmwave_fullcfg.oer4f (.text:MMWave_getProfileCfg)
                  0001f1e4    00000088     tracker_utils.oer4f (.text:MmwDemo_CLIStateParamCfg)
                  0001f26c    00000088     libgtrack3D.aer4f : gtrack_math.oer4f (.text:gtrack_matrixTransposeMultiply)
                  0001f2f4    00000086     libcbuff_xwr68xx.aer4f : cbuff_edma.oer4f (.text:CBUFF_closeEDMA)
                  0001f37a    00000002     --HOLE-- [fill = 0]
                  0001f37c    00000084     libmmwave_xwr68xx.aer4f : mmwave_dualcore.oer4f (.text:MMWave_deviceCfgAsyncEvent)
                  0001f400    00000084                             : mmwave_dualcore.oer4f (.text:MMWave_deviceEventFxn)
                  0001f484    00000084                             : mmwave_fullcfg.oer4f (.text:MMWave_getNumBpmChirp)
                  0001f508    00000084                             : mmwave.oer4f (.text:MMWave_open)
                  0001f58c    00000084     mmw_cli.oer4f (.text:MmwDemo_CLIExtendedMaxVelocity)
                  0001f610    00000084     libgtrack3D.aer4f : gtrack_utilities_3d.oer4f (.text:gtrack_isPointBehindTarget)
                  0001f694    00000084                       : gtrack_math.oer4f (.text:gtrack_sincosd)
                  0001f718    00000082     libhwa_xwr68xx.aer4f : hwa.oer4f (.text:HWA_paramDoneISR)
                  0001f79a    00000082     libgtrack3D.aer4f : gtrack_math.oer4f (.text:gtrack_matrixCovAcc)
                  0001f81c    00000081     libcbuff_xwr68xx.aer4f : cbuff_edma.oer4f (.text:CBUFF_setupEDMAShadowLink)
                  0001f89d    00000003     --HOLE-- [fill = 0]
                  0001f8a0    00000080     libcli_xwr68xx.aer4f : cli_mmwave.oer4f (.text:CLI_MMWaveChannelCfg)
                  0001f920    00000080     libdpm_xwr68xx.aer4f : dpm_mailbox.oer4f (.text:DPM_mboxRemoteMailboxCallbackFxn)
                  0001f9a0    00000080     libmmwave_xwr68xx.aer4f : mmwave_fullcfg.oer4f (.text:MMWave_getBpmChirpCfg)
                  0001fa20    00000080     mmw_cli.oer4f (.text:MmwDemo_CLIAoAFovCfg)
                  0001faa0    00000080     libsoc_xwr68xx.aer4f : soc.oer4f (.text:SOC_getDeviceRFFreqScaleFactor)
                  0001fb20    00000080     libuart_xwr68xx.aer4f : uartsci.oer4f (.text:UartSci_writePolling)
                  0001fba0    00000080     rtsv7R4_T_le_v3D16_eabi.lib : fflush.c.obj (.text:fflush)
                  0001fc20    00000080     libgtrack3D.aer4f : gtrack_module.oer4f (.text:gtrack_moduleUpdate)
                  0001fca0    00000080                       : gtrack_utilities_3d.oer4f (.text:gtrack_sph2cart)
                  0001fd20    00000080     libmmwavelink_xwr68xx.aer4f : rl_driver.oer4f (.text:rlDriverExecuteGetApi)
                  0001fda0    00000080     sysbios.aer4ft : BIOS.obj (.text:ti_sysbios_timers_rti_Timer_initDevice__I)
                  0001fe20    0000007e     libosal_xwr68xx.aer4f : HwiP_tirtos.oer4f (.text:HwiP_create)
                  0001fe9e    00000002     --HOLE-- [fill = 0]
                  0001fea0    0000007e     libgtrack3D.aer4f : gtrack_math.oer4f (.text:gtrack_matrixPrint)
                  0001ff1e    00000002     --HOLE-- [fill = 0]
                  0001ff20    0000007d     libcbuff_xwr68xx.aer4f : cbuff_lvds.oer4f (.text:CBUFF_initLVDSLinkListParams)
                  0001ff9d    00000003     --HOLE-- [fill = 0]
                  0001ffa0    0000007c     libdpm_xwr68xx.aer4f : dpm_pipe.oer4f (.text:DPM_pipeSend)
                  0002001c    0000007c     libedma_xwr68xx.aer4f : edma.oer4f (.text:EDMA_clearErrors)
                  00020098    0000007c     libmmwave_xwr68xx.aer4f : mmwave_dualcore.oer4f (.text:MMWave_deviceOpenFxn)
                  00020114    0000007c     libmailbox_xwr68xx.aer4f : mailbox.oer4f (.text:Mailbox_init)
                  00020190    0000007c     tracker_utils.oer4f (.text:MmwDemoCLIMaxAccelerationParamCfg)
                  0002020c    0000007c     mmw_lvds_stream.oer4f (.text:MmwDemo_LVDSStream_SwTriggerFrameDone)
                  00020288    0000007c     mss_main.oer4f (.text:MmwDemo_trackerConfig)
                  00020304    0000007c     libuart_xwr68xx.aer4f : uartsci.oer4f (.text:UartSci_readPolling)
                  00020380    0000007c     sysbios.aer4ft : arm_TaskSupport_asm.obj (.text:_ti_sysbios_family_arm_TaskSupport_buildTaskStack)
                  000203fc    00000004     mmw_mss_per4ft.oer4ft (.text:ti_sysbios_BIOS_RtsGateProxy_leave__E)
                  00020400    0000007c     sysbios.aer4ft : BIOS.obj (.text:xdc_runtime_Core_deleteObject__I)
                  0002047c    0000007b     mmw_cli.oer4f (.text:MmwDemo_CLIGetSubframe)
                  000204f7    00000001     --HOLE-- [fill = 0]
                  000204f8    0000007a     rtsv7R4_T_le_v3D16_eabi.lib : _printfi.c.obj (.text:_mcpy)
                  00020572    0000007a                                 : memset_t2.asm.obj (.text)
                  000205ec    00000078     libadcbuf_xwr68xx.aer4f : adcbuf_mmwave.oer4f (.text:ADCBUF_MMWave_getCQBufAddr)
                  00020664    00000078     libcbuff_xwr68xx.aer4f : cbuff_transfer.oer4f (.text:CBUFF_configUserBufferEDMA)
                  000206dc    00000078                            : cbuff.oer4f (.text:CBUFF_setVC)
                  00020754    00000078     libcli_xwr68xx.aer4f : cli_mmwave.oer4f (.text:CLI_MMWaveADCCfg)
                  000207cc    00000078     mss_main.oer4f (.text:HeartRate_resetCtx)
                  00020844    00000078     libmmwave_xwr68xx.aer4f : mmwave_fullcfg.oer4f (.text:MMWave_getNumChirps)
                  000208bc    00000074     objdetrangehwa.oer4f (.text:DPC_ObjectDetection_start)
                  00020930    00000074     libmmwave_xwr68xx.aer4f : mmwave.oer4f (.text:MMWave_config)
                  000209a4    00000074                             : mmwave_dualcore.oer4f (.text:MMWave_deviceStartFxn)
                  00020a18    00000074     rtsv7R4_T_le_v3D16_eabi.lib : fclose.c.obj (.text:__TI_closefile)
                  00020a8c    00000074     boot.aer4ft : boot.oer4ft (.text)
                  00020b00    00000074     rtsv7R4_T_le_v3D16_eabi.lib : s_frexp.c.obj (.text:frexp)
                  00020b74    00000074     libmmwavelink_xwr68xx.aer4f : rl_driver.oer4f (.text:rlDriverAsyncEventHandler)
                  00020be8    00000072     libgtrack3D.aer4f : gtrack_listlib.oer4f (.text:gtrack_listRemoveElement)
                  00020c5a    00000072     libmmwavelink_xwr68xx.aer4f : rl_driver.oer4f (.text:rlDriverClientCbCheck)
                  00020ccc    00000070     libhsiheader_xwr68xx.aer4f : hsiheader.oer4f (.text:HSIHeader_deleteHeader)
                  00020d3c    00000070     libhwa_xwr68xx.aer4f : hwa.oer4f (.text:HWA_getDriverAccess)
                  00020dac    00000070     libmmwave_xwr68xx.aer4f : mmwave_dualcore.oer4f (.text:MMWave_deviceCfgFxn)
                  00020e1c    00000070     mmw_cli.oer4f (.text:MmwDemo_CLIGuiMonSel)
                  00020e8c    00000004     mmw_mss_per4ft.oer4ft (.text:ti_sysbios_family_arm_TaskSupport_Module__startupDone__S)
                  00020e90    00000070     sysbios.aer4ft : BIOS.obj (.text:xdc_runtime_Error_print__E)
                  00020f00    0000006c     libdma_xwr68xx.aer4f : dma.oer4f (.text:DMA_disableChannel)
                  00020f6c    0000006c                          : dma.oer4f (.text:DMA_enableChannel)
                  00020fd8    0000006c     libdpm_xwr68xx.aer4f : dpm_core.oer4f (.text:DPM_relayResult)
                  00021044    0000006c     rtsv7R4_T_le_v3D16_eabi.lib : hostrename.c.obj (.text:HOSTrename)
                  000210b0    0000006c     libmmwave_xwr68xx.aer4f : mmwave_link.oer4f (.text:MMWave_spawn)
                  0002111c    0000006c                             : mmwave_link.oer4f (.text:MMWave_stopLink)
                  00021188    0000006c     mmw_lvds_stream.oer4f (.text:MmwDemo_LVDSStream_EDMAFreeCBUFFHwChannel)
                  000211f4    0000006c     mmw_lvds_stream.oer4f (.text:MmwDemo_LVDSStream_EDMAFreeCBUFFSwChannel)
                  00021260    0000006c     mmw_lvds_stream.oer4f (.text:MmwDemo_LVDSStream_HwTriggerFrameDone)
                  000212cc    0000006c     libpinmux_xwr68xx.aer4f : pinmux.oer4f (.text:Pinmux_Set_FuncSel)
                  00021338    0000006c     rtsv7R4_T_le_v3D16_eabi.lib : copy_decompress_lzss.c.obj (.text:decompress:lzss:__TI_decompress_lzss)
                  000213a4    0000006c     libgtrack3D.aer4f : gtrack_math.oer4f (.text:gtrack_matrixCovNormalize)
                  00021410    0000006a     libuart_xwr68xx.aer4f : uartsci.oer4f (.text:UartSci_control)
                  0002147a    00000002     --HOLE-- [fill = 0]
                  0002147c    00000068     libdpm_xwr68xx.aer4f : dpm_msg.oer4f (.text:DPM_msgDPCCfgHandler)
                  000214e4    00000068     rtsv7R4_T_le_v3D16_eabi.lib : hostlseek.c.obj (.text:HOSTlseek)
                  0002154c    00000068     libmmwave_xwr68xx.aer4f : mmwave_dualcore.oer4f (.text:MMWave_deviceStopFxn)
                  000215b4    00000068     libmailbox_xwr68xx.aer4f : mailbox.oer4f (.text:Mailbox_readFlush)
                  0002161c    00000068     mss_main.oer4f (.text:MmwDemo_convertCfarToLinear)
                  00021684    00000068     libgtrack3D.aer4f : gtrack_utilities_3d.oer4f (.text:gtrack_cart2sph)
                  000216ec    00000068                       : gtrack_utilities_3d.oer4f (.text:gtrack_isPointInsideBox)
                  00021754    00000068     librangeproc_hwa_xwr68xx.aer4f : rangeprochwa.oer4f (.text:rangeProcHWA_ConfigEDMATranspose)
                  000217bc    00000068                                    : rangeprochwa.oer4f (.text:rangeProcHWA_ConfigHWACommon)
                  00021824    00000068     libmmwavelink_xwr68xx.aer4f : rl_driver.oer4f (.text:rlDriverExecuteSetApi)
                  0002188c    00000068                                 : rl_driver.oer4f (.text:rlDriverHostIrqHandler)
                  000218f4    00000067     mss_main.oer4f (.text:MmwDemo_mssSetHsiClk)
                  0002195b    00000001     --HOLE-- [fill = 0]
                  0002195c    00000066     libgtrack3D.aer4f : gtrack_utilities_3d.oer4f (.text:gtrack_computeMahalanobisPartial)
                  000219c2    00000066     libmmwavelink_xwr68xx.aer4f : rl_device.oer4f (.text:rlDevicePowerOff)
                  00021a28    00000064     libcli_xwr68xx.aer4f : cli_mmwave.oer4f (.text:CLI_MMWaveLowPowerCfg)
                  00021a8c    00000064     libedma_xwr68xx.aer4f : edma.oer4f (.text:EDMA_getTransferControllerErrorStatusInfo)
                  00021af0    00000064     libhwa_xwr68xx.aer4f : hwa.oer4f (.text:HWA_getDMAChanIndex)
                  00021b54    00000064     libosal_xwr68xx.aer4f : SemaphoreP_tirtos.oer4f (.text:SemaphoreP_create)
                  00021bb8    00000064     rtsv7R4_T_le_v3D16_eabi.lib : _io_perm.c.obj (.text:__TI_wrt_ok)
                  00021c1c    00000064                                 : fseek.c.obj (.text:fseek)
                  00021c80    00000064     sysbios.aer4ft : exc_Exception_asm.obj (.text:ti_sysbios_family_arm_exc_Exception_initCore0__I)
                  00021ce4    0000000c                    : BIOS.obj (.text:ti_sysbios_family_arm_v7a_Pmu_configureCounterI__I)
                  00021cf0    00000064                    : BIOS.obj (.text:ti_sysbios_family_arm_v7r_vim_Hwi_phantomIntHandler__I)
                  00021d54    0000000c                    : BIOS.obj (.text:ti_sysbios_family_arm_v7a_Pmu_getCountI__E)
                  00021d60    00000064                    : BIOS.obj (.text:ti_sysbios_knl_Clock_logTick__E)
                  00021dc4    0000000c     mmw_mss_per4ft.oer4ft (.text:ti_sysbios_knl_Queue_Object__get__S)
                  00021dd0    00000064     sysbios.aer4ft : BIOS.obj (.text:ti_sysbios_utils_Load_logCPULoad__I)
                  00021e34    0000000a     libadcbuf_xwr68xx.aer4f : ADCBuf.oer4f (.text:ADCBuf_control)
                  00021e3e    00000002     --HOLE-- [fill = 0]
                  00021e40    00000064     sysbios.aer4ft : BIOS.obj (.text:xdc_runtime_Startup_exec__E)
                  00021ea4    00000062     mmw_cli.oer4f (.text:MmwDemo_CLICfarFovCfg)
                  00021f06    00000062     libgtrack3D.aer4f : gtrack_unit_report.oer4f (.text:gtrack_unitReport)
                  00021f68    00000060     libcli_xwr68xx.aer4f : cli_mmwave.oer4f (.text:CLI_MMWaveExtensionHandler)
                  00021fc8    00000060     libosal_xwr68xx.aer4f : DebugP_tirtos.oer4f (.text:DebugP_log2)
                  00022028    00000060                           : DebugP_tirtos.oer4f (.text:DebugP_log3)
                  00022088    00000060     mss_main.oer4f (.text:TrackerDemo_transmitProcessedOutput)
                  000220e8    00000008     libmmwavelink_xwr68xx.aer4f : rl_driver.oer4f (.text:rlDriverConstructOutMsg)
                  000220f0    00000060     sysbios.aer4ft : BIOS.obj (.text:ti_sysbios_heaps_HeapMem_alloc__E)
                  00022150    00000060                    : BIOS.obj (.text:xdc_runtime_Assert_raise__I)
                  000221b0    0000005f                    : BIOS.obj (.text:xdc_runtime_Text_putLab__E)
                  0002220f    00000001     --HOLE-- [fill = 0]
                  00022210    0000005e     libuart_xwr68xx.aer4f : uartsci.oer4f (.text:UartSci_writeChar)
                  0002226e    0000005e     libgtrack3D.aer4f : gtrack_utilities.oer4f (.text:gtrack_unrollRadialVelocity)
                  000222cc    0000005c     rtsv7R4_T_le_v3D16_eabi.lib : hostopen.c.obj (.text:HOSTopen)
                  00022328    0000005c                                 : hostread.c.obj (.text:HOSTread)
                  00022384    0000005c     libmmwave_xwr68xx.aer4f : mmwave_link.oer4f (.text:MMWave_mboxOpen)
                  000223e0    0000005c                             : mmwave.oer4f (.text:MMWave_stop)
                  0002243c    0000005c     libsoc_xwr68xx.aer4f : soc.oer4f (.text:SOC_enableLVDS)
                  00022498    00000008     libmmwavelink_xwr68xx.aer4f : rl_driver.oer4f (.text:rlDriverGetHandle)
                  000224a0    0000005c     sysbios.aer4ft : BIOS.obj (.text:ti_sysbios_utils_Load_updateCurrentThreadTime__E)
                  000224fc    0000005a     libuart_xwr68xx.aer4f : uartsci.oer4f (.text:UartSci_readCancel)
                  00022556    0000005a     libmmwavelink_xwr68xx.aer4f : rl_driver.oer4f (.text:rlDriverCalChkSum)
                  000225b0    00000058     libdpm_xwr68xx.aer4f : dpm_core.oer4f (.text:DPM_execute)
                  00022608    00000058                          : dpm_mailbox.oer4f (.text:DPM_mboxInit)
                  00022660    00000058     libosal_xwr68xx.aer4f : DebugP_tirtos.oer4f (.text:DebugP_log0)
                  000226b8    00000058                           : DebugP_tirtos.oer4f (.text:DebugP_log1)
                  00022710    00000058     libedma_xwr68xx.aer4f : edma_low_level.oer4f (.text:EDMA3EnableChInShadowReg)
                  00022768    00000058     libesm_xwr68xx.aer4f : esm.oer4f (.text:ESM_highpriority_FIQ)
                  000227c0    00000058     rtsv7R4_T_le_v3D16_eabi.lib : hostwrite.c.obj (.text:HOSTwrite)
                  00022818    00000058     libhwa_xwr68xx.aer4f : hwa.oer4f (.text:HWA_getDMAconfig)
                  00022870    00000058     libmmwave_xwr68xx.aer4f : mmwave.oer4f (.text:MMWave_execute)
                  000228c8    00000058                             : mmwave_link.oer4f (.text:MMWave_initCRC)
                  00022920    00000058     mmw_cli.oer4f (.text:MmwDemo_CLISensorStop)
                  00022978    00000058     libuart_xwr68xx.aer4f : uartsci_dma.oer4f (.text:UartSci_closeDMA)
                  000229d0    00000058     rtsv7R4_T_le_v3D16_eabi.lib : close.c.obj (.text:close)
                  00022a28    00000058     libgtrack3D.aer4f : gtrack_utilities_3d.oer4f (.text:gtrack_isInsideBoresightStaticZone)
                  00022a80    00000056     libmmwavelink_xwr68xx.aer4f : rl_driver.oer4f (.text:rlDriverOsiCbCheck)
                  00022ad6    00000002     --HOLE-- [fill = 0]
                  00022ad8    00000054     libcrc_xwr68xx.aer4f : crc.oer4f (.text:CRC_getTransactionId)
                  00022b2c    00000054     libdma_xwr68xx.aer4f : dma.oer4f (.text:DMA_freeChannel)
                  00022b80    00000054     libedma_xwr68xx.aer4f : edma.oer4f (.text:EDMA_error_isr)
                  00022bd4    00000054     libmmwave_xwr68xx.aer4f : mmwave_link.oer4f (.text:MMWave_initLink)
                  00022c28    00000054     mss_main.oer4f (.text:MmwDemo_CfgUpdate)
                  00022c7c    00000054     mss_main.oer4f (.text:MmwDemo_resetStaticCfgPendingState)
                  00022cd0    00000054     rtsv7R4_T_le_v3D16_eabi.lib : _ltoa.c.obj (.text:__TI_ltoa)
                  00022d24    00000054     mmw_mss_per4ft.oer4ft (.text:ti_sysbios_family_arm_v7r_vim_Hwi_create)
                  00022d78    00000008     sysbios.aer4ft : BIOS.obj (.text:ti_sysbios_family_arm_v7a_Pmu_getEnabled__E)
                  00022d80    00000054                    : BIOS.obj (.text:ti_sysbios_heaps_HeapMem_getStats__E)
                  00022dd4    0000000a     libadcbuf_xwr68xx.aer4f : ADCBuf.oer4f (.text:ADCBuf_getChanBufAddr)
                  00022dde    00000002     --HOLE-- [fill = 0]
                  00022de0    00000054     sysbios.aer4ft : BIOS.obj (.text:xdc_runtime_Core_assignLabel__I)
                  00022e34    00000052     libdpedma_hwa_xwr68xx.aer4f : dpedma.oer4f (.text:DPEDMA_setup_shadow_link)
                  00022e86    00000052     rtsv7R4_T_le_v3D16_eabi.lib : _printfi.c.obj (.text:_ecpy)
                  00022ed8    00000052     libgtrack3D.aer4f : gtrack_utilities_3d.oer4f (.text:gtrack_calcDim)
                  00022f2a    00000052                       : gtrack_utilities_3d.oer4f (.text:gtrack_censor2world)
                  00022f7c    00000050     libcrc_xwr68xx.aer4f : crc.oer4f (.text:CRC_getSignature)
                  00022fcc    00000050     libdpm_xwr68xx.aer4f : dpm_core.oer4f (.text:DPM_synch)
                  0002301c    00000050     libedma_xwr68xx.aer4f : edma_low_level.oer4f (.text:EDMA3MapChToEvtQ)
                  0002306c    00000050     libmmwave_xwr68xx.aer4f : mmwave.oer4f (.text:MMWave_sync)
                  000230bc    00000050     mmw_cli.oer4f (.text:MmwDemo_CLIMultiObjBeamForming)
                  0002310c    00000050     rtsv7R4_T_le_v3D16_eabi.lib : _printfi.c.obj (.text:_pconv_f)
                  0002315c    00000050                                 : atoi.c.obj (.text:atoi)
                  000231ac    00000050     libgtrack3D.aer4f : gtrack_utilities_3d.oer4f (.text:gtrack_isInsideSolidAngle)
                  000231fc    00000050                       : gtrack_module.oer4f (.text:gtrack_modulePredict)
                  0002324c    00000050     mss_main.oer4f (.text:mmwDemo_mssDPMTask)
                  0002329c    00000050     libmmwavelink_xwr68xx.aer4f : rl_driver.oer4f (.text:rlDeviceIdentifyCmdDir)
                  000232ec    00000050                                 : rl_driver.oer4f (.text:rlDriverVerifyCRC)
                  0002333c    00000050     rtsv7R4_T_le_v3D16_eabi.lib : u_div32.asm.obj (.text)
                  0002338c    00000004     mmw_mss_per4ft.oer4ft (.text:ti_sysbios_family_arm_v7r_vim_Hwi_delete)
                  00023390    00000050     sysbios.aer4ft : BIOS.obj (.text:xdc_runtime_System_exit__E)
                  000233e0    0000004c     libcli_xwr68xx.aer4f : cli.oer4f (.text:CLI_write)
                  0002342c    0000004c     libedma_xwr68xx.aer4f : edma.oer4f (.text:EDMA_disableChannel)
                  00023478    0000004c                           : edma.oer4f (.text:EDMA_enableChannel)
                  000234c4    0000004c     libhwa_xwr68xx.aer4f : hwa.oer4f (.text:HWA_enableDoneInterrupt)
                  00023510    0000004c     libmailbox_xwr68xx.aer4f : mailbox.oer4f (.text:Mailbox_boxEmptyISRProcessing)
                  0002355c    0000004c     libuart_xwr68xx.aer4f : uartsci.oer4f (.text:UartSci_writeCancel)
                  000235a8    0000004c     rtsv7R4_T_le_v3D16_eabi.lib : fflush.c.obj (.text:__TI_doflush)
                  000235f4    0000004c                                 : cpy_tbl.c.obj (.text:copy_in)
                  00023640    0000004c     sysbios.aer4ft : BIOS.obj (.text:ti_sysbios_family_arm_v7r_vim_Hwi_getStackInfo__E)
                  0002368c    0000004c     mmw_mss_per4ft.oer4ft (.text:ti_sysbios_knl_Task_create)
                  000236d8    00000008     mmw_mss_per4ft.oer4ft (.text:xdc_runtime_Text_visitRope__I)
                  000236e0    0000004c     sysbios.aer4ft : BIOS.obj (.text:ti_sysbios_knl_Task_stat__E)
                  0002372c    00000004     mmw_mss_per4ft.oer4ft (.text:ti_sysbios_heaps_HeapMem_Module_GateProxy_enter__E)
                  00023730    0000004c     sysbios.aer4ft : BIOS.obj (.text:ti_sysbios_utils_Load_taskSwitchHook__E)
                  0002377c    0000004a     libdpm_xwr68xx.aer4f : dpm_mailbox.oer4f (.text:DPM_mboxSendResult)
                  000237c6    0000004a     libmailbox_xwr68xx.aer4f : mailbox.oer4f (.text:Mailbox_boxFullISRProcessing)
                  00023810    0000004a     sysbios.aer4ft : BIOS.obj (.text:xdc_runtime_Core_assignParams__I)
                  0002385a    00000006     objdetrangehwa.oer4f (.text:DPC_ObjDetRangeHwa_GetRangeWinGenLen)
                  00023860    0000004a     sysbios.aer4ft : BIOS.obj (.text:xdc_runtime_Text_xprintf__I)
                  000238aa    00000002     --HOLE-- [fill = 0]
                  000238ac    00000049     mmw_lvds_stream.oer4f (.text:MmwDemo_LVDSStream_EDMAAllocateCBUFFChannel)
                  000238f5    00000001     --HOLE-- [fill = 0]
                  000238f6    00000048     libcbuff_xwr68xx.aer4f : cbuff_transfer.oer4f (.text:CBUFF_setup_USER)
                  0002393e    00000048     libdpm_xwr68xx.aer4f : dpm_pipe.oer4f (.text:DPM_pipeRecv)
                  00023986    00000002     --HOLE-- [fill = 0]
                  00023988    00000048     libhwa_xwr68xx.aer4f : hwa.oer4f (.text:HWA_deleteInstance)
                  000239d0    00000048     libgtrack3D.aer4f : gtrack_module.oer4f (.text:gtrack_moduleAssociate)
                  00023a18    00000048     libmmwavelink_xwr68xx.aer4f : rl_device.oer4f (.text:rlDeviceGetVersion)
                  00023a60    00000048                                 : rl_driver.oer4f (.text:rlDriverOsiInit)
                  00023aa8    00000048     mmw_mss_per4ft.oer4ft (.text:xdc_runtime_LoggerBuf_Object__create__S)
                  00023af0    00000046     libmailbox_xwr68xx.aer4f : mailbox.oer4f (.text:CSL_FINSR)
                  00023b36    00000002     --HOLE-- [fill = 0]
                  00023b38    00000044     libadcbuf_xwr68xx.aer4f : adcbuf_mmwave.oer4f (.text:ADCBUF_MMWave_close)
                  00023b7c    00000044     libcrc_xwr68xx.aer4f : crc.oer4f (.text:CRC_resetSignature)
                  00023bc0    00000044     objdetrangehwa.oer4f (.text:DPC_ObjectDetection_stop)
                  00023c04    00000044     libdpm_xwr68xx.aer4f : dpm_core.oer4f (.text:DPM_start)
                  00023c48    00000044                          : dpm_core.oer4f (.text:DPM_stop)
                  00023c8c    00000044     rtsv7R4_T_le_v3D16_eabi.lib : hostclose.c.obj (.text:HOSTclose)
                  00023cd0    00000044                                 : hostunlink.c.obj (.text:HOSTunlink)
                  00023d14    00000044     libmailbox_xwr68xx.aer4f : mailbox.oer4f (.text:Mailbox_boxFullISRMssDss)
                  00023d58    00000044     libsoc_xwr68xx.aer4f : soc_xwr68xx_mss.oer4f (.text:SOC_resetDMA)
                  00023d9c    00000044     rtsv7R4_T_le_v3D16_eabi.lib : exit.c.obj (.text:exit)
                  00023de0    00000044                                 : getdevice.c.obj (.text:getdevice)
                  00023e24    0000000a     libcbuff_xwr68xx.aer4f : cbuff_lvds.oer4f (.text:CBUFF_deinitLVDS)
                  00023e2e    00000002     --HOLE-- [fill = 0]
                  00023e30    00000044     sysbios.aer4ft : BIOS.obj (.text:ti_sysbios_family_arm_v7r_tms570_Core_Module_startup__E)
                  00023e74    0000000a     libdpm_xwr68xx.aer4f : dpm_core.oer4f (.text:DPM_chirpISR)
                  00023e7e    00000002     --HOLE-- [fill = 0]
                  00023e80    00000044     sysbios.aer4ft : BIOS.obj (.text:ti_sysbios_knl_Task_allBlockedFunction__I)
                  00023ec4    0000000a     libdpm_xwr68xx.aer4f : dpm_core.oer4f (.text:DPM_frameStartISR)
                  00023ece    00000002     --HOLE-- [fill = 0]
                  00023ed0    00000044     sysbios.aer4ft : BIOS.obj (.text:xdc_runtime_LoggerBuf_Module_startup__E)
                  00023f14    0000000a     libosal_xwr68xx.aer4f : MemoryP_tirtos.oer4f (.text:MemoryP_ctrlFree)
                  00023f1e    00000002     --HOLE-- [fill = 0]
                  00023f20    00000044     sysbios.aer4ft : BIOS.obj (.text:xdc_runtime_System_atexit__E)
                  00023f64    00000042     libcbuff_xwr68xx.aer4f : cbuff_lvds.oer4f (.text:CBUFF_closeLVDS)
                  00023fa6    00000042     libedma_xwr68xx.aer4f : edma.oer4f (.text:EDMA_transferController_error_isr)
                  00023fe8    00000042     libhwa_xwr68xx.aer4f : hwa.oer4f (.text:HWA_reset)
                  0002402a    00000042     libmmwave_xwr68xx.aer4f : mmwave_link.oer4f (.text:MMWave_executeLink)
                  0002406c    00000042     libgtrack3D.aer4f : gtrack_module.oer4f (.text:gtrack_moduleReport)
                  000240ae    00000042     libmmwavelink_xwr68xx.aer4f : rl_controller.oer4f (.text:rlGetSubBlock)
                  000240f0    00000040     libedma_xwr68xx.aer4f : edma.oer4f (.text:EDMA_linkParamSets)
                  00024130    00000040     libhwa_xwr68xx.aer4f : hwa.oer4f (.text:HWA_getHWAMemInfo)
                  00024170    00000040     mmw_cli.oer4f (.text:MmwDemo_CLIClutterRemoval)
                  000241b0    00000040     mss_main.oer4f (.text:MmwDemo_mmWaveCtrlTask)
                  000241f0    00000040     rtsv7R4_T_le_v3D16_eabi.lib : _printfi.c.obj (.text:_fcpy)
                  00024230    00000040     libgtrack3D.aer4f : gtrack_math.oer4f (.text:gtrack_matrixSetDiag)
                  00024270    00000040     libmmwavelink_xwr68xx.aer4f : rl_driver.oer4f (.text:rlDriverValidateHdr)
                  000242b0    00000040     rtsv7R4_T_le_v3D16_eabi.lib : sprintf.c.obj (.text:sprintf)
                  000242f0    00000040                                 : strtok.c.obj (.text:strtok)
                  00024330    00000040     sysbios.aer4ft : BIOS.obj (.text:ti_sysbios_timers_rti_Timer_stop__E)
                  00024370    00000040     rtsv7R4_T_le_v3D16_eabi.lib : vsnprintf.c.obj (.text:vsnprintf)
                  000243b0    0000003e     libadcbuf_xwr68xx.aer4f : adcbuf_mmwave.oer4f (.text:CSL_FINSR)
                  000243ee    0000003e     libcbuff_xwr68xx.aer4f : cbuff.oer4f (.text:CSL_FINSR)
                  0002442c    0000003e                            : cbuff_lvds.oer4f (.text:CSL_FINSR)
                  0002446a    0000003e     libcrc_xwr68xx.aer4f : crc.oer4f (.text:CSL_FINSR)
                  000244a8    0000003e     libdma_xwr68xx.aer4f : dma.oer4f (.text:CSL_FINSR)
                  000244e6    0000003e     libgpio_xwr68xx.aer4f : gpio.oer4f (.text:CSL_FINSR)
                  00024524    0000003e     libhwa_xwr68xx.aer4f : hwa.oer4f (.text:CSL_FINSR)
                  00024562    0000003e     libpinmux_xwr68xx.aer4f : pinmux.oer4f (.text:CSL_FINSR)
                  000245a0    0000003e     libsoc_xwr68xx.aer4f : soc.oer4f (.text:CSL_FINSR)
                  000245de    0000003e                          : soc_xwr68xx.oer4f (.text:CSL_FINSR)
                  0002461c    0000003e                          : soc_xwr68xx_mss.oer4f (.text:CSL_FINSR)
                  0002465a    0000003e     libuart_xwr68xx.aer4f : uartsci.oer4f (.text:CSL_FINSR)
                  00024698    0000003e     libdpm_xwr68xx.aer4f : dpm_msg.oer4f (.text:DPM_msgStopHandler)
                  000246d6    0000003e     libhwa_xwr68xx.aer4f : hwa.oer4f (.text:HWA_enable)
                  00024714    0000003e     libmmwave_xwr68xx.aer4f : mmwave.oer4f (.text:MMWave_decodeError)
                  00024752    0000003e     libuart_xwr68xx.aer4f : uartsci.oer4f (.text:UartSci_close)
                  00024790    0000003e     mmwdemo_monitor.oer4f (.text:mmwDemo_cfgAnalogMonitor)
                  000247ce    0000003c     libcbuff_xwr68xx.aer4f : cbuff_transfer.oer4f (.text:CBUFF_configCQEDMA)
                  0002480a    00000002     --HOLE-- [fill = 0]
                  0002480c    0000003c     libcli_xwr68xx.aer4f : cli_mmwave.oer4f (.text:CLI_MMWaveFlushCfg)
                  00024848    0000003c     libedma_xwr68xx.aer4f : edma.oer4f (.text:EDMA_chainChannels)
                  00024884    0000003c     libmailbox_xwr68xx.aer4f : mailbox.oer4f (.text:Mailbox_writeReset)
                  000248c0    0000003c     mss_main.oer4f (.text:MmwDemo_EDMA_errorCallbackFxn)
                  000248fc    0000003c     mss_main.oer4f (.text:MmwDemo_EDMA_transferControllerErrorCallbackFxn)
                  00024938    0000003c     libsoc_xwr68xx.aer4f : soc.oer4f (.text:SOC_unhaltBSS)
                  00024974    0000003c     rtsv7R4_T_le_v3D16_eabi.lib : trgmsg.c.obj (.text:__TI_writemsg)
                  000249b0    0000003c     sysbios.aer4ft : vim_Hwi_asm.obj (.text:ti_sysbios_family_arm_v7r_vim_Hwi_init__I)
                  000249ec    00000004     mmw_mss_per4ft.oer4ft (.text:ti_sysbios_heaps_HeapMem_Module_GateProxy_leave__E)
                  000249f0    0000003c     sysbios.aer4ft : BIOS.obj (.text:ti_sysbios_hal_Hwi_checkStack)
                  00024a2c    00000004     mmw_mss_per4ft.oer4ft (.text:ti_sysbios_knl_Clock_TimerProxy_getMaxTicks__E)
                  00024a30    0000003c     sysbios.aer4ft : BIOS.obj (.text:ti_sysbios_heaps_HeapMem_init__I)
                  00024a6c    0000003a     libhwa_xwr68xx.aer4f : hwa.oer4f (.text:HWA_setDMA2ACCManualTrig)
                  00024aa6    00000002     --HOLE-- [fill = 0]
                  00024aa8    0000003a     libosal_xwr68xx.aer4f : HwiP_tirtos.oer4f (.text:HwiP_delete)
                  00024ae2    00000038     libcbuff_xwr68xx.aer4f : cbuff_transfer.oer4f (.text:CBUFF_addUserBufferLLEntry)
                  00024b1a    00000038                            : cbuff_transfer.oer4f (.text:CBUFF_setupHeader)
                  00024b52    00000002     --HOLE-- [fill = 0]
                  00024b54    00000038     libcli_xwr68xx.aer4f : cli_mmwave.oer4f (.text:CLI_MMWaveExtensionInit)
                  00024b8c    00000038     objdetrangehwa.oer4f (.text:DPC_ObjectDetection_deinit)
                  00024bc4    00000038     libdpm_xwr68xx.aer4f : dpm_core.oer4f (.text:DPM_notifyExecute)
                  00024bfc    00000038     libedma_xwr68xx.aer4f : edma_low_level.oer4f (.text:EDMA3ClrMissEvt)
                  00024c34    00000038     libuart_xwr68xx.aer4f : UART.oer4f (.text:UART_init)
                  00024c6c    00000036     libmmwavelink_xwr68xx.aer4f : rl_controller.oer4f (.text:rlAppendSubBlock)
                  00024ca2    00000036     rtsv7R4_T_le_v3D16_eabi.lib : ull_tofs_t2.asm.obj (.text)
                  00024cd8    00000036                                 : strncpy.c.obj (.text:strncpy)
                  00024d0e    00000002     --HOLE-- [fill = 0]
                  00024d10    00000034     libadcbuf_xwr68xx.aer4f : ADCBuf.oer4f (.text:ADCBuf_open)
                  00024d44    00000034     libedma_xwr68xx.aer4f : edma.oer4f (.text:EDMA_configTransferControllerError)
                  00024d78    00000034     libhwa_xwr68xx.aer4f : hwa.oer4f (.text:HWA_disableDoneInterrupt)
                  00024dac    00000034     libmmwave_xwr68xx.aer4f : mmwave_link.oer4f (.text:MMWave_mboxWrite)
                  00024de0    00000034     libsoc_xwr68xx.aer4f : soc_xwr68xx.oer4f (.text:SOC_enableHWA)
                  00024e14    00000034                          : soc_xwr68xx_mss.oer4f (.text:SOC_hasDSPCore)
                  00024e48    00000034                          : soc_xwr68xx.oer4f (.text:SOC_setMMWaveDSSLinkState)
                  00024e7c    00000034                          : soc_xwr68xx.oer4f (.text:SOC_setMMWaveMSSLinkState)
                  00024eb0    00000034                          : soc_xwr68xx.oer4f (.text:SOC_setMSSLinkState)
                  00024ee4    00000034     libuart_xwr68xx.aer4f : UART.oer4f (.text:UART_open)
                  00024f18    00000034     rtsv7R4_T_le_v3D16_eabi.lib : fopen.c.obj (.text:__TI_cleanup)
                  00024f4c    00000034                                 : trgmsg.c.obj (.text:__TI_readmsg)
                  00024f80    00000034                                 : getdevice.c.obj (.text:finddevice)
                  00024fb4    0000000a     libosal_xwr68xx.aer4f : SemaphoreP_tirtos.oer4f (.text:SemaphoreP_post)
                  00024fbe    00000002     --HOLE-- [fill = 0]
                  00024fc0    00000034     sysbios.aer4ft : BIOS.obj (.text:ti_sysbios_family_arm_a15_TimestampProvider_get64__E)
                  00024ff4    00000034     mmw_mss_per4ft.oer4ft (.text:ti_sysbios_knl_Semaphore_create)
                  00025028    00000032     libcrc_xwr68xx.aer4f : crc.oer4f (.text:CRC_getCRCDataSelectBitValue)
                  0002505a    00000002     --HOLE-- [fill = 0]
                  0002505c    00000032                          : crc.oer4f (.text:CRC_getCRCTypeBitValue)
                  0002508e    00000032     libedma_xwr68xx.aer4f : edma.oer4f (.text:EDMA_configQueueThreshold)
                  000250c0    00000032     libhwa_xwr68xx.aer4f : hwa.oer4f (.text:HWA_allParamDoneISR)
                  000250f2    0000000e     mss_main.oer4f (.text:HeartRate_findPeakFrequency)
                  00025100    00000032     sysbios.aer4ft : BIOS.obj (.text:ti_sysbios_hal_Hwi_initStack)
                  00025132    00000002     --HOLE-- [fill = 0]
                  00025134    00000030     libadcbuf_xwr68xx.aer4f : ADCBuf.oer4f (.text:ADCBuf_init)
                  00025164    00000030     libcbuff_xwr68xx.aer4f : cbuff_transfer.oer4f (.text:CBUFF_addCQLLEntry)
                  00025194    00000030     libmmwave_xwr68xx.aer4f : mmwave_listlib.oer4f (.text:MMWave_listRemoveNode)
                  000251c4    00000030     libsoc_xwr68xx.aer4f : soc.oer4f (.text:SOC_getDevicePartNumber)
                  000251f4    00000030     rtsv7R4_T_le_v3D16_eabi.lib : vsnprintf.c.obj (.text:_outs)
                  00025224    00000030     libgtrack3D.aer4f : gtrack_math.oer4f (.text:gtrack_matrixAdd)
                  00025254    00000030                       : gtrack_math.oer4f (.text:gtrack_matrixSub)
                  00025284    00000030     libmmwavelink_xwr68xx.aer4f : rl_sensor.oer4f (.text:rlSensorStart)
                  000252b4    00000030     mmw_mss_per4ft.oer4ft (.text:ti_sysbios_BIOS_startFunc__I)
                  000252e4    0000000a     libuart_xwr68xx.aer4f : UART.oer4f (.text:UART_read)
                  000252ee    00000002     --HOLE-- [fill = 0]
                  000252f0    00000030     sysbios.aer4ft : BIOS.obj (.text:ti_sysbios_family_arm_TaskSupport_start__E)
                  00025320    00000030     mmw_mss_per4ft.oer4ft (.text:ti_sysbios_gates_GateHwi_Object__create__S)
                  00025350    00000030     mmw_mss_per4ft.oer4ft (.text:ti_sysbios_gates_GateMutex_Object__create__S)
                  00025380    00000030     mmw_mss_per4ft.oer4ft (.text:ti_sysbios_heaps_HeapMem_Object__create__S)
                  000253b0    00000030     sysbios.aer4ft : BIOS.obj (.text:ti_sysbios_heaps_HeapMem_free__E)
                  000253e0    00000030     mmw_mss_per4ft.oer4ft (.text:ti_sysbios_knl_Semaphore_construct)
[...]
000294e4  ti_sysbios_knl_Task_Module__diagsMask__C                             
000294e8  ti_sysbios_knl_Task_Module__loggerFxn2__C                            
000294ec  ti_sysbios_knl_Task_Module__loggerFxn4__C                            
000294f0  ti_sysbios_knl_Task_Module__loggerObj__C                             
000294f4  ti_sysbios_knl_Task_Object__count__C                                 
000294f8  ti_sysbios_knl_Task_Object__heap__C                                  
000294fc  ti_sysbios_knl_Task_allBlockedFunc__C                                
00029500  ti_sysbios_knl_Task_defaultStackHeap__C                              
00029504  ti_sysbios_knl_Task_defaultStackSize__C                              
00029508  ti_sysbios_knl_Task_numConstructedTasks__C                           
0002950c  ti_sysbios_timers_rti_Timer_E_cannotSupport__C                       
00029510  ti_sysbios_timers_rti_Timer_Module__diagsEnabled__C                  
00029514  ti_sysbios_timers_rti_Timer_Module__diagsIncluded__C                 
00029518  ti_sysbios_timers_rti_Timer_Module__diagsMask__C                     
0002951c  ti_sysbios_timers_rti_Timer_numTimerDevices__C                       
00029520  ti_sysbios_timers_rti_Timer_startupNeeded__C                         
00029524  ti_sysbios_utils_Load_LS_cpuLoad__C                                  
00029528  ti_sysbios_utils_Load_LS_taskLoad__C                                 
0002952c  ti_sysbios_utils_Load_Module_State_taskList__O                       
00029530  ti_sysbios_utils_Load_Module__diagsEnabled__C                        
00029534  ti_sysbios_utils_Load_Module__diagsIncluded__C                       
00029538  ti_sysbios_utils_Load_Module__diagsMask__C                           
0002953c  ti_sysbios_utils_Load_Module__loggerFxn1__C                          
00029540  ti_sysbios_utils_Load_Module__loggerFxn4__C                          
00029544  ti_sysbios_utils_Load_Module__loggerObj__C                           
00029548  ti_sysbios_utils_Load_postUpdate__C                                  
0002954c  ti_sysbios_utils_Load_windowInMs__C                                  
00029550  xdc_runtime_Assert_E_assertFailed__C                                 
00029554  xdc_runtime_Core_A_initializedParams__C                              
00029558  xdc_runtime_Core_Module__diagsEnabled__C                             
0002955c  xdc_runtime_Core_Module__diagsIncluded__C                            
00029560  xdc_runtime_Core_Module__diagsMask__C                                
00029564  xdc_runtime_Error_E_memory__C                                        
00029568  xdc_runtime_Error_Module__diagsEnabled__C                            
0002956c  xdc_runtime_Error_Module__diagsIncluded__C                           
00029570  xdc_runtime_Error_Module__diagsMask__C                               
00029574  xdc_runtime_Error_Module__loggerFxn8__C                              
00029578  xdc_runtime_Error_Module__loggerObj__C                               
0002957c  xdc_runtime_Error_policyFxn__C                                       
00029580  xdc_runtime_Error_policy__C                                          
00029584  xdc_runtime_Error_raiseHook__C                                       
00029588  xdc_runtime_IFilterLogger_Interface__BASE__C                         
0002958c  xdc_runtime_IGateProvider_Interface__BASE__C                         
00029590  xdc_runtime_IHeap_Interface__BASE__C                                 
00029594  xdc_runtime_ILogger_Interface__BASE__C                               
00029598  xdc_runtime_IModule_Interface__BASE__C                               
0002959c  xdc_runtime_Log_L_error__C                                           
000295a0  xdc_runtime_LoggerBuf_E_badLevel__C                                  
000295a4  xdc_runtime_LoggerBuf_Module__gateObj__C                             
000295a8  xdc_runtime_LoggerBuf_Object__count__C                               
000295ac  xdc_runtime_LoggerBuf_statusLogger__C                                
000295b0  xdc_runtime_Main_Module__diagsEnabled__C                             
000295b4  xdc_runtime_Main_Module__diagsIncluded__C                            
000295b8  xdc_runtime_Main_Module__diagsMask__C                                
000295bc  xdc_runtime_Main_Module__loggerFxn1__C                               
000295c0  xdc_runtime_Main_Module__loggerFxn2__C                               
000295c4  xdc_runtime_Main_Module__loggerFxn4__C                               
000295c8  xdc_runtime_Main_Module__loggerObj__C                                
000295cc  xdc_runtime_Memory_defaultHeapInstance__C                            
000295d0  xdc_runtime_Startup_execImpl__C                                      
000295d4  xdc_runtime_Startup_maxPasses__C                                     
000295d8  xdc_runtime_Startup_sfxnRts__C                                       
000295dc  xdc_runtime_Startup_sfxnTab__C                                       
000295e0  xdc_runtime_System_Module__gateObj__C                                
000295e4  xdc_runtime_System_abortFxn__C                                       
000295e8  xdc_runtime_System_exitFxn__C                                        
000295ec  xdc_runtime_System_extendFxn__C                                      
000295f0  xdc_runtime_System_maxAtexitHandlers__C                              
000295f4  xdc_runtime_Text_charTab__C                                          
000295f8  xdc_runtime_Text_nameEmpty__C                                        
000295fc  xdc_runtime_Text_nameStatic__C                                       
00029600  xdc_runtime_Text_nameUnknown__C                                      
00029604  xdc_runtime_Text_visitRopeFxn__C                                     
00029608  ti_sysbios_family_arm_v7r_tms570_Core_Module__id__C                  
0002960a  ti_sysbios_family_arm_v7r_vim_Hwi_Module__id__C                      
0002960c  ti_sysbios_family_arm_v7r_vim_Hwi_Module__loggerDefined__C           
0002960e  ti_sysbios_gates_GateMutex_Module__id__C                             
00029610  ti_sysbios_hal_Hwi_Module__id__C                                     
00029612  ti_sysbios_heaps_HeapMem_Module__id__C                               
00029614  ti_sysbios_knl_Clock_Module__id__C                                   
00029616  ti_sysbios_knl_Clock_Module__loggerDefined__C                        
00029618  ti_sysbios_knl_Semaphore_Module__id__C                               
0002961a  ti_sysbios_knl_Semaphore_Module__loggerDefined__C                    
0002961c  ti_sysbios_knl_Task_Module__id__C                                    
0002961e  ti_sysbios_knl_Task_Module__loggerDefined__C                         
00029620  ti_sysbios_timers_rti_Timer_Module__id__C                            
00029622  ti_sysbios_timers_rti_Timer_continueOnSuspend__C                     
00029624  ti_sysbios_utils_Load_Module__id__C                                  
00029626  ti_sysbios_utils_Load_Module__loggerDefined__C                       
00029628  ti_sysbios_utils_Load_autoAddTasks__C                                
0002962a  ti_sysbios_utils_Load_updateInIdle__C                                
0002962c  xdc_runtime_Core_Module__id__C                                       
0002962e  xdc_runtime_Error_Module__loggerDefined__C                           
00029630  xdc_runtime_Error_maxDepth__C                                        
00029632  xdc_runtime_LoggerBuf_Module__id__C                                  
00029634  xdc_runtime_LoggerBuf_filterByLevel__C                               
00029636  xdc_runtime_Main_Module__id__C                                       
00029638  xdc_runtime_Main_Module__loggerDefined__C                            
0002963a  xdc_runtime_Memory_Module__id__C                                     
0002963c  xdc_runtime_Text_charCnt__C                                          
0002963e  xdc_runtime_Text_isLoaded__C                                         
00029640  xdc_runtime_Text_registryModsLastId__C                               
00029642  xdc_runtime_Text_unnamedModsLastId__C                                
00029648  __TI_static_base__                                                   
00029bd8  __TI_Handler_Table_Base                                              
00029be4  __TI_Handler_Table_Limit                                             
00029c10  __TI_CINIT_Base                                                      
00029c40  __TI_CINIT_Limit                                                     
08000000  __start___llvm_prf_cnts                                              
08000000  __stop___llvm_prf_cnts                                               
08000000  ti_sysbios_heaps_HeapMem_Instance_State_0_buf__A                     
08018000  numObjOutCollect                                                     
08018004  gRFLdoBypassCfg                                                      
0801818c  objOutSideInfoCollect                                                
08018960  gMmwMssMCB                                                           
08019268  objOutCollect                                                        
0801b1a8  objOutSphCollect                                                     
08025bf8  rl_txMsg                                                             
08025cf8  rl_rxMsg                                                             
08025fe0  appStateParamTable                                                   
08026010  appGatingParamTable                                                  
08026060  appAllocationParamTable                                              
080260c0  appPresenceParamTable                                                
080261b0  appSceneryParamTable                                                 
080263a0  gCLI_mmwave_freq_scale_factor                                        
080263a8  gCLIMMWaveOpenCfg                                                    
080263d0  gCLIMMWaveExtensionTable                                             
08026478  gCLIMMWaveControlCfg                                                 
08026544  partInfoStringArray                                                  
08026728  ti_sysbios_family_arm_v7r_vim_Hwi_Module_State_0_dispatchTable__A    
08026928  _ftable                                                              
08026a18  ti_sysbios_utils_Load_Module__state__V                               
08026ab0  ti_sysbios_knl_Task_Module_State_0_readyQ__A                         
08026b30  _device                                                              
08026ba8  gCBUFFHwAttribute                                                    
08026c20  ti_sysbios_knl_Task_Object__table__V                                 
08026c7c  gUartSciHwCfg                                                        
08026cd4  _stream                                                              
08026d24  gMailboxMCB                                                          
08026d74  ti_sysbios_knl_Task_Module__state__V                                 
08026dbc  SOC_TranslateAddr_LUT                                                
08026dfc  ti_sysbios_gates_GateMutex_Object__table__V                          
08026e3c  ti_sysbios_timers_rti_Timer_Object__table__V                         
08026e78  gCBUFFInterfaceFxn                                                   
08026eb0  ti_sysbios_family_arm_v7r_vim_Hwi_Module__state__V                   
08026ee4  gHWAHwCfg                                                            
08026f14  ti_sysbios_family_arm_v7r_vim_Hwi_Object__table__V                   
08026f40  ti_sysbios_knl_Clock_Module__state__V                                
08026f6c  gUartSciFxnTable                                                     
08026f94  UART_config                                                          
08026fb8  gDPC_ObjDetRangeHWACfg                                               
08026fdc  ti_sysbios_BIOS_Module__state__V                                     
08027000  xdc_runtime_LoggerBuf_Object__table__V                               
08027024  gHWADriverPtr                                                        
08027028  gSOCHwAttrib                                                         
08027048  ti_sysbios_knl_Clock_Object__table__V                                
08027068  xdc_runtime_Error_IgnoreBlock                                        
08027088  xdc_runtime_System_Module_State_0_atexitHandlers__A                  
080270a8  ti_sysbios_utils_Load_Module_State_0_taskEnv__A                      
080270c4  ADCBuf_config                                                        
080270dc  gInterleavedTransferFxn                                              
080270f4  gMailboxMssBssHwCfg                                                  
0802710c  gMailboxMssDssHwCfg                                                  
08027124  gMultipleChirpNonInterleavedTransferFxn                              
0802713c  gNonInterleavedTransferFxn                                           
08027154  ti_sysbios_heaps_HeapMem_Object__table__V                            
0802716c  ti_sysbios_timers_rti_Timer_Module_State_0_device__A                 
08027184  gDPMRemoteTable                                                      
08027198  ti_sysbios_family_arm_exc_Exception_Module__state__V                 
080271ac  gHwaEDMAChanMapping                                                  
080271bc  __TI_ft_end                                                          
080271c0  __aeabi_stdin                                                        
080271c4  __aeabi_stdout                                                       
080271c8  __aeabi_stderr                                                       
080271cc  ti_sysbios_timers_rti_Timer_Module_State_0_intFreqs__A               
080271dc  ti_sysbios_timers_rti_Timer_Module__state__V                         
080271ec  __TI_cleanup_ptr                                                     
080271f0  __TI_dtors_ptr                                                       
080271f4  __TI_enable_exit_profile_output                                      
080271f8  gESMHwCfgAttrs                                                       
08027204  ti_sysbios_family_arm_v7a_Pmu_Module__state__V                       
08027210  ti_sysbios_knl_Task_Module__root__V                                  
0802721c  _lock                                                                
08027220  _unlock                                                              
08027224  MmwDemo_RFParserHwCfg                                                
0802722c  gDPMHwAttrib                                                         
08027234  gGPIOHwAtrrib                                                        
08027244  ti_sysbios_family_arm_v7r_vim_Hwi_Module__root__V                    
0802724c  ti_sysbios_gates_GateHwi_Module__root__V                             
08027254  ti_sysbios_gates_GateMutex_Module__root__V                           
0802725c  ti_sysbios_hal_Hwi_Object__table__V                                  
08027264  ti_sysbios_heaps_HeapMem_Module__root__V                             
0802726c  ti_sysbios_knl_Queue_Module__root__V                                 
08027274  ti_sysbios_knl_Semaphore_Module__root__V                             
0802727c  ti_sysbios_timers_rti_Timer_Module_State_0_handles__A                
08027284  xdc_runtime_LoggerBuf_Module__root__V                                
0802728c  xdc_runtime_Registry_Module__state__V                                
08027294  xdc_runtime_Startup_Module__state__V                                 
0802729c  xdc_runtime_System_Module__state__V                                  
080272a4  xdc_runtime_LoggerBuf_Module__state__V                               
080272aa  ti_sysbios_family_arm_exc_Exception_Module_State_0_excActive__A      
080272b0  gCRCRegister                                                         
080272b4  gDPM                                                                 
080272b8  regionId                                                             
080272bc  gPinmuxRegs                                                          
080272c4  errno                                                                
080272c8  main_func_sp                                                         
080272d0  ti_sysbios_family_arm_a15_TimestampProvider_Module__state__V         
080272d4  ti_sysbios_family_arm_exc_Exception_Module_State_0_excContext__A     
080272d8  ti_sysbios_family_arm_exc_Exception_Module_State_0_excStackBuffers__A
080272dc  ti_sysbios_family_arm_exc_Exception_Module_State_0_excStack__A       
080272e0  ti_sysbios_gates_GateHwi_Object__table__V                            
080272e4  ti_sysbios_heaps_HeapBuf_Module__state__V                            
080272e8  ti_sysbios_knl_Task_Module_State_0_idleTask__A                       
080272ec  ti_sysbios_utils_Load_Module_State_0_runningTask__A                  
080272f0  ti_sysbios_utils_Load_Module_State_0_taskStartTime__A                
080272f4  gGtrackMemoryUsed                                                    
080272f8  xdc_runtime_Memory_Module__state__V                                  
080272fc  xdc_runtime_Error_Module__state__V                                   
080272fe  xdc_runtime_Main_Module__root__V                                     
08027300  xdc_runtime_LoggerBuf_Instance_State_0_entryArr__A                   
08028c00  ti_sysbios_family_arm_exc_Exception_Module_State_0_excStack_0__A     
08029c00  edmaDbg                                                              
0802a308  ti_sysbios_knl_Task_Instance_State_0_stack__A                        
0802a628  gCLI                                                                 
0802a7d0  gGPIOMCB                                                             
0802a964  __CIOBUF_                                                            
0802aa84  gMMWave_MCB                                                          
0802ab84  __TI_tmpnams                                                         
0802ac24  gObjDetObj                                                           
0802ac28  gHSIHeaderMCB                                                        
0802acb8  gEsmMCB                                                              
0802ad28  gMMWave_DualcoreMCB                                                  
0802ad30  parmbuf                                                              
0802ad38  ti_sysbios_knl_Task_Instance_State_0_hookEnv__A                      
0802ad3c  gDPCTCM                                                              
0802bd40  ti_sysbios_family_arm_v7r_vim_Hwi_Module_State_0_fiqStack__A         
0802c540  __stack                                                              
0802cd40  __STACK_END                                                          
51000000  gMmwL3                                                               
fffffdec  ti_sysbios_family_arm_v7r_vim_Hwi_vim                                
ffffffff  __TI_pprof_out_hndl                                                  
ffffffff  __TI_prof_data_size                                                  
ffffffff  __TI_prof_data_start                                                 
ffffffff  __binit__                                                            
ffffffff  __c_args__                                                           
ffffffff  binit                                                                
UNDEFED   SHT$$INIT_ARRAY$$Base                                                
UNDEFED   SHT$$INIT_ARRAY$$Limit                                               

[1257 symbols]
